ui: held chord releases its original track after every selection transition    ok
ui: held solo crosses banks without moving or leaving a stale solo             ok
ui: held FX mute survives selection and releases only its original owner       ok
ui: held chord releases its original track after every selection transition    ok
ui: held solo crosses banks without moving or leaving a stale solo             ok
ui: held FX mute survives selection and releases only its original owner       ok
ui: held chord releases its original track after every selection transition    ok
ui: held solo crosses banks without moving or leaving a stale solo             ok
ui: held FX mute survives selection and releases only its original owner       ok
ui: held chord releases its original track after every selection transition    ok
ui: held solo crosses banks without moving or leaving a stale solo             ok
ui: held FX mute survives selection and releases only its original owner       ok
ui: held chord releases its original track after every selection transition    ok
ui: held solo crosses banks without moving or leaving a stale solo             ok
ui: held FX mute survives selection and releases only its original owner       ok
ui: held chord releases its original track after every selection transition    ok
ui: held solo crosses banks without moving or leaving a stale solo             ok
ui: held FX mute survives selection and releases only its original owner       ok
ui: held chord releases its original track after every selection transition    ok
ui: held solo crosses banks without moving or leaving a stale solo             ok
ui: held FX mute survives selection and releases only its original owner       ok
ui: held chord releases its original track after every selection transition    ok
ui: held solo crosses banks without moving or leaving a stale solo             ok
ui: held FX mute survives selection and releases only its original owner       ok
ui: held chord releases its original track after every selection transition    ok
ui: held solo crosses banks without moving or leaving a stale solo             ok
ui: held FX mute survives selection and releases only its original owner       ok
ui: held chord releases its original track after every selection transition    ok
ui: held solo crosses banks without moving or leaving a stale solo             ok
ui: held FX mute survives selection and releases only its original owner       ok
ui: held chord releases its original track after every selection transition    ok
ui: held solo crosses banks without moving or leaving a stale solo             ok
ui: held FX mute survives selection and releases only its original owner       ok
ui: held chord releases its original track after every selection transition    ok
ui: held solo crosses banks without moving or leaving a stale solo             ok
ui: held FX mute survives selection and releases only its original owner       ok
ui: held chord releases its original track after every selection transition    ok
ui: held solo crosses banks without moving or leaving a stale solo             ok
ui: held FX mute survives selection and releases only its original owner       ok
ui: held chord releases its original track after every selection transition    ok
ui: held solo crosses banks without moving or leaving a stale solo             ok
ui: held FX mute survives selection and releases only its original owner       ok
ui: held chord releases its original track after every selection transition    ok
ui: held solo crosses banks without moving or leaving a stale solo             ok
ui: held FX mute survives selection and releases only its original owner       ok
ui: held chord releases its original track after every selection transition    ok
ui: held solo crosses banks without moving or leaving a stale solo             ok
ui: held FX mute survives selection and releases only its original owner       ok
ui: held chord releases its original track after every selection transition    ok
ui: held solo crosses banks without moving or leaving a stale solo             ok
ui: held FX mute survives selection and releases only its original owner       ok
ui: held chord releases its original track after every selection transition    ok
ui: held solo crosses banks without moving or leaving a stale solo             ok
ui: held FX mute survives selection and releases only its original owner       ok
ui: held chord releases its original track after every selection transition    ok
ui: held solo crosses banks without moving or leaving a stale solo             ok
ui: held FX mute survives selection and releases only its original owner       ok
ui: held chord releases its original track after every selection transition    ok
ui: held solo crosses banks without moving or leaving a stale solo             ok
ui: held FX mute survives selection and releases only its original owner       ok
ui: held chord releases its original track after every selection transition    ok
ui: held solo crosses banks without moving or leaving a stale solo             ok
ui: held FX mute survives selection and releases only its original owner       ok
ui: held chord releases its original track after every selection transition    ok
ui: held solo crosses banks without moving or leaving a stale solo             ok
ui: held FX mute survives selection and releases only its original owner       ok
ui: held chord releases its original track after every selection transition    ok
ui: held solo crosses banks without moving or leaving a stale solo             ok
ui: held FX mute survives selection and releases only its original owner       ok
ui: held chord releases its original track after every selection transition    ok
ui: held solo crosses banks without moving or leaving a stale solo             ok
ui: held FX mute survives selection and releases only its original owner       ok
ui: held chord releases its original track after every selection transition    ok
ui: held solo crosses banks without moving or leaving a stale solo             ok
ui: held FX mute survives selection and releases only its original owner       ok
ui: held chord releases its original track after every selection transition    ok
ui: held solo crosses banks without moving or leaving a stale solo             ok
ui: held FX mute survives selection and releases only its original owner       ok
ui: held chord releases its original track after every selection transition    ok
ui: held solo crosses banks without moving or leaving a stale solo             ok
ui: held FX mute survives selection and releases only its original owner       ok
ui: held chord releases its original track after every selection transition    ok
ui: held solo crosses banks without moving or leaving a stale solo             ok
ui: held FX mute survives selection and releases only its original owner       ok
ui: held chord releases its original track after every selection transition    ok
ui: held solo crosses banks without moving or leaving a stale solo             ok
ui: held FX mute survives selection and releases only its original owner       ok
ui: held chord releases its original track after every selection transition    ok
ui: held solo crosses banks without moving or leaving a stale solo             ok
ui: held FX mute survives selection and releases only its original owner       ok
ui: held chord releases its original track after every selection transition    ok
ui: held solo crosses banks without moving or leaving a stale solo             ok
ui: held FX mute survives selection and releases only its original owner       ok
ui: held chord releases its original track after every selection transition    ok
ui: held solo crosses banks without moving or leaving a stale solo             ok
ui: held FX mute survives selection and releases only its original owner       ok
ui: held chord releases its original track after every selection transition    ok
ui: held solo crosses banks without moving or leaving a stale solo             ok
ui: held FX mute survives selection and releases only its original owner       ok
ui: held chord releases its original track after every selection transition    ok
ui: held solo crosses banks without moving or leaving a stale solo             ok
ui: held FX mute survives selection and releases only its original owner       ok
ui: held chord releases its original track after every selection transition    ok
ui: held solo crosses banks without moving or leaving a stale solo             ok
ui: held FX mute survives selection and releases only its original owner       ok
ui: held chord releases its original track after every selection transition    ok
ui: held solo crosses banks without moving or leaving a stale solo             ok
ui: held FX mute survives selection and releases only its original owner       ok
ui: held chord releases its original track after every selection transition    ok
ui: held solo crosses banks without moving or leaving a stale solo             ok
ui: held FX mute survives selection and releases only its original owner       ok
ui: held chord releases its original track after every selection transition    ok
ui: held solo crosses banks without moving or leaving a stale solo             ok
ui: held FX mute survives selection and releases only its original owner       ok
ui: held chord releases its original track after every selection transition    ok
ui: held solo crosses banks without moving or leaving a stale solo             ok
ui: held FX mute survives selection and releases only its original owner       ok
ui: held chord releases its original track after every selection transition    ok
ui: held solo crosses banks without moving or leaving a stale solo             ok
ui: held FX mute survives selection and releases only its original owner       ok
ui: held chord releases its original track after every selection transition    ok
ui: held solo crosses banks without moving or leaving a stale solo             ok
ui: held FX mute survives selection and releases only its original owner       ok
ui: held chord releases its original track after every selection transition    ok
ui: held solo crosses banks without moving or leaving a stale solo             ok
ui: held FX mute survives selection and releases only its original owner       ok
ui: held chord releases its original track after every selection transition    ok
ui: held solo crosses banks without moving or leaving a stale solo             ok
ui: held FX mute survives selection and releases only its original owner       ok
ui: held chord releases its original track after every selection transition    ok
ui: held solo crosses banks without moving or leaving a stale solo             ok
ui: held FX mute survives selection and releases only its original owner       ok
ui: held chord releases its original track after every selection transition    ok
ui: held solo crosses banks without moving or leaving a stale solo             ok
ui: held FX mute survives selection and releases only its original owner       ok
ui: held chord releases its original track after every selection transition    ok
ui: held solo crosses banks without moving or leaving a stale solo             ok
ui: held FX mute survives selection and releases only its original owner       ok
ui: held chord releases its original track after every selection transition    ok
ui: held solo crosses banks without moving or leaving a stale solo             ok
ui: held FX mute survives selection and releases only its original owner       ok
ui: held chord releases its original track after every selection transition    ok
ui: held solo crosses banks without moving or leaving a stale solo             ok
ui: held FX mute survives selection and releases only its original owner       ok
ui: held chord releases its original track after every selection transition    ok
ui: held solo crosses banks without moving or leaving a stale solo             ok
ui: held FX mute survives selection and releases only its original owner       ok
ui: held chord releases its original track after every selection transition    ok
ui: held solo crosses banks without moving or leaving a stale solo             ok
ui: held FX mute survives selection and releases only its original owner       ok
ui: held chord releases its original track after every selection transition    ok
ui: held solo crosses banks without moving or leaving a stale solo             ok
ui: held FX mute survives selection and releases only its original owner       ok
ui: held chord releases its original track after every selection transition    ok
ui: held solo crosses banks without moving or leaving a stale solo             ok
ui: held FX mute survives selection and releases only its original owner       ok
ui: held chord releases its original track after every selection transition    ok
ui: held solo crosses banks without moving or leaving a stale solo             ok
ui: held FX mute survives selection and releases only its original owner       ok
ui: held chord releases its original track after every selection transition    ok
ui: held solo crosses banks without moving or leaving a stale solo             ok
ui: held FX mute survives selection and releases only its original owner       ok
ui: held chord releases its original track after every selection transition    ok
ui: held solo crosses banks without moving or leaving a stale solo             ok
ui: held FX mute survives selection and releases only its original owner       ok
ui: held chord releases its original track after every selection transition    ok
ui: held solo crosses banks without moving or leaving a stale solo             ok
ui: held FX mute survives selection and releases only its original owner       ok
ui: held chord releases its original track after every selection transition    ok
ui: held solo crosses banks without moving or leaving a stale solo             ok
ui: held FX mute survives selection and releases only its original owner       ok
ui: held chord releases its original track after every selection transition    ok
ui: held solo crosses banks without moving or leaving a stale solo             ok
ui: held FX mute survives selection and releases only its original owner       ok
ui: held chord releases its original track after every selection transition    ok
ui: held solo crosses banks without moving or leaving a stale solo             ok
ui: held FX mute survives selection and releases only its original owner       ok
ui: held chord releases its original track after every selection transition    ok
ui: held solo crosses banks without moving or leaving a stale solo             ok
ui: held FX mute survives selection and releases only its original owner       ok
ui: held chord releases its original track after every selection transition    ok
ui: held solo crosses banks without moving or leaving a stale solo             ok
ui: held FX mute survives selection and releases only its original owner       ok
ui: held chord releases its original track after every selection transition    ok
ui: held solo crosses banks without moving or leaving a stale solo             ok
ui: held FX mute survives selection and releases only its original owner       ok
ui: held chord releases its original track after every selection transition    ok
ui: held solo crosses banks without moving or leaving a stale solo             ok
ui: held FX mute survives selection and releases only its original owner       ok
ui: held chord releases its original track after every selection transition    ok
ui: held solo crosses banks without moving or leaving a stale solo             ok
ui: held FX mute survives selection and releases only its original owner       ok
ui: every drum lane edits only its selected track without FX mute aliasing     ok
ui: every drum lane edits only its selected track without FX mute aliasing     ok
ui: every drum lane edits only its selected track without FX mute aliasing     ok
ui: every drum lane edits only its selected track without FX mute aliasing     ok
ui: every drum lane edits only its selected track without FX mute aliasing     ok
ui: every drum lane edits only its selected track without FX mute aliasing     ok
ui: every drum lane edits only its selected track without FX mute aliasing     ok
ui: every drum lane edits only its selected track without FX mute aliasing     ok
ui: every drum lane edits only its selected track without FX mute aliasing     ok
ui: every drum lane edits only its selected track without FX mute aliasing     ok
ui: every drum lane edits only its selected track without FX mute aliasing     ok
ui: every drum lane edits only its selected track without FX mute aliasing     ok
ui: every drum lane edits only its selected track without FX mute aliasing     ok
ui: every drum lane edits only its selected track without FX mute aliasing     ok
ui: every drum lane edits only its selected track without FX mute aliasing     ok
ui: every drum lane edits only its selected track without FX mute aliasing     ok
ui: every drum lane edits only its selected track without FX mute aliasing     ok
ui: every drum lane edits only its selected track without FX mute aliasing     ok
ui: every drum lane edits only its selected track without FX mute aliasing     ok
ui: every drum lane edits only its selected track without FX mute aliasing     ok
ui: every drum lane edits only its selected track without FX mute aliasing     ok
ui: every drum lane edits only its selected track without FX mute aliasing     ok
ui: every drum lane edits only its selected track without FX mute aliasing     ok
ui: every drum lane edits only its selected track without FX mute aliasing     ok
ui: every drum lane edits only its selected track without FX mute aliasing     ok
ui: every drum lane edits only its selected track without FX mute aliasing     ok
ui: every drum lane edits only its selected track without FX mute aliasing     ok
ui: every drum lane edits only its selected track without FX mute aliasing     ok
ui: every drum lane edits only its selected track without FX mute aliasing     ok
ui: every drum lane edits only its selected track without FX mute aliasing     ok
ui: every drum lane edits only its selected track without FX mute aliasing     ok
ui: every drum lane edits only its selected track without FX mute aliasing     ok
ui: every drum lane edits only its selected track without FX mute aliasing     ok
ui: every drum lane edits only its selected track without FX mute aliasing     ok
ui: every drum lane edits only its selected track without FX mute aliasing     ok
ui: every drum lane edits only its selected track without FX mute aliasing     ok
ui: every drum lane edits only its selected track without FX mute aliasing     ok
ui: every drum lane edits only its selected track without FX mute aliasing     ok
ui: every drum lane edits only its selected track without FX mute aliasing     ok
ui: every drum lane edits only its selected track without FX mute aliasing     ok
ui: every drum lane edits only its selected track without FX mute aliasing     ok
ui: every drum lane edits only its selected track without FX mute aliasing     ok
ui: every drum lane edits only its selected track without FX mute aliasing     ok
ui: every drum lane edits only its selected track without FX mute aliasing     ok
ui: every drum lane edits only its selected track without FX mute aliasing     ok
ui: every drum lane edits only its selected track without FX mute aliasing     ok
ui: every drum lane edits only its selected track without FX mute aliasing     ok
ui: every drum lane edits only its selected track without FX mute aliasing     ok
ui: every drum lane edits only its selected track without FX mute aliasing     ok
ui: every drum lane edits only its selected track without FX mute aliasing     ok
ui: every drum lane edits only its selected track without FX mute aliasing     ok
ui: every drum lane edits only its selected track without FX mute aliasing     ok
ui: every drum lane edits only its selected track without FX mute aliasing     ok
ui: every drum lane edits only its selected track without FX mute aliasing     ok
ui: every drum lane edits only its selected track without FX mute aliasing     ok
ui: every drum lane edits only its selected track without FX mute aliasing     ok
ui: every drum lane edits only its selected track without FX mute aliasing     ok
ui: every drum lane edits only its selected track without FX mute aliasing     ok
ui: every drum lane edits only its selected track without FX mute aliasing     ok
ui: every drum lane edits only its selected track without FX mute aliasing     ok
ui: every drum lane edits only its selected track without FX mute aliasing     ok
ui: every drum lane edits only its selected track without FX mute aliasing     ok
ui: every drum lane edits only its selected track without FX mute aliasing     ok
ui: every drum lane edits only its selected track without FX mute aliasing     ok
held owner transitions: 64 track pairs, 192 chord/solo/FX cases; 64 drum lane cases
ui: SCL root key owns only track eight and does not become a bank selector     ok
ui: DRUM black key eight selects lane eight without muting any track           ok
ui: track-eight DRUM step key edits its lane without lower-track aliasing      ok
ui: melodic chord key plays its chord on track eight without selecting a bank  ok
ui: track-eight chord release leaves no held notes                             ok
ui: global automation retains its selected armed upper-bank destination        ok
ui: global automation retains its selected armed upper-bank destination        ok
ui: global automation retains its selected armed upper-bank destination        ok
ui: global automation retains its selected armed upper-bank destination        ok
quick conflicts: 0 failures; host evidence only
