target: analog_render     601 instructions,  437 in loops, 18 divides,  0 calls there: cost   581 (budget 585) ok
target: phase_render      197 instructions,   77 in loops, 0 divides,  2 calls there: cost    77 (budget 79) ok
target: lofi_render       313 instructions,  123 in loops, 0 divides,  0 calls there: cost   123 (budget 123) ok
target: sample_render     187 instructions,   89 in loops, 0 divides,  1 calls there: cost   128 (budget 126) ok
target: formant_render    614 instructions,  296 in loops, 2 divides,  0 calls there: cost   312 (budget 314) ok
target: trio_render       630 instructions,  301 in loops, 5 divides,  2 calls there: cost   341 (budget 341) ok
target: trio_pass         257 instructions,  151 in loops, 3 divides,  0 calls there: cost   175 (budget 175) ok
target: wheel_render      284 instructions,  180 in loops, 0 divides,  0 calls there: cost   267 (budget 267) ok
target: wheel_block       184 instructions,   86 in loops, 0 divides,  1 calls there: cost    86 (budget 102) note: -16 % (BUDGET_UPDATE=1 to keep it)
target: grain_render      798 instructions,  285 in loops, 2 divides,  1 calls there: cost  1729 (budget 1731) ok
target: grain_block       323 instructions,  139 in loops, 0 divides,  1 calls there: cost   139 (budget 139) ok
target: phys_render       280 instructions,   61 in loops, 0 divides,  0 calls there: cost    61 (budget 61) ok
target: drum_render      2202 instructions,   89 in loops, 0 divides,  0 calls there: cost    89 (budget 86) ok
target: noise_render      570 instructions,  259 in loops, 0 divides,  0 calls there: cost   259 (budget 259) ok
target: fm6_render        524 instructions,  300 in loops, 0 divides,  6 calls there: cost   372 (budget 372) ok
target: fm6_op_run        104 instructions,   72 in loops, 0 divides,  0 calls there: cost    72 (budget 72) ok
target: fm6_op_fb          48 instructions,   26 in loops, 0 divides,  0 calls there: cost    26 (budget 26) ok
target: px_modal_block    218 instructions,  111 in loops, 0 divides,  2 calls there: cost   111 (budget 111) ok
target: px_modal_run      209 instructions,  123 in loops, 0 divides,  0 calls there: cost   192 (budget 192) ok
target: px_memb_block     220 instructions,  106 in loops, 0 divides,  1 calls there: cost   106 (budget 106) ok
target: px_string_excite   194 instructions,  171 in loops, 0 divides,  0 calls there: cost   171 (budget 171) ok
target: px_string_run     326 instructions,  264 in loops, 0 divides,  0 calls there: cost   264 (budget 264) ok
target: px_symp_run       196 instructions,  111 in loops, 0 divides,  0 calls there: cost   252 (budget 252) ok
target: dv_metal_run       41 instructions,   26 in loops, 0 divides,  0 calls there: cost    26 (budget 26) ok
target: dv_kick_run       214 instructions,  151 in loops, 0 divides,  0 calls there: cost   151 (budget 153) ok
target: dv_snare_run      207 instructions,  154 in loops, 0 divides,  0 calls there: cost   154 (budget 158) ok
target: dv_clap_run       123 instructions,   74 in loops, 0 divides,  0 calls there: cost    74 (budget 74) ok
target: dv_hat_run        106 instructions,   61 in loops, 0 divides,  0 calls there: cost    61 (budget 61) ok
target: dv_tom_run        108 instructions,   75 in loops, 0 divides,  0 calls there: cost    75 (budget 75) ok
target: dv_rim_run         77 instructions,   61 in loops, 0 divides,  0 calls there: cost    61 (budget 61) ok
target: dv_bell_run        86 instructions,   52 in loops, 0 divides,  0 calls there: cost    52 (budget 52) ok
target: dv_cym_run        107 instructions,   67 in loops, 0 divides,  0 calls there: cost    67 (budget 67) ok
target: dv_out             40 instructions,   35 in loops, 0 divides,  0 calls there: cost    35 (budget 35) ok
target: dv_metal_mix       22 instructions,   16 in loops, 0 divides,  0 calls there: cost    16 (budget 16) ok
target: slicer_track      308 instructions,  262 in loops, 3 divides,  0 calls there: cost   655 (budget 632) ok
target: slice_render      394 instructions,  148 in loops, 0 divides,  2 calls there: cost   436 (budget 453) ok
target: slc_rev           202 instructions,  120 in loops, 0 divides,  0 calls there: cost   120 (budget 120) ok
target: fm1_alnk0_irq    2114 instructions, 2000 in loops, 16 divides, 70 calls there: cost 40609 (budget 37502) ok
target: fm1_timer5_irq   1721 instructions, 1365 in loops, 2 divides, 65 calls there: cost 35536 (budget 33387) ok
target: uac_tap48         134 instructions,   99 in loops, 0 divides,  0 calls there: cost   504 (budget 504) ok
target: click_render       77 instructions,   30 in loops, 0 divides,  0 calls there: cost    30 (budget 30) ok
target: mod_begin         187 instructions,  148 in loops, 0 divides,  3 calls there: cost   163 (budget 158) ok
target: mod_voice         120 instructions,   30 in loops, 0 divides,  1 calls there: cost    30 (budget 30) ok
target: mod_end            18 instructions,    7 in loops, 0 divides,  0 calls there: cost     7 (budget 7) ok
target: perf_begin        193 instructions,   28 in loops, 0 divides,  0 calls there: cost    28 (budget 28) ok
target: perf_mute          37 instructions,   21 in loops, 0 divides,  0 calls there: cost    21 (budget 21) ok
target: perf_pre           38 instructions,   26 in loops, 0 divides,  0 calls there: cost    26 (budget 27) ok
target: perf_block        866 instructions,  820 in loops, 0 divides,  3 calls there: cost   820 (budget 814) ok
target: perf_master        47 instructions,   31 in loops, 0 divides,  1 calls there: cost    31 (budget 31) ok
target: rev_room           85 instructions,   68 in loops, 0 divides,  0 calls there: cost   218 (budget 218) ok
target: rev_spring        176 instructions,   91 in loops, 0 divides,  0 calls there: cost   127 (budget 126) ok
