line 13: sv_build("tests/fixtures/projects/fun1.bin",7,choice,0)
line 20: proposal(choice)==D8SV_COMPLETE&&d8cb_seal(g)==D8CB_OK&&d8mp.phase==1
line 20: d8mx_begin(g,&io,d8cb.crc)==D8MX_MORE&&d8mp.phase==4
line 20: rc==D8MX_COMPLETE&&erases==10&&programs==170&&scratch_checks>1000
line 20: !memcmp(nor+d8pool_mapped_address(b),sv_plan+b*D8POOL_BLOCK,D8POOL_BLOCK)
line 20: !memcmp(nor+d8pool_mapped_address(b),sv_plan+b*D8POOL_BLOCK,D8POOL_BLOCK)
line 20: !memcmp(nor+d8pool_mapped_address(b),sv_plan+b*D8POOL_BLOCK,D8POOL_BLOCK)
line 20: !memcmp(nor+d8pool_mapped_address(b),sv_plan+b*D8POOL_BLOCK,D8POOL_BLOCK)
line 13: sv_build("tests/fixtures/projects/fun1.bin",7,choice,0)
line 20: proposal(choice)==D8SV_COMPLETE&&d8cb_seal(g)==D8CB_OK&&d8mp.phase==1
line 20: d8mx_begin(g,&io,d8cb.crc)==D8MX_MORE&&d8mp.phase==4
line 20: rc==D8MX_COMPLETE&&erases==10&&programs==170&&scratch_checks>1000
line 20: !memcmp(nor+d8pool_mapped_address(b),sv_plan+b*D8POOL_BLOCK,D8POOL_BLOCK)
line 20: !memcmp(nor+d8pool_mapped_address(b),sv_plan+b*D8POOL_BLOCK,D8POOL_BLOCK)
line 20: !memcmp(nor+d8pool_mapped_address(b),sv_plan+b*D8POOL_BLOCK,D8POOL_BLOCK)
line 20: !memcmp(nor+d8pool_mapped_address(b),sv_plan+b*D8POOL_BLOCK,D8POOL_BLOCK)
line 13: sv_build("tests/fixtures/projects/fun1.bin",7,choice,0)
line 13: sv_build("tests/fixtures/projects/fun1.bin",7,choice,0)
line 13: sv_build("tests/fixtures/projects/fun1.bin",7,choice,0)
line 13: sv_build("tests/fixtures/projects/fun1.bin",7,choice,0)
line 13: sv_build("tests/fixtures/projects/fun1.bin",7,choice,0)
line 13: sv_build("tests/fixtures/projects/fun1.bin",7,choice,0)
line 13: sv_build("tests/fixtures/projects/fun1.bin",7,choice,0)
line 13: sv_build("tests/fixtures/projects/fun1.bin",7,choice,0)
line 13: sv_build("tests/fixtures/projects/fun1.bin",7,choice,0)
line 13: sv_build("tests/fixtures/projects/fun1.bin",7,choice,0)
line 13: sv_build("tests/fixtures/projects/fun1.bin",7,choice,0)
line 13: sv_build("tests/fixtures/projects/fun1.bin",7,choice,0)
line 13: sv_build("tests/fixtures/projects/fun1.bin",7,choice,0)
line 13: sv_build("tests/fixtures/projects/fun1.bin",7,choice,0)
line 24: rc==D8SV_CHANGED
line 13: sv_build("tests/fixtures/projects/fun1.bin",7,choice,0)
line 25: proposal(D8SV_CURRENT)==D8SV_CHANGED
line 13: sv_build("tests/fixtures/projects/fun1.bin",7,choice,0)
line 26: proposal(D8SV_CURRENT)==D8SV_COMPLETE&&d8cb_seal(g)==D8CB_OK
line 26: d8mp_validate(g,&result)==D8MP_OK
line 13: sv_build("tests/fixtures/projects/fun1.bin",7,choice,0)
line 26: proposal(D8SV_CURRENT)==D8SV_COMPLETE&&d8cb_seal(g)==D8CB_OK
line 26: d8mp_validate(g,&result)==D8MP_OK
line 13: sv_build("tests/fixtures/projects/fun1.bin",7,choice,0)
line 26: proposal(D8SV_CURRENT)==D8SV_COMPLETE&&d8cb_seal(g)==D8CB_OK
line 26: d8mp_validate(g,&result)==D8MP_OK
line 13: sv_build("tests/fixtures/projects/fun1.bin",7,choice,0)
line 26: proposal(D8SV_CURRENT)==D8SV_COMPLETE&&d8cb_seal(g)==D8CB_OK
line 26: d8mp_validate(g,&result)==D8MP_OK
line 13: sv_build("tests/fixtures/projects/fun1.bin",7,choice,0)
line 26: proposal(D8SV_CURRENT)==D8SV_COMPLETE&&d8cb_seal(g)==D8CB_OK
line 26: d8mp_validate(g,&result)==D8MP_OK
line 13: sv_build("tests/fixtures/projects/fun1.bin",7,choice,0)
line 27: proposal(D8SV_CURRENT)==D8SV_COMPLETE&&d8cb_seal(g)==D8CB_OK
line 13: sv_build("tests/fixtures/projects/fun1.bin",7,choice,0)
line 13: sv_build("tests/fixtures/projects/fun1.bin",7,choice,0)
line 29: proposal(D8SV_CURRENT)==D8SV_COMPLETE&&d8cb_seal(g)==D8CB_OK
line 29: d8cb_metadata_valid(g)
LIMITATION: unobserved RAM edit after seal requires coordinator edit exclusion; metadata is not permission
Native migration capture binding: 12061007 checks, 54 failures; prior17-role identity; no device/production authority
