== flash storage (A/B, torn writes)
== eight-track refusal of all legacy project/autosave writers
Native storage gate: 0 failures; simulated legacy driver only
== user presets (UP_PUT parser, bank round trip, versions, PHYS DRUM and SAMPLE PERC -> DRUM, grid records, DIGITAL kept)
== keys and buttons: fast press, long release, bouncy contacts (one note each), glitches, encoders
== TRS MIDI parser
== USB audio input: descriptors (with CDC), ring and packets, 44.1 -> 48 kHz resampler, 48 kHz stream
== USB audio input: descriptors (without CDC), ring and packets, resampler, 48 kHz stream
== USB descriptors: CDC 1 (presented 1), UAC 1 (48 kHz 1), layout 0
== USB descriptors: CDC 1 (presented 1), UAC 1 (48 kHz 1), layout 1
== USB descriptors: CDC 1 (presented 1), UAC 1 (48 kHz 1), layout 2
== USB descriptors: CDC 1 (presented 1), UAC 1 (48 kHz 1), layout 3
== USB descriptors: CDC 1 (presented 0), UAC 1 (48 kHz 1), layout 0
== USB descriptors: CDC 1 (presented 0), UAC 1 (48 kHz 1), layout 2
== USB descriptors: CDC 0 (presented 1), UAC 1 (48 kHz 1), layout 0
== USB descriptors: CDC 1 (presented 1), UAC 1 (48 kHz 0), layout 0
== USB descriptors: CDC 1 (presented 0), UAC 1 (48 kHz 0), layout 0
== USB descriptors: CDC 1 (presented 1), UAC 1 (48 kHz 0), layout 2
== USB descriptors: CDC 0 (presented 1), UAC 1 (48 kHz 0), layout 0
== USB descriptors: CDC 1 (presented 1), UAC 0 (48 kHz 1), layout 0
== USB descriptors: CDC 1 (presented 1), UAC 0 (48 kHz 1), layout 1
== USB descriptors: CDC 1 (presented 0), UAC 0 (48 kHz 1), layout 0
== USB descriptors: CDC 0 (presented 1), UAC 0 (48 kHz 1), layout 0
== M-UPGRADE entry (own loader)
== update loader: other app -> this build
== D8P1 independent synthetic reference files
== Dabbl8 card configurations: all subsets and bounded CLI
d8card profile CLI: 16407 checks passed
== Dabbl8 card dependencies and non-mutating project preflight
d8card: 79881 checks passed
== D8P1 bounded byte codec and malformed input refusal
D8P1: 17490 checks, 0 failures; bounded buffers only, no flash/runtime adoption
== D8P1 relative multi-sector records and every program-byte cut
D8P1 multi-sector records: 884086 checks, 0 failures; 34 operation cuts, 7737 program-byte cuts; relative simulator only
== D8P1 three projects, shared autosave and interrupted pool writes
D8P1 shared pool: 4546366 checks, 0 failures; 34 operation cuts, 7737 program-byte cuts, 8194 erase prefixes, 1000 rotating saves; virtual NOR only
== D8P1 mapped existing allocations, session policy and physical cut guards
D8P1 mapped pool: 93359 checks, 0 failures; 34 operation cuts, 34 late-stop cuts, 109 read cuts, 80 rotating saves; 1MiB simulated NOR only
== offline D8P1 bundle: original snapshots, migration reports and verified references
Offline D8P1 conversion: 314 checks passed; 13 real legacy fixtures, snapshots and verified context, no device writes
== offline migration: complete originals, persisted autosave and real shared-pool proposal
Migration bundle: 127 checks, 0 failures; synthetic archives, actual C conversion/pool readback; no device I/O
== D8P1 native state and all frozen legacy round trips
D8P1 project adapter: 18193 checks, 0 failures; staged state only, no runtime/flash adoption
== D8P1 motion bytes and actual upstream eligibility
D8P1 motion policy: 198 IDs/kinds match actual motion_param, 0 failures; no runtime adoption
== parameter and engine tables as JSON (for the editor mock test)
== eight-track chord, DRUM, SCL and selected automation ownership
quick conflicts: 0 failures; host evidence only
== eight-track bank controls, quick-layer ownership and all screen layouts
banked mixer renders: 46720 frames, 0 lint findings, 0 ink errors, 0 neutral-color errors, 0 alignment failures, 0 lost declarations
banked mixer: 0 failures; prototype, shipping remains four tracks
== versioned eight-track editor: bounds, ownership, busy errors and legacy refusal
versioned tracks: 194 assertions, 0 failures; host evidence only
== companion track client: real C four/eight-track negotiation, edits and stale reply guards
companion tracks: 144 checks passed; actual C four/eight-track handlers, no physical device
== companion MIDI session: framing, lifecycle and actual C handlers
MIDI session: 85 checks passed; no real MIDI access or hardware qualification
== companion editor model: musical schema and all-track actual C controls
Companion model: 48 checks passed; actual C host handlers, physical hardware unqualified
== eight-track recording, playback, USB/TRS routing and bounds
eight-track runtime: 0 failures; host evidence only, default build remains four tracks
== eight actual parts: ninth note, held/sustain/release, stealing and render budget
result: 0 failures; target still four tracks; no deadline/click claim
== PHYS eight-part shared state: ownership, model/engine changes, retriggers and full-pool refusal
PHYS state pool: 0 failures, 56960 shared heavy-pool host bytes
== FM6 eight-part operator state: ownership, retriggers, release and full-pool refusal
FM6 state pool: 0 failures, 56960 shared heavy-pool host bytes
== SLICE eight-part reverse windows: ownership, exact decode and render isolation
SLICE window pool: 0 failures, 56960 shared heavy-pool host bytes
== GRAIN/PHYS/DRUM eight-part shared state: mixed lifetimes and engine fades
heavy pool result: 0 failures; 56960 host bytes, 8 shared bodies
== WHEEL eight-part shared voice state: phase, percussion, retrigger and ownership
WHEEL pool result: 0 failures, 56960 host bytes in existing shared pool
== eight-part display/project workspace: asynchronous DMA and drawing ownership
main workspace: 0 failures, 16806 consumed DMA sources, 0 ownership errors
== D8P1 stopped runtime adoption: full state, retained metadata and late-start refusal
D8P1 runtime: 8911 checks, 0 failures; stopped in-memory adoption only, no flash/playback/physical qualification
== actual native three-slot project menu/cache/ownership
Native project menu: 8221 checks, 0 failures; actual UI/runtime, virtual storage only
== D8P1 actual runtime shared-pool save, recall and autosave policy
D8P1 runtime pool: 525110 checks, 0 failures; 30 save cuts and 29 late-start cuts; actual eight-track runtime, virtual NOR only
== actual runtime through guarded existing-driver adapter
D8P1 flash runtime: 217341 checks, 0 failures; 29 driver cuts, 29 atomic late-start cuts; actual runtime, simulated physical hooks only
== scales: white-key mapping and note lifecycle
== chord keys: diatonic and fixed chords, voicings, MONO root, releases, recording, ARP, MIDI IN, kits
== SPEAKER EQ: FLAT / LOWCUT / BASS+ responses, BASS+ harmonics of the bass, the sub cut, no offset after
== DSP render (ANALOG preset 0)
== TRACKS: 4-track pattern, live recording (lengths, swing), voice budget, engine switch, cost
tracks: all checks ok
== project formats (FUN1..FUN5 -> FUN6, the grid and song chain; DIGITAL tracks -> FM6, SAMPLE PERC -> DRUM)
FUN5: damaged checksum refused                               ok
FUN6: invalid row refused even with a correct checksum       ok
FUN3 with a bad checksum: refused                            ok
FUN2 with a bad checksum: refused                            ok
== immutable FUN1..FUN9 imports and canonical round trips
== historical layouts/imports with an eight-track destination; refuse FUN9 truncation
== offline legacy import preview: preserve originals, report migrations and refuse unknown data
offline import: 312 checks passed; 13 pristine fixtures; original preservation and explicit refusal
== D8M1: all 512 addresses and locks, version/range/duplicate/truncation refusal
== motion, whole-step chance, FUN7 migration, song restore, ARP repeat and the 1.2 ARP modes
== RATCH: x1..x4 in a step (notes, chords, drum hits), gates, chance, swing, projects, user presets, CHANCE page
== USB/TRS clock, bend, sustain, ownership and panic recovery
== DIGITAL (retired, built here with FELUCCA_FM4=1): operator envelopes/levels
== DIGITAL -> FM6: the conversion against DIGITAL (FELUCCA_FM4=1): pitch, centroid, RMS envelope; demos
fm4: all checks ok
== DIGITAL -> FM6 without a divide by zero (#61): the same values as before, a 0.9 ORGAN project (UBSan)
== themes: contrast, text blending and font metrics
== text: pens, kerning and pixels equal the reference renderer
== text spacing: glyph gaps against the font's own (16x supersampled), S M <= 0.25 px, L <= 0.5 px
== settings: PER1..PER4 migration, palette ids and preference preservation
== UI: sounds keep steps, undo, recording, MIDI overflow, pending saves, panel recovery, drum grid, song chain, GREY gray, MONO neutral
ui: SAMPLE: old SET 1 / preset 1 (TRANH) play PIANO; browsing and knobs skip them ok
ui: SAMPLE / GRAIN SET 4 (PERC, retired): a PIANO alias, knobs skip it, USR1..3 stay 5..7 ok
ui: PRESETS KNOB 2: the engines in order, DIGITAL skipped, back to the first   ok
== UI renders: layout lint (every screen and palette, every page, engine and column value), GREY gray, MONO neutral, alignment by ink (1 px fails), draw cost
== UI built with FELUCCA_FM4=1 (DIGITAL, kept in the tree): its OP pages, EDIT cycle, algorithm charts
ui: SAMPLE: old SET 1 / preset 1 (TRANH) play PIANO; browsing and knobs skip them ok
ui: SAMPLE / GRAIN SET 4 (PERC, retired): a PIANO alias, knobs skip it, USR1..3 stay 5..7 ok
== UI renders with FELUCCA_FM4=1: DIGITAL's screens (EDIT, OP ENV, the 8 algorithm charts), lint, GREY gray, MONO neutral
== audio: overload protection, bounded fades and DMA diagnostics
== metronome and count-in: beats sample for sample (internal and external clock), accent, level, MASTER, not in USB, count-in timing, notes onto step 1
== persistence: deferred settings, retry and failed-save rollback
== full backup: CRC before writes, stale runtime, USB reset / timeout, malformed objects, older projects
== editor: real C protocol, malformed transfers, queue recovery, MENU settings (writes build/host/menu.json)
== robustness: crafted sample slots, engine numbers, retained old projects, preset patterns, malformed requests
== modulation matrix: off = bit-identical, the math, MIDI CC1 / CC11 / aftertouch, cost, demos
== SLICER: no clicks, timing, sync with the sequencer, STUT, cost, demos
== SWING: track + global at most 100, sequencer and SLICER step lengths, the SWG display
== FX layer effects: on the 1/16, stereo, too-long REPEAT, SLICER, silent keys, idle bit-identical, clicks, OCT UP / DN, cost, demos
perform:   after an effect is let go and its ramp is over: skipped again           ok
== REVERB TYPE: ROOM bit-identical, SPRING decay / chirp / stability / level, model change, cost, demos
== regression: golden renders, health, voices, CPU budget
regress: voices: budget of 8 across 4 parts: 4 POLY parts, random notes: at most 8 voices active (budget 8), VOICE part at most 4 (cap 4), 791 voices taken, 0 still fading after their block, all free 1.41 s after the note-offs ok
regress: voices: reuse before the stolen tail fades: same-note retrigger and full local-cap replacement before the fade: at most 8 voices, both MONO parts kept, all released ok
regress: voices: budget after a live mode change: POLY / UNISON chord -> MONO / LEGATO / UNISON: extra voices reclaimed, leads kept, budget 8 ok
regress: voices: budget after voice mode changes: POLY -> MONO / LEGATO and lower UNISON cap: at most 8 voices, all four leads kept, all released ok
regress: voices: note-offs after live voice mode changes: 76 cases: all 16 VCE pairs, both key-up orders and caps 8 / 4; no stale fallback, MONO / LEGATO / UNISON priority leads and fallback preserved ok
regress: samples: high-rate one-shot ends: 80 one-shot ends, both polarities and full scale, 1x..8x rate: terminal interpolation bounded ok
regress: voices: a stolen voice fades: 5 takes; largest sample step at a take 669 vs 1192 before it (0.56 x, limit 1.50 x) ok
regress: voices: MONO keeps its note: MONO part held its note through 868 voices taken from the others: lost in 0 blocks ok
regress: voices: LEGATO keeps its note: LEGATO part held its note through 868 voices taken from the others: lost in 0 blocks ok
regress: voices: UNISON keeps its note: UNISON part held its note through 875 voices taken from the others: lost in 0 blocks ok
regress: voices: VOICE engine cap: VOICE engine, 8 keys: at most 4 voices in POLY, 4 in UNISON (cap 4); freed after release ok
regress: routing: no hanging notes: 14133 random MIDI / key events on ch 1-4, 5, 10, 16 and the keys, track selection changing, 3 rounds (ROUT CH1-4, SEL, switching): no gate left on, every voice free ok
regress: CPU note  cpu/SAMPLE/00_PIANO: 184 instructions / sample, baseline 331 (-44 %): faster? BUDGET_UPDATE=1 to keep it
regress: CPU note  cpu/SAMPLE/01_PIANO: 184 instructions / sample, baseline 331 (-44 %): faster? BUDGET_UPDATE=1 to keep it
regress: CPU, one part with 8 notes held (VOICE 4), heaviest preset per engine (instructions / ns per sample):
regress:   ANALOG   RAVE             1507 instr    90.6 ns
regress:   PHASE    WIRE             1604 instr    90.2 ns
regress:   LOFI     WAVE LEAD         856 instr    46.8 ns
regress:   SAMPLE   SAX               964 instr    66.0 ns
regress:   VOICE    CHOIR AAH        1014 instr    67.3 ns
regress:   TRIO     CHIP CHOIR       1474 instr   102.5 ns
regress:   WHEEL    FULL ORGAN       1457 instr   109.5 ns
regress:   GRAIN    SHIMMER           969 instr    56.9 ns
regress:   PHYS     BOWED METAL      1245 instr    98.4 ns
regress:   DRUM     DRUM KIT         1219 instr    78.4 ns
regress:   NOISE    WIND             1389 instr   102.2 ns
regress:   FM6      PAD              1407 instr   114.6 ns
regress:   SLICE    STUTTER          1029 instr    59.8 ns
regress:   idle                       310 instr    18.3 ns
regress:   idle_drums                 558 instr    33.8 ns
regress:   3parts_full_drums         1575 instr   107.0 ns
regress:   idle_click                 334 instr    21.0 ns
regress: 92 golden renders (0 changed, 0 gone), 0 health failures, 0 voice / routing checks failed, 0 CPU entries over budget (2 notes), 0 crashes; 0.8 s
== PHYS: stability C-1..G9 over the parameter corners, worst-case cost against PHASE WIRE, demos
phys_test: all checks ok
== skip PHYS reference test (no DaisySP: set DAISYSP to a checkout)
== DRUM: voice targets, controls, no clipping, retrigger, hat choke, the kick on a small speaker, keys, 8 lanes, cost, demos
drum_test: KIT 1..3 (HAND CYM H+CYM until 1.0.4) play 66 10 77 (the same samples), the knob skips them, a stored value and motion land on the kit: ok
drum_test: all checks ok
== NOISE: colour slopes, key-tracked filter and clock, META period, DC, clipping, retrigger, cost, demos
noise_test: all checks ok
== FM6: algorithms, envelopes, retrigger, DC, clipping, macros, patch formats, voices, cost, demos
fm6: a 32-voice bank SysEx: checksum, its 32 records back as they were                          ok
fm6_test: all checks ok
== SLICE: tables, onsets, reverse, keys, modes, MAN slices and their store, demos
slice: all checks ok
== ASan/UBSan: D8P1 strict bounded byte codec
D8P1: 17490 checks, 0 failures; bounded buffers only, no flash/runtime adoption
== ASan/UBSan: strict card dependencies and project preflight
d8card: 79881 checks passed
== ASan/UBSan: strict relative multi-sector storage and exhaustive cuts
D8P1 multi-sector records: 884086 checks, 0 failures; 34 operation cuts, 7737 program-byte cuts; relative simulator only
== ASan/UBSan: strict shared pool cuts, rotation and refusal
D8P1 shared pool: 4546366 checks, 0 failures; 34 operation cuts, 7737 program-byte cuts, 8194 erase prefixes, 1000 rotating saves; virtual NOR only
== ASan/UBSan: mapped physical bounds, session revocation and cuts
D8P1 mapped pool: 93359 checks, 0 failures; 34 operation cuts, 34 late-stop cuts, 109 read cuts, 80 rotating saves; 1MiB simulated NOR only
== ASan/UBSan: offline D8P1 bundle and original/reference preservation
Offline D8P1 conversion: 314 checks passed; 13 real legacy fixtures, snapshots and verified context, no device writes
== ASan/UBSan: original-preserving migration and real shared-pool proposal
Migration bundle: 127 checks, 0 failures; synthetic archives, actual C conversion/pool readback; no device I/O
== ASan/UBSan: D8P1 native state and all frozen legacy round trips
D8P1 project adapter: 18193 checks, 0 failures; staged state only, no runtime/flash adoption
== ASan/UBSan: D8P1 motion bytes and actual upstream eligibility
D8P1 motion policy: 198 IDs/kinds match actual motion_param, 0 failures; no runtime adoption
== ASan/UBSan: update loader (other app -> this build)
== ASan/UBSan: M-UPGRADE entry (own loader)
== ASan/UBSan: editor_test
== ASan/UBSan: project_test
FUN5: damaged checksum refused                               ok
FUN6: invalid row refused even with a correct checksum       ok
FUN3 with a bad checksum: refused                            ok
FUN2 with a bad checksum: refused                            ok
== ASan/UBSan: backup_test
== ASan/UBSan: robust_test
== ASan/UBSan: actual eight parts versioned_track_test
versioned tracks: 194 assertions, 0 failures; host evidence only
== ASan/UBSan: actual eight parts quick_layer_conflicts_test
quick conflicts: 0 failures; host evidence only
== ASan/UBSan: actual eight parts banked_mixer_test
banked mixer renders: 46720 frames, 0 lint findings, 0 ink errors, 0 neutral-color errors, 0 alignment failures, 0 lost declarations
banked mixer: 0 failures; prototype, shipping remains four tracks
== ASan/UBSan: actual eight parts eight_track_runtime_test
eight-track runtime: 0 failures; host evidence only, default build remains four tracks
== ASan/UBSan: actual eight parts voice_budget_test
result: 0 failures; target still four tracks; no deadline/click claim
== ASan/UBSan: actual eight parts phys_pool_test
PHYS state pool: 0 failures, 56960 shared heavy-pool host bytes
== ASan/UBSan: actual eight parts fm6_pool_test
FM6 state pool: 0 failures, 56960 shared heavy-pool host bytes
== ASan/UBSan: actual eight parts slice_pool_test
SLICE window pool: 0 failures, 56960 shared heavy-pool host bytes
== ASan/UBSan: actual eight parts heavy_pool_test
heavy pool result: 0 failures; 56960 host bytes, 8 shared bodies
== ASan/UBSan: actual eight parts wheel_pool_test
WHEEL pool result: 0 failures, 56960 host bytes in existing shared pool
== ASan/UBSan: companion client through actual C four/eight-track handlers
companion tracks: 144 checks passed; actual C four/eight-track handlers, no physical device
== ASan/UBSan: companion MIDI session through actual C handlers
MIDI session: 85 checks passed; no real MIDI access or hardware qualification
== ASan/UBSan: companion editor model through actual C handlers
Companion model: 48 checks passed; actual C host handlers, physical hardware unqualified
== ASan/UBSan: offline import preservation, migrations and refusal
offline import: 312 checks passed; 13 pristine fixtures; original preservation and explicit refusal
== ASan/UBSan: eight-part asynchronous display/project workspace
main workspace: 0 failures, 16806 consumed DMA sources, 0 ownership errors
== ASan/UBSan: D8P1 stopped runtime adoption and full refusal preservation
D8P1 runtime: 8911 checks, 0 failures; stopped in-memory adoption only, no flash/playback/physical qualification
== ASan/UBSan: strict eight-track legacy sector write refusal
Native storage gate: 0 failures; simulated legacy driver only
== ASan/UBSan: actual native project menu/cache/ownership
Native project menu: 8221 checks, 0 failures; actual UI/runtime, virtual storage only
== ASan/UBSan: actual native runtime shared-pool persistence and refusals
D8P1 runtime pool: 525110 checks, 0 failures; 30 save cuts and 29 late-start cuts; actual eight-track runtime, virtual NOR only
== ASan/UBSan: actual runtime through atomic physical adapter
D8P1 flash runtime: 217341 checks, 0 failures; 29 driver cuts, 29 atomic late-start cuts; actual runtime, simulated physical hooks only
== ASan/UBSan fuzz: editor SysEx and raw USB-MIDI packets (20000, seed 7)
fuzz ok: 18777 frames, 1223 raw packets
== ASan/UBSan fuzz: project stores -> import -> restore -> render (5000, seed 13)
fuzz_proj ok: 5000 iterations, 64 imported
== ASan/UBSan fuzz: user sample slot headers -> scan -> SAMPLE / GRAIN / SLICE (1000, seed 17)
fuzz_smp ok: 1000 iterations, 92 valid slots
== regression: target cost of the render loops (pi32v2 disassembly)
== installer CLI (fm1_install.py) against a simulated FM-1
response: header, address, data, checksum                        ok
--port picks a port the default match skips                      ok
official V15 restore: skipped (needs FM-1_v15.fwsc in the repo root)
== web pages: editor protocol + samples, package builder, update protocol
editor: MENU settings (this editor has none)                     skip
library file: a patch for an unknown engine is skipped           ok
live: firmware before the sync tag echoes the editor's PRESET as RELOAD (the editor skips it) ok
FM6: bank SysEx round trip (names, checksum)                     ok
FM6: a wrong checksum is reported (the voice still read)         ok
FM6 import: bank without its checksum (4103 bytes)               ok
FM6 import: bank without checksum and F7 (EOF)                   ok
FM6 import: supplement / performance blocks skipped, voices kept ok
== web backup: capture, validation before writes, restore order
backup: refusal after preflight stops, never skips object 9 or restores live music ok
== skip the browser emulator (no emcc: Emscripten builds web/emu)
ALL HOST TESTS PASSED
