mode,full,round,reps,ns,instructions,overruns
0,0,0,20000,23129000,167943747,0
0,1,0,20000,18091000,171933386,0
1,0,0,20000,14828000,166014027,0
1,1,0,20000,13910000,169894680,0
2,0,0,20000,12883000,166503645,0
2,1,0,20000,12978000,170480102,0
3,0,0,20000,12588000,166004705,0
3,1,0,20000,12836000,169871815,0
0,0,1,20000,12649000,167908284,0
0,1,1,20000,12935000,171899603,0
1,0,1,20000,12563000,165983417,0
1,1,1,20000,12825000,169865800,0
2,0,1,20000,12649000,166463406,0
2,1,1,20000,12964000,170459741,0
3,0,1,20000,12604000,165993575,0
3,1,1,20000,12838000,169860912,0
0,0,2,20000,12677000,167909771,0
0,1,2,20000,12927000,171896503,0
1,0,2,20000,12576000,165983826,0
1,1,2,20000,12867000,169876495,0
2,0,2,20000,12657000,166463417,0
2,1,2,20000,12943000,170453001,0
3,0,2,20000,12565000,165983417,0
3,1,2,20000,12822000,169860933,0
0,0,3,20000,12674000,167908609,0
0,1,3,20000,12913000,171901431,0
1,0,3,20000,12588000,165989771,0
1,1,3,20000,12821000,169860917,0
2,0,3,20000,12660000,166471461,0
2,1,3,20000,12966000,170463560,0
3,0,3,20000,12568000,165983406,0
3,1,3,20000,12842000,169869220,0
0,0,4,20000,12656000,167903503,0
0,1,4,20000,12907000,171893244,0
1,0,4,20000,12811000,166038317,0
1,1,4,20000,12904000,169883420,0
2,0,4,20000,13035000,166478725,0
2,1,4,20000,13341000,170461551,0
3,0,4,20000,13049000,165992173,0
3,1,4,20000,13344000,169864500,0
0,0,5,20000,12715000,167925290,0
0,1,5,20000,12923000,171904314,0
1,0,5,20000,12563000,165983417,0
1,1,5,20000,12898000,169886986,0
2,0,5,20000,12649000,166468284,0
2,1,5,20000,12944000,170452759,0
3,0,5,20000,12563000,165983406,0
3,1,5,20000,12832000,169865800,0
0,0,6,20000,12888000,167947528,0
0,1,6,20000,13012000,171923661,0
1,0,6,20000,12777000,166049566,0
1,1,6,20000,12952000,169902487,0
2,0,6,20000,12705000,166487453,0
2,1,6,20000,12981000,170480914,0
3,0,6,20000,12579000,165983406,0
3,1,6,20000,12854000,169867271,0
0,0,7,20000,12654000,167906594,0
0,1,7,20000,12954000,171909903,0
1,0,7,20000,12634000,165996114,0
1,1,7,20000,12887000,169867652,0
2,0,7,20000,12700000,166471596,0
2,1,7,20000,12955000,170459603,0
3,0,7,20000,12649000,166017714,0
3,1,7,20000,12887000,169892289,0
0,0,8,20000,12707000,167938268,0
0,1,8,20000,12942000,171918395,0
1,0,8,20000,12591000,166000364,0
1,1,8,20000,12942000,169913202,0
2,0,8,20000,12722000,166491235,0
2,1,8,20000,12970000,170483043,0
3,0,8,20000,12622000,166017183,0
3,1,8,20000,12891000,169891925,0
