mode,full,round,reps,ns,instructions,overruns
0,0,0,20000,13254000,170403617,0
0,1,0,20000,13529000,174393093,0
1,0,0,20000,12758000,169141459,0
1,1,0,20000,13598000,173011297,0
2,0,0,20000,13216000,169452316,0
2,1,0,20000,13571000,173443175,0
3,0,0,20000,13256000,169123506,0
3,1,0,20000,13319000,173030398,0
0,0,1,20000,13035000,170413851,0
0,1,1,20000,13471000,174406458,0
1,0,1,20000,13052000,169123484,0
1,1,1,20000,13547000,173009492,0
2,0,1,20000,12656000,169450593,0
2,1,1,20000,13508000,173433346,0
3,0,1,20000,13258000,169128504,0
3,1,1,20000,13542000,173001015,0
0,0,2,20000,13211000,170403498,0
0,1,2,20000,13181000,174399160,0
1,0,2,20000,12942000,169135440,0
1,1,2,20000,13092000,173008316,0
2,0,2,20000,13132000,169455472,0
2,1,2,20000,13537000,173438187,0
3,0,2,20000,13303000,169141308,0
3,1,2,20000,13552000,173009319,0
0,0,3,20000,13239000,170416445,0
0,1,3,20000,13406000,174466101,0
1,0,3,20000,13032000,169165876,0
1,1,3,20000,13221000,173011834,0
2,0,3,20000,13093000,169472728,0
2,1,3,20000,12991000,173440499,0
3,0,3,20000,13062000,169162875,0
3,1,3,20000,13276000,173025043,0
0,0,4,20000,13254000,170414394,0
0,1,4,20000,13020000,174400353,0
1,0,4,20000,13256000,169126926,0
1,1,4,20000,13599000,173026038,0
2,0,4,20000,13243000,169451595,0
2,1,4,20000,13023000,173451148,0
3,0,4,20000,13261000,169128753,0
3,1,4,20000,13280000,173005961,0
0,0,5,20000,12942000,170414566,0
0,1,5,20000,13343000,174400209,0
1,0,5,20000,13243000,169123498,0
1,1,5,20000,13547000,173004575,0
2,0,5,20000,13215000,169451717,0
2,1,5,20000,13521000,173436063,0
3,0,5,20000,13254000,169131595,0
3,1,5,20000,13533000,173023264,0
0,0,6,20000,12980000,170403452,0
0,1,6,20000,13549000,174403067,0
1,0,6,20000,13248000,169123595,0
1,1,6,20000,13540000,173006187,0
2,0,6,20000,13205000,169443498,0
2,1,6,20000,13541000,173443845,0
3,0,6,20000,13248000,169128418,0
3,1,6,20000,13046000,173018762,0
0,0,7,20000,13219000,170406686,0
0,1,7,20000,13526000,174396513,0
1,0,7,20000,13268000,169128581,0
1,1,7,20000,13552000,173007830,0
2,0,7,20000,13234000,169461126,0
2,1,7,20000,13515000,173436518,0
3,0,7,20000,13259000,169131606,0
3,1,7,20000,13263000,173019398,0
0,0,8,20000,13213000,170406687,0
0,1,8,20000,13523000,174396276,0
1,0,8,20000,13244000,169123509,0
1,1,8,20000,13567000,173011380,0
2,0,8,20000,13211000,169448504,0
2,1,8,20000,13393000,173443817,0
3,0,8,20000,12893000,169139366,0
3,1,8,20000,13309000,173005858,0
