loader: image 8216 B at 0x1c0a800, bss end 0x1c0f510
loader: ota.bin 6930 B
face S: InterTight[wght].ttf@400 12px h15 base12  105 glyphs x 4  data 10410 B + table 3360 B + kern 2757 B (919 pairs) = 16537 B   digit adv 7.00px
face M: InterTight[wght].ttf@500 15px h19 base15  105 glyphs x 4  data 13081 B + table 3360 B + kern 2976 B (992 pairs) = 19427 B   digit adv 9.00px
face L: InterTight[wght].ttf@600 28px h35 base28  41 glyphs x 2  data 5767 B + table 656 B + kern 369 B (123 pairs) = 6832 B   digit adv 18.00px
fonts total 42796 B  -> /Users/grantv/Code/dabbl8/.local-baseline/source/build/gen/ui_fonts.h
2 extra bytes in post.stringData array
2 extra bytes in post.stringData array
icons: x_oct_up: symbol_pitch_up not in the font yet, using control_arrow_up
icons: x_oct_dn: symbol_pitch_down not in the font yet, using control_arrow_down
icons 12px: 105 cells, 4248 B
icons 16px: 38 cells, 2504 B
icons 24px: 14 cells, 1368 B
icons code: 57 B
icons total 8177 B -> /Users/grantv/Code/dabbl8/.local-baseline/source/build/gen/ui_icons.h   (87 legacy names + 36 new)
keycaps: 27 pills, data 4629 B + table 216 B; knob arcs 584 B = 5429 B -> /Users/grantv/Code/dabbl8/.local-baseline/source/build/gen/ui_keycaps.h
fm6 patches: 8 -> /Users/grantv/Code/dabbl8/.local-baseline/source/build/gen/felucca_fm6.h
generated waves into /Users/grantv/Code/dabbl8/.local-baseline/source/build/genwav
samples: 5 sets, 11 zones, 126244 B ADPCM, SLICE BREAK 44100 samples, SLICE PIANO (shared) 16537 samples
size: 740 main-loop functions built for size (5 not in this build; 104 reached from an interrupt kept -Os)
  ok    .ram_text: 916 insns, no calls
  ok    image 447576 B; RAM .data+.bss 91220 B of 98304; pool 331204 B of 344064
  ok    register access: hal/ only (src/, loader/ clean)
app      /Users/grantv/Code/dabbl8/.local-baseline/source/build/felucca.bin  447576 B
loader   /Users/grantv/Code/dabbl8/.local-baseline/source/build/loader/ota.bin  6930 B
package  /Users/grantv/Code/dabbl8/.local-baseline/source/build/felucca.fwsc  610086 B, identity FM-1_900
