--------------------------------------------------------------------
Pillow 12.3.0
Python 3.14.8 (main, Sep 30 2026, 17:55:09) [Clang 21.0.0 (clang-2100.3.34.2)]
--------------------------------------------------------------------
Python executable is /Users/grantv/Code/dabbl8/.local-baseline/venv/bin/python3
Environment Python files loaded from /Users/grantv/Code/dabbl8/.local-baseline/venv
System Python files loaded from /opt/homebrew/opt/python@3.14/Frameworks/Python.framework/Versions/3.14
--------------------------------------------------------------------
Python Pillow modules loaded from /Users/grantv/Code/dabbl8/.local-baseline/venv/lib/python3.14/site-packages/PIL
Binary Pillow modules loaded from /Users/grantv/Code/dabbl8/.local-baseline/venv/lib/python3.14/site-packages/PIL
--------------------------------------------------------------------
--- PIL CORE support ok, compiled for 12.3.0
*** TKINTER support not installed
--- FREETYPE2 support ok, loaded 2.14.3
--- LITTLECMS2 support ok, loaded 2.19
--- WEBP support ok, loaded 1.6.0
--- AVIF support ok, loaded 1.4.2
--- JPEG support ok, compiled for libjpeg-turbo 3.1.4.1
--- OPENJPEG (JPEG2000) support ok, loaded 2.5.4
--- ZLIB (PNG/ZIP) support ok, loaded 1.3.1.zlib-ng, compiled for zlib-ng 2.3.3
--- LIBTIFF support ok, loaded 4.7.1
--- RAQM (Bidirectional Text) support ok, loaded 0.10.5, fribidi 1.0.17, harfbuzz 14.2.1
*** LIBIMAGEQUANT (Quantization method) support not installed
--- XCB (X protocol) support ok
--------------------------------------------------------------------
AVIF image/avif
Extensions: .avif, .avifs
Features: open, save, save_all
--------------------------------------------------------------------
BLP
Extensions: .blp
Features: open, save, encode
--------------------------------------------------------------------
BMP image/bmp
Extensions: .bmp
Features: open, save
--------------------------------------------------------------------
BUFR
Extensions: .bufr
Features: open, save
--------------------------------------------------------------------
CUR
Extensions: .cur
Features: open
--------------------------------------------------------------------
DCX
Extensions: .dcx
Features: open
--------------------------------------------------------------------
DDS
Extensions: .dds
Features: open, save
--------------------------------------------------------------------
DIB image/bmp
Extensions: .dib
Features: open, save
--------------------------------------------------------------------
EPS application/postscript
Extensions: .eps, .ps
Features: open, save
--------------------------------------------------------------------
FITS
Extensions: .fit, .fits
Features: open
--------------------------------------------------------------------
FLI
Extensions: .flc, .fli
Features: open
--------------------------------------------------------------------
FTEX
Extensions: .ftc, .ftu
Features: open
--------------------------------------------------------------------
GBR
Extensions: .gbr
Features: open
--------------------------------------------------------------------
GIF image/gif
Extensions: .gif
Features: open, save, save_all
--------------------------------------------------------------------
GRIB
Extensions: .grib
Features: open, save
--------------------------------------------------------------------
HDF5
Extensions: .h5, .hdf
Features: open, save
--------------------------------------------------------------------
ICNS image/icns
Extensions: .icns
Features: open, save
--------------------------------------------------------------------
ICO image/x-icon
Extensions: .ico
Features: open, save
--------------------------------------------------------------------
IM
Extensions: .im
Features: open, save
--------------------------------------------------------------------
IMT
Features: open
--------------------------------------------------------------------
IPTC
Extensions: .iim
Features: open
--------------------------------------------------------------------
JPEG image/jpeg
Extensions: .jfif, .jpe, .jpeg, .jpg
Features: open, save
--------------------------------------------------------------------
JPEG2000 image/jp2
Extensions: .j2c, .j2k, .jp2, .jpc, .jpf, .jpx
Features: open, save
--------------------------------------------------------------------
MCIDAS
Features: open
--------------------------------------------------------------------
MPEG video/mpeg
Extensions: .mpeg, .mpg
Features: open
--------------------------------------------------------------------
MSP
Extensions: .msp
Features: open, save, decode
--------------------------------------------------------------------
PCD
Extensions: .pcd
Features: open
--------------------------------------------------------------------
PCX image/x-pcx
Extensions: .pcx
Features: open, save
--------------------------------------------------------------------
PIXAR
Extensions: .pxr
Features: open
--------------------------------------------------------------------
PNG image/png
Extensions: .apng, .png
Features: open, save, save_all
--------------------------------------------------------------------
PPM image/x-portable-anymap
Extensions: .pbm, .pfm, .pgm, .pnm, .ppm
Features: open, save
--------------------------------------------------------------------
PSD image/vnd.adobe.photoshop
Extensions: .psd
Features: open
--------------------------------------------------------------------
QOI
Extensions: .qoi
Features: open, save
--------------------------------------------------------------------
SGI image/sgi
Extensions: .bw, .rgb, .rgba, .sgi
Features: open, save
--------------------------------------------------------------------
SPIDER
Features: open, save
--------------------------------------------------------------------
SUN
Extensions: .ras
Features: open
--------------------------------------------------------------------
TGA image/x-tga
Extensions: .icb, .tga, .vda, .vst
Features: open, save
--------------------------------------------------------------------
TIFF image/tiff
Extensions: .tif, .tiff
Features: open, save, save_all
--------------------------------------------------------------------
WEBP image/webp
Extensions: .webp
Features: open, save, save_all
--------------------------------------------------------------------
WMF
Extensions: .emf, .wmf
Features: open, save
--------------------------------------------------------------------
XBM image/xbm
Extensions: .xbm
Features: open, save
--------------------------------------------------------------------
XPM image/xpm
Extensions: .xpm
Features: open
--------------------------------------------------------------------
XVTHUMB
Features: open
--------------------------------------------------------------------
