
build/felucca.elf:	file format ELF32-pi32v2

SYMBOL TABLE:
00000000         *UND*		 00000000 
02000120 l    d  .text		 00000000 .text
01c00000 l    d  .ram_text		 00000000 .ram_text
01c08000 l    d  .data		 00000000 .data
01c08130 l    d  .bss		 00000000 .bss
01c20000 l    d  .pool		 00000000 .pool
01c7c000 l    d  .noinit		 00000000 .noinit
00000000 l    df *ABS*		 00000000 build/felucca_size.ll
0200457e         .text		 00000000 .GJTIE103_0_0_
02004882         .text		 00000000 .GJTIE106_0_0_
02005a20         .text		 00000000 .GJTIE121_0_0_
02007cea         .text		 00000000 .GJTIE129_0_0_
0200fbd8         .text		 00000000 .GJTIE337_0_0_
0200fc80         .text		 00000000 .GJTIE338_0_0_
0200fe02         .text		 00000000 .GJTIE341_0_0_
02010cba         .text		 00000000 .GJTIE372_0_0_
0201100a         .text		 00000000 .GJTIE372_1_1_
02010fca         .text		 00000000 .GJTIE372_2_2_
02010f88         .text		 00000000 .GJTIE372_3_3_
02010d0c         .text		 00000000 .GJTIE372_4_4_
02011740         .text		 00000000 .GJTIE372_5_5_
02011272         .text		 00000000 .GJTIE372_6_6_
0201134e         .text		 00000000 .GJTIE372_7_7_
02012298         .text		 00000000 .GJTIE372_8_8_
02013d00         .text		 00000000 .GJTIE409_0_0_
02015aa8         .text		 00000000 .GJTIE491_0_0_
02015cb0         .text		 00000000 .GJTIE491_1_1_
020169d4         .text		 00000000 .GJTIE511_0_0_
02016a02         .text		 00000000 .GJTIE512_0_0_
020175ac         .text		 00000000 .GJTIE533_0_0_
02017cf4         .text		 00000000 .GJTIE539_0_0_
0201826e         .text		 00000000 .GJTIE539_1_1_
0201847c         .text		 00000000 .GJTIE539_2_2_
02019374         .text		 00000000 .GJTIE539_3_3_
02019a28         .text		 00000000 .GJTIE539_4_4_
02019d20         .text		 00000000 .GJTIE539_5_5_
0201cc18         .text		 00000000 .GJTIE584_0_0_
0201d344         .text		 00000000 .GJTIE599_0_0_
0201d95c         .text		 00000000 .GJTIE599_1_1_
0201fa16         .text		 00000000 .GJTIE632_0_0_
02020354         .text		 00000000 .GJTIE632_1_1_
02022e82         .text		 00000000 .GJTIE633_0_0_
02022ef0         .text		 00000000 .GJTIE634_0_0_
020232da         .text		 00000000 .GJTIE636_0_0_
02023b28         .text		 00000000 .GJTIE636_1_1_
02024e92         .text		 00000000 .GJTIE636_2_2_
02025156         .text		 00000000 .GJTIE636_3_3_
02027da2         .text		 00000000 .GJTIE637_0_0_
02028b62         .text		 00000000 .GJTIE640_0_0_
0202907e         .text		 00000000 .GJTIE644_0_0_
02029188         .text		 00000000 .GJTIE645_0_0_
0202974a         .text		 00000000 .GJTIE648_0_0_
0202a8e4         .text		 00000000 .GJTIE663_0_0_
0202abb0         .text		 00000000 .GJTIE664_0_0_
0202b4ec         .text		 00000000 .GJTIE667_0_0_
0202feee         .text		 00000000 .GJTIE711_0_0_
0202fcde         .text		 00000000 .GJTIE711_1_1_
0203137c         .text		 00000000 .GJTIE711_2_2_
02032b78         .text		 00000000 .GJTIE725_0_0_
02004132         .text		 00000000 .GJTIE99_0_0_
02010c28         .text		 00000000 .GJTIL372_0_0_
02010ffe         .text		 00000000 .GJTIL372_1_1_
02010fbe         .text		 00000000 .GJTIL372_2_2_
02010f7c         .text		 00000000 .GJTIL372_3_3_
02010d02         .text		 00000000 .GJTIL372_4_4_
02011738         .text		 00000000 .GJTIL372_5_5_
0201126a         .text		 00000000 .GJTIL372_6_6_
020112bc         .text		 00000000 .GJTIL372_7_7_
0201228c         .text		 00000000 .GJTIL372_8_8_
02015ca8         .text		 00000000 .GJTIL491_1_1_
0201846e         .text		 00000000 .GJTIL539_2_2_
02019a18         .text		 00000000 .GJTIL539_4_4_
02019d08         .text		 00000000 .GJTIL539_5_5_
0201cbfe         .text		 00000000 .GJTIL584_0_0_
0201d336         .text		 00000000 .GJTIL599_0_0_
0201d940         .text		 00000000 .GJTIL599_1_1_
0201fa0e         .text		 00000000 .GJTIL632_0_0_
0202032a         .text		 00000000 .GJTIL632_1_1_
020232c8         .text		 00000000 .GJTIL636_0_0_
02023b1c         .text		 00000000 .GJTIL636_1_1_
0202514c         .text		 00000000 .GJTIL636_3_3_
0202a8d8         .text		 00000000 .GJTIL663_0_0_
0202fed6         .text		 00000000 .GJTIL711_0_0_
0202fcc6         .text		 00000000 .GJTIL711_1_1_
02004576         .text		 00000000 .GJTIS103_0_0_
0200487e         .text		 00000000 .GJTIS106_0_0_
02005a1c         .text		 00000000 .GJTIS121_0_0_
02007ce6         .text		 00000000 .GJTIS129_0_0_
0200fbc8         .text		 00000000 .GJTIS337_0_0_
0200fc70         .text		 00000000 .GJTIS338_0_0_
0200fdf2         .text		 00000000 .GJTIS341_0_0_
02013cf4         .text		 00000000 .GJTIS409_0_0_
02015aa0         .text		 00000000 .GJTIS491_0_0_
020169ca         .text		 00000000 .GJTIS511_0_0_
020169fc         .text		 00000000 .GJTIS512_0_0_
020175a0         .text		 00000000 .GJTIS533_0_0_
02017cee         .text		 00000000 .GJTIS539_0_0_
02018268         .text		 00000000 .GJTIS539_1_1_
0201936c         .text		 00000000 .GJTIS539_3_3_
02022e76         .text		 00000000 .GJTIS633_0_0_
02022ee4         .text		 00000000 .GJTIS634_0_0_
02024e8c         .text		 00000000 .GJTIS636_2_2_
02027d9c         .text		 00000000 .GJTIS637_0_0_
02028b5e         .text		 00000000 .GJTIS640_0_0_
02029078         .text		 00000000 .GJTIS644_0_0_
02029182         .text		 00000000 .GJTIS645_0_0_
02029746         .text		 00000000 .GJTIS648_0_0_
0202abaa         .text		 00000000 .GJTIS664_0_0_
0202b4e4         .text		 00000000 .GJTIS667_0_0_
02031370         .text		 00000000 .GJTIS711_2_2_
02032b72         .text		 00000000 .GJTIS725_0_0_
02004126         .text		 00000000 .GJTIS99_0_0_
01c08020 l       .data		 00000104 .L_MergedGlobals
01c1c460 l       .bss		 000001fc .L_MergedGlobals.1
01c1d420 l       .bss		 000001a4 .L_MergedGlobals.10
01c1d5d0 l       .bss		 000001cc .L_MergedGlobals.11
01c1d7a0 l       .bss		 00000100 .L_MergedGlobals.12
01c1d8a0 l       .bss		 00000100 .L_MergedGlobals.13
01c1d9a0 l       .bss		 00000100 .L_MergedGlobals.14
01c1daa0 l       .bss		 00000100 .L_MergedGlobals.15
01c1dba0 l       .bss		 00000100 .L_MergedGlobals.16
01c1dca0 l       .bss		 00000100 .L_MergedGlobals.17
01c1dda0 l       .bss		 00000100 .L_MergedGlobals.18
01c1dea0 l       .bss		 00000100 .L_MergedGlobals.19
01c1c660 l       .bss		 000001ec .L_MergedGlobals.2
01c1dfa0 l       .bss		 00000104 .L_MergedGlobals.20
01c1e0b0 l       .bss		 00000108 .L_MergedGlobals.21
01c1e1c0 l       .bss		 00000118 .L_MergedGlobals.22
01c1e2e0 l       .bss		 00000174 .L_MergedGlobals.23
01c1c850 l       .bss		 000001d4 .L_MergedGlobals.3
01c1ca30 l       .bss		 000001c0 .L_MergedGlobals.4
01c1cbf0 l       .bss		 000001a4 .L_MergedGlobals.5
01c1cda0 l       .bss		 000001dc .L_MergedGlobals.6
01c1cf80 l       .bss		 00000180 .L_MergedGlobals.7
01c1d100 l       .bss		 000001a0 .L_MergedGlobals.8
01c1d2a0 l       .bss		 00000180 .L_MergedGlobals.9
0206a840 l       .text		 0000000c .Lswitch.table
0206815c l       .text		 0000000c .Lui_input.b
020685b0 l       .text		 00000074 ABOUT_QR
020664a4 l       .text		 00000024 AF_L
02066758 l       .text		 0000164a AF_L_DATA
02067f13 l       .text		 00000028 AF_L_EX
020664c8 l       .text		 00000290 AF_L_G
02067f3b l       .text		 0000003d AF_L_HC
02067e98 l       .text		 0000007b AF_L_KD
02067da2 l       .text		 000000f6 AF_L_KERN
0205aa64 l       .text		 00000024 AF_M
0205b7a8 l       .text		 000032e4 AF_M_DATA
0205f62c l       .text		 0000000a AF_M_EX
0205aa88 l       .text		 00000d20 AF_M_G
0205f636 l       .text		 00000035 AF_M_HC
0205f24c l       .text		 000003e0 AF_M_KD
0205ea8c l       .text		 000007c0 AF_M_KERN
020603f0 l       .text		 00000024 AF_S
02063128 l       .text		 000028aa AF_S_DATA
02066497 l       .text		 0000000a AF_S_EX
02062408 l       .text		 00000d20 AF_S_G
02066100 l       .text		 00000397 AF_S_KD
020659d2 l       .text		 0000072e AF_S_KERN
02061482 l       .text		 00000e79 AI12_DATA
02060660 l       .text		 0000007b AI12_IDX
02060498 l       .text		 000000d2 AI12_INK
020622fc l       .text		 000000d2 AI12_OFF
02060b80 l       .text		 000008b5 AI16_DATA
020605e5 l       .text		 0000007b AI16_IDX
0206044c l       .text		 0000004c AI16_INK
02061436 l       .text		 0000004c AI16_OFF
020606db l       .text		 00000489 AI24_DATA
0206056a l       .text		 0000007b AI24_IDX
02060414 l       .text		 00000038 AI24_INK
02060b64 l       .text		 0000001c AI24_OFF
020623ce l       .text		 00000039 AI_HC
0203429c l       .text		 00000120 ANALOG_PRESETS
0206039c l       .text		 00000038 B_NAME
0206c770 l       .text		 00000004 B_NOTE
0205a86f l       .text		 000000fc CFG_DESC
0205a96b l       .text		 000000b2 CFG_DESC_PLAIN
02057b52 l       .text		 0000001c CHORD_SHAPE
0205a7c4 l       .text		 00000006 CLICK_GAIN
020680b0 l       .text		 0000000c CLICK_N
020680bc l       .text		 0000000c CLKLVL_N
020680c8 l       .text		 0000000c COUNTIN_N
0206c7e8 l       .text		 00000010 CURVE_DARK
0206c7d8 l       .text		 00000010 CURVE_LIGHT
0206a0d8 l       .text		 00000100 CUTOFF_HZ
0205a84b l       .text		 00000012 DEV_DESC
0205a85d l       .text		 00000012 DEV_DESC_PLAIN
0205fa18 l       .text		 000000c0 DIGITAL_PRESETS
02057b40 l       .text		 00000006 DIV_DEN
0206875c l       .text		 0000000a DIV_ORDER
020550ce l       .text		 00000009 DK_PLAYS
02068458 l       .text		 00000005 DK_SWAP
02055064 l       .text		 0000005e DRUM_GM
0206c788 l       .text		 00000008 DRUM_LANE_NOTE
0205504c l       .text		 00000018 DRUM_PRESETS
02054a40 l       .text		 00000024 DRW_FOLD_LIM
02054a64 l       .text		 00000012 DRW_LV
02054a90 l       .text		 000000a0 DRW_REG
02054a78 l       .text		 00000018 DRW_ROT_SPD
02055628 l       .text		 000000a8 DV_DEF
020550d8 l       .text		 00000550 DV_KIT
020556d0 l       .text		 00000005 DV_KIT_ACC
020556d6 l       .text		 00000054 DV_METAL_R
020550c2 l       .text		 0000000c DV_TYPE_LANE
02067f7b l       .text		 0000000d ED_BK_IDS
02067f88 l       .text		 00000024 ED_MENU
02067f78 l       .text		 00000003 ED_TIDS
02033648 l       .text		 00000038 ENGINES
02068428 l       .text		 0000000d ENGINE_ORDER
02033680 l       .text		 000000dc ENG_ANALOG
02033f18 l       .text		 000000dc ENG_DRUM
0203375c l       .text		 000000dc ENG_FM4_GONE
020340d0 l       .text		 000000dc ENG_FM6
02033acc l       .text		 000000dc ENG_FORMANT
02033d60 l       .text		 000000dc ENG_GRAIN
02033914 l       .text		 000000dc ENG_LOFI
02033ff4 l       .text		 000000dc ENG_NOISE
02033838 l       .text		 000000dc ENG_PHASE
02033e3c l       .text		 000000dc ENG_PHYS
020339f0 l       .text		 000000dc ENG_SAMPLE
020341ac l       .text		 000000dc ENG_SLICE
02033ba8 l       .text		 000000dc ENG_TRIO
02033c84 l       .text		 000000dc ENG_WHEEL
02057a40 l       .text		 00000100 ENV_EXP
0205457c l       .text		 00000200 ENV_LIN
020603d4 l       .text		 0000001c E_NAME
02068743 l       .text		 0000000b FAM_BTN
0206c8a8 l       .text		 00000020 FM1_ANIM_POW
0205a828 l       .text		 0000001b FM1_ANIM_X
0205a80c l       .text		 0000001c FM1_ENC
0205a7ca l       .text		 00000042 FM1_KEYMAP
0206c888 l       .text		 00000020 FM1__BR_K
0205f9d0 l       .text		 00000048 FM4_ALG
0206c798 l       .text		 00000008 FM4_TO_FM6
02055a56 l       .text		 000000c0 FM6_ALG
0206c7c8 l       .text		 00000010 FM6_AMSENS
0206a764 l       .text		 000000c0 FM6_CELL
02055f54 l       .text		 00000080 FM6_COARSE
02055e54 l       .text		 00000100 FM6_DETUNE
0205622c l       .text		 00001004 FM6_EXP2
02055cbc l       .text		 00000021 FM6_EXPSCALE
0205ff9c l       .text		 00000400 FM6_FACTORY
02055fd4 l       .text		 00000190 FM6_FINE
0205f6c0 l       .text		 00000080 FM6_INIT
02055ca8 l       .text		 00000014 FM6_LEVELLUT
02055b18 l       .text		 00000190 FM6_LFO_DELTA
020561c8 l       .text		 00000064 FM6_PENV_RATE
02056164 l       .text		 00000064 FM6_PENV_TAB
0206c780 l       .text		 00000008 FM6_PMS
02055990 l       .text		 000000c0 FM6_PRESETS
02055d20 l       .text		 00000134 FM6_STATICS
02055cdd l       .text		 00000040 FM6_VELDATA
0205451c l       .text		 00000060 FORMANT_PRESETS
020699e0 l       .text		 00000018 FX_LATCH_FOOT
0205f740 l       .text		 0000021c GP
02054b30 l       .text		 00000060 GRAIN_PRESETS
02054b90 l       .text		 00000202 GR_HANN
02054d92 l       .text		 0000001a GR_NORM
0206c7a8 l       .text		 00000008 HOLD_MS
020680a0 l       .text		 00000010 HOLD_N
02069a08 l       .text		 000004d0 ICON_MAP
0206c778 l       .text		 00000008 IMA_IDX
02054468 l       .text		 000000b2 IMA_STEP
02068664 l       .text		 000000d8 KC
02068771 l       .text		 00001215 KC_DATA
0206a586 l       .text		 00000121 KNOB_BIG_ANG
0206a4f5 l       .text		 00000091 KNOB_BIG_COV
0206a6d9 l       .text		 00000064 KNOB_SMALL_ANG
0206a6a7 l       .text		 00000032 KNOB_SMALL_COV
02068348 l       .text		 000000e0 LAYERS
0205fda3 l       .text		 00000014 LCD_SEQ
0206c76c l       .text		 00000004 LEDS_MENU
020680e8 l       .text		 00000010 LEDS_NAME
0206a1d8 l       .text		 00000100 LEVEL_DB_X10
020586ae l       .text		 00000100 LEVEL_Q12
02069ed8 l       .text		 00000200 LFO_HZ_X100
020587bc l       .text		 00000200 LFO_INC
0203546c l       .text		 00000014 LOFI_DCY
020352d4 l       .text		 00000078 LOFI_PRESETS
02035458 l       .text		 00000014 LOFI_WAVNUM
0206873c l       .text		 00000007 LY_KC
02068460 l       .text		 0000000c LY_SCL
0206846c l       .text		 0000000c LY_SEQ
02068478 l       .text		 00000138 MENU_CREDITS
02068020 l       .text		 0000006c MENU_FLAGS
02057b84 l       .text		 0000000e MIDI_CC_ENG
02057b6e l       .text		 00000016 MIDI_CC_MAP
02067fac l       .text		 00000050 MI_NAME
02067ffc l       .text		 00000014 MI_TAB
0206c7b0 l       .text		 00000008 MTAB_ICON
02068010 l       .text		 00000010 MTAB_NAME
02068624 l       .text		 00000040 NM_ABC
0206bffa l       .text		 00000011 NM_NUM
0206c03c l       .text		 0000002c NM_SET
02055884 l       .text		 00000014 NOISE_CLK
0205585c l       .text		 00000014 NOISE_LONG
02055870 l       .text		 00000014 NOISE_META
0205573c l       .text		 00000060 NOISE_PRESETS
0205579c l       .text		 000000c0 NOISE_SEQ
0206c828 l       .text		 00000020 NOISE_TAPS
0205844c l       .text		 00000008 N_ALLOC
02058364 l       .text		 0000003c N_AMODE
02034288 l       .text		 00000014 N_ANALOG_WAVE
0203529c l       .text		 00000014 N_CHIP
020584ec l       .text		 00000028 N_CHRD
0205f95c l       .text		 0000000c N_CLOCK
0205f970 l       .text		 00000004 N_DASH
020354c4 l       .text		 00000084 N_DCY
020583a0 l       .text		 00000028 N_DIV
02055044 l       .text		 00000008 N_DRUM_KICK
02055020 l       .text		 00000024 N_DRUM_KIT
020549a0 l       .text		 0000001c N_DRW_PERC
02054960 l       .text		 00000040 N_DRW_REG
020549bc l       .text		 0000000c N_DRW_ROTR
0205f984 l       .text		 00000038 N_ENGNAME
020558e0 l       .text		 00000088 N_FM6_ALG
02055968 l       .text		 00000028 N_FM6_PATCH
02058438 l       .text		 00000008 N_GLMODE
0205f97c l       .text		 00000008 N_GO
02058350 l       .text		 00000014 N_LWAVE
0205849c l       .text		 00000050 N_MDST
0205f968 l       .text		 00000008 N_MIDI_INPUT
02058478 l       .text		 00000024 N_MSRC
02055898 l       .text		 00000024 N_NOISE_LONG
020558bc l       .text		 00000024 N_NOISE_META
0205572c l       .text		 00000010 N_NOISE_MODE
0206a2d8 l       .text		 00000030 N_NOTE
020583c8 l       .text		 00000008 N_ONOFF
02035568 l       .text		 00000008 N_ONOFF_E
020583d0 l       .text		 00000008 N_ORDER
02035204 l       .text		 00000008 N_PD_LINE
020351c0 l       .text		 00000020 N_PD_WAVE
020351e0 l       .text		 00000024 N_PD_WAVE2
02054ffc l       .text		 00000024 N_PHYS_CHORD
02054dac l       .text		 00000010 N_PHYS_MODEL
02058440 l       .text		 0000000c N_PRIO
02058418 l       .text		 00000010 N_QUANT
020352c4 l       .text		 00000010 N_RARP
0205f974 l       .text		 00000008 N_ROUTE
0205f9bc l       .text		 00000008 N_RTYPE
020352b0 l       .text		 00000014 N_RWAVE
020583d8 l       .text		 00000040 N_SCALE
02058454 l       .text		 0000000c N_SLCR
02057244 l       .text		 00000018 N_SLC_DIV
0205725c l       .text		 0000000c N_SLC_MODE
02057268 l       .text		 00000008 N_SLC_REV
02057230 l       .text		 00000014 N_SLC_SRC
02058460 l       .text		 00000018 N_SLDIV
02054820 l       .text		 00000010 N_TRIO_MODE
020547e0 l       .text		 00000040 N_TRIO_WAVE
02058514 l       .text		 00000014 N_VOIC
02058428 l       .text		 00000010 N_VOICE
02035480 l       .text		 00000044 N_WRAM
02068168 l       .text		 000001e0 PAGES
0206c8c8 l       .text		 00000020 PANEL_DEFAULT
0205fdc8 l       .text		 000001d4 PATTERNS
0206c760 l       .text		 00000004 PF_DEN
0206a37c l       .text		 0000000c PF_DIV
0206a370 l       .text		 0000000a PF_ICON
0205852e l       .text		 00000180 PF_SVF
0203520c l       .text		 00000090 PHASE_PRESETS
02054eee l       .text		 0000002a PHYS_CHORDS
02054f18 l       .text		 00000080 PHYS_DESC
0206acc4 l       .text		 00000003 PHYS_DETUNE
02054fac l       .text		 00000014 PHYS_D_BEND
02054fe8 l       .text		 00000014 PHYS_D_BUZZ
02054fc0 l       .text		 00000014 PHYS_D_CHRD
02054f98 l       .text		 00000014 PHYS_D_HARM
02054fd4 l       .text		 00000014 PHYS_D_SYMP
0206c7b8 l       .text		 00000010 PHYS_GAIN
02054dbc l       .text		 000000d8 PHYS_PRESETS
020343bc l       .text		 00000300 PITCH_OCT
02054e94 l       .text		 00000028 PX_MEMB_IDEAL
02054ebc l       .text		 00000028 PX_MEMB_LOADED
02054ee4 l       .text		 0000000a PX_MEMB_M
0206c764 l       .text		 00000004 REV_AP
0206c790 l       .text		 00000008 REV_COMB
02068435 l       .text		 00000003 RL_F
02069a04 l       .text		 00000003 RL_ICON
020699f8 l       .text		 0000000c RL_LABEL
02069986 l       .text		 00000011 ROLL_EASE
0206c848 l       .text		 00000020 SCALE_MASK
020680d4 l       .text		 00000014 SCROFF_N
0206876c l       .text		 00000005 SCR_MIN
020547ac l       .text		 00000034 SEMI_Q16
020347bc l       .text		 00000802 SINE
020572a0 l       .text		 000003d0 SLC_BREAK
02057670 l       .text		 000003d0 SLC_PIANO
02068766 l       .text		 00000006 SLDIV_ORDER
02057270 l       .text		 00000030 SLICE_PRESETS
020589bc l       .text		 00000006 SL_DEN
0206c868 l       .text		 00000020 SL_PAT
02035548 l       .text		 00000020 SMP_ALL_NAMES
02035744 l       .text		 0001ed24 SMP_DATA
02035570 l       .text		 00000078 SMP_PRESET_TABLE
020355e8 l       .text		 00000028 SMP_SETS
02058528 l       .text		 00000005 SMP_SET_ORIG
02035610 l       .text		 00000134 SMP_ZONES
02068094 l       .text		 0000000c SPK_EQ
0205fdb8 l       .text		 00000010 SPLASH_LINES
0205aa1d l       .text		 00000004 STR0
0205aa21 l       .text		 0000002a STR1
0205aa4b l       .text		 00000010 STR2
0206808c l       .text		 00000008 STYLE_N
020346bc l       .text		 00000100 SVF_G
02034fbe l       .text		 00000202 TANH_Q15
0205fad8 l       .text		 00000200 TIME_MS_X10
0206a3b8 l       .text		 0000000c TL_ICON
0206a388 l       .text		 00000030 TL_NAME
02057b94 l       .text		 000007bc TP
02054948 l       .text		 00000018 TRIO_MIX
02054830 l       .text		 00000078 TRIO_PRESETS
020548a8 l       .text		 000000a0 TRIO_SETS
0205f9c4 l       .text		 0000000c TRK_DEF
020589c4 l       .text		 00001e00 UAC_FIR
0205fd00 l       .text		 000000a0 UI_PALETTES
0205f6ac l       .text		 00000014 UI_PALETTE_MIGRATE
0205479a l       .text		 0000000f VOWEL_B
0205477c l       .text		 0000001e VOWEL_F
0206a478 l       .text		 00000068 WAVE_ICON
020549c8 l       .text		 00000078 WHEEL_PRESETS
02035358 l       .text		 00000100 WRAM
0206c818 l       .text		 00000010 W_NOTE
01c08134 l       .bss		 00000800 abuf
02014b64 l     F .text		 000000ac accel
0201752c l     F .text		 00000038 act_col
02013cd0 l     F .text		 00000090 act_cols
0206a824 l       .text		 0000000c act_name.UP_GO
0206a830 l       .text		 00000010 act_name.actions
02017564 l     F .text		 000001f2 act_ready
02028998 l     F .text		 00000022 analog_note_on
020289ba l     F .text		 000006a2 analog_render
0201023e l     F .text		 0000001e apply_preset
0200dfea l     F .text		 00000166 apply_preset_to
0200421c l     F .text		 00000090 arp_chord
0200193a l     F .text		 00000032 arp_chord_off
0200196c l     F .text		 00000044 arp_off
020040ce l     F .text		 0000014e arp_pick
01c70da4 l       .pool		 00000004 as.0
01c70da8 l       .pool		 00000004 as.1
01c70dac l       .pool		 00000004 as.2
01c70db0 l       .pool		 00000004 as.3
01c70db4 l       .pool		 00000004 as.4
01c70db8 l       .pool		 00000004 as.5
01c70dbc l       .pool		 00000004 as.6
01c70dc0 l       .pool		 00000001 as.7
0200f238 l     F .text		 00000016 as_mix
01c1c4bc l       .bss		 00000004 audio_cpu_rem
01c1c4b4 l       .bss		 00000004 audio_halves
01c1c4b8 l       .bss		 00000004 audio_max_us
0200d05a l     F .text		 00000018 audio_silence
0200f24e l     F .text		 000000c6 autosave_sig
0201f316 l     F .text		 00000012 bar_x
02069997 l       .text		 00000005 batt_icon.I
0201b05c l     F .text		 0000003c batt_shown
01c1c504 l       .bss		 00000004 beat_n
01c1c500 l       .bss		 00000004 beat_pos
02017774 l     F .text		 0000003e black_held
01c1c481 l       .bss		 00000001 boot_clean
02013a2e l     F .text		 00000064 btn_hold
0201c072 l     F .text		 00000012 card_h
01c1c493 l       .bss		 00000001 card_mot
01c1c794 l       .bss		 00000010 card_mot_mask
01c1c492 l       .bss		 00000001 card_mot_next
0201ce72 l     F .text		 0000004c card_mot_of
01c08034 l       .data		 00000014 cdc
01c1dca0 l       .bss		 00000100 cdc_in
01c145e4 l       .bss		 00000800 cdc_out
01c10614 l       .bss		 000030e0 chain
02001b84 l     F .text		 000000a8 chain_apply
0200eada l     F .text		 00000022 chain_busy
01c1c850 l       .bss		 00000024 chain_config
0200b046 l     F .text		 0000001e chain_defaults
020174d4 l     F .text		 00000058 chain_play_ui
02010a22 l     F .text		 000001c0 chain_prepare
0200add6 l     F .text		 00000032 chain_valid
01c3d390 l       .pool		 00001000 cho_buf
02002af0 l     F .text		 0000007a chord_build
02002866 l     F .text		 00000034 chord_kit
01c1c89c l       .bss		 00000028 chord_last
0200289a l     F .text		 00000256 chord_make
01c1c5a4 l       .bss		 00000004 ci_r
01c1c5a0 l       .bss		 00000004 ci_w
01c1c464 l       .bss		 00000001 cin_bars
02001de6 l     F .text		 00000028 cin_begin
02001d26 l     F .text		 00000060 cin_block
01c1c4fc l       .bss		 00000004 cin_flush
02002b6a l     F .text		 000000aa cin_keep
01c1c462 l       .bss		 00000001 cin_left
01c1c508 l       .bss		 00000004 cin_n
01c1c734 l       .bss		 00000010 cin_note
01c1c50c l       .bss		 00000004 cin_pos
0200404c l     F .text		 00000082 cin_record
01c1c46a l       .bss		 00000001 cin_total
01c1c510 l       .bss		 00000004 cin_up
01c1c764 l       .bss		 00000010 cin_vel
01c08010 l       .data		 00000001 click_lvl
01c1c470 l       .bss		 00000001 click_mode
0200689a l     F .text		 000000fc click_render
01c1c46b l       .bss		 00000001 click_req
01c1c670 l       .bss		 00000004 clk.0
01c1c674 l       .bss		 00000004 clk.1
01c1c678 l       .bss		 00000004 clk.2
01c1c67c l       .bss		 00000004 clk.3
01c1c680 l       .bss		 00000004 clk.4
01c0802c l       .data		 00000004 clk_pos
01c1c53c l       .bss		 00000004 clk_step
01c1c5ac l       .bss		 00000004 co_r
01c1c5a8 l       .bss		 00000004 co_w
01c1cbf0 l       .bss		 00000048 con
02068110 l       .text		 0000004c con_dbg.NAMES
020137a0 l     F .text		 00000050 con_dec
01c1dda0 l       .bss		 00000100 con_flr.b
0201390e l     F .text		 0000002c con_hex
01c1c600 l       .bss		 00000004 con_inp.t_last
020137f0 l     F .text		 00000020 con_kv
0201393a l     F .text		 00000026 con_kx
02013960 l     F .text		 00000084 con_num
020136d6 l     F .text		 00000076 con_putc
0201374c l     F .text		 00000012 con_puts
02013810 l     F .text		 000000fe con_uac
0201375e l     F .text		 00000042 con_word
0201450e l     F .text		 0000001c confirm_open
01c7f9c8 l       .noinit		 00000004 crash_seen
0200eb40 l     F .text		 00000022 cur_page
02017486 l     F .text		 00000032 cursor_fix
02014ce8 l     F .text		 00000048 cursor_set
02000a12 l     F .text		 000000b2 cv_alpha
020007f0 l     F .text		 00000222 cv_alpha_hc
0200079c l     F .text		 00000054 cv_begin
01c1c4a2 l       .bss		 00000002 cv_bg
02000dd6 l     F .text		 00000032 cv_blit
01c1c49e l       .bss		 00000002 cv_cy0
01c1c4a0 l       .bss		 00000002 cv_cy1
0201f604 l     F .text		 0000004c cv_frame
0201b4a2 l     F .text		 0000003a cv_free_text
01c1c5b4 l       .bss		 00000004 cv_h
0200e726 l     F .text		 0000004e cv_icon_in
0200e774 l     F .text		 0000001e cv_icon_mid
0200e5f4 l     F .text		 00000132 cv_icon_on
0201afc4 l     F .text		 00000062 cv_key_hint
0201bf3c l     F .text		 000000b8 cv_key_row
0201ae9c l     F .text		 00000128 cv_keycap
0201ef68 l     F .text		 00000072 cv_line
0201efda l     F .text		 0000002e cv_line_t
01c1c5b8 l       .bss		 00000004 cv_oy
0200e448 l     F .text		 0000002e cv_pset
01c611f0 l       .pool		 0000e880 cv_px
0200e3e2 l     F .text		 00000066 cv_rect
0200e476 l     F .text		 0000017e cv_rrect
0201bd6c l     F .text		 00000018 cv_rule
02000dba l     F .text		 0000001c cv_text
0201c248 l     F .text		 00000036 cv_text_fit
02000d8a l     F .text		 00000030 cv_text_flags
0201bff4 l     F .text		 0000002c cv_text_in
0200d69c l     F .text		 00000014 cv_text_on
020164da l     F .text		 00000030 cv_text_r
01c1c5b0 l       .bss		 00000004 cv_w
01c1c54c l       .bss		 00000004 dc_l
01c1c554 l       .bss		 00000004 dc_r
01c1c550 l       .bss		 00000004 dce_l
01c1c558 l       .bss		 00000004 dce_r
0200127c l     F .text		 00000052 div_samples
01c3e390 l       .pool		 00020000 dly_buf
0201d078 l     F .text		 00000058 draw_act_column
0201c27e l     F .text		 00000942 draw_column
0201d1dc l     F .text		 000015ac draw_columns
0206a468 l       .text		 00000010 draw_columns.FLAG_N
0206a45c l       .text		 0000000c draw_columns.TIME_N
0206c774 l       .text		 00000004 draw_columns.icons
0206a44c l       .text		 00000010 draw_columns.labels
01c1c62c l       .bss		 00000004 draw_countin.shown
0201c122 l     F .text		 000000ac draw_frame
0201f918 l     F .text		 00003550 draw_graph
0201b7da l     F .text		 00000566 draw_head
01c1c628 l       .bss		 00000004 draw_head.metro_beat
01c08012 l       .data		 00000002 draw_head.metro_x
0206999c l       .text		 00000030 draw_menu.KEYS
0201b370 l     F .text		 00000036 draw_rec_mark
0201c0c0 l     F .text		 00000062 draw_rules
0200e792 l     F .text		 0000002c draw_text_box
02000e08 l     F .text		 00000056 draw_text_line
01c1c490 l       .bss		 00000001 draw_uboot.shown
0203154a l     F .text		 00000036 drum_amp
0200c0de l     F .text		 00000026 drum_from_perc
0206c7f8 l       .text		 00000010 drum_from_perc.KIT
0200af3c l     F .text		 0000003e drum_from_phys
02031580 l     F .text		 00000024 drum_keys
01c33710 l       .pool		 00001c80 drum_kit
0200220e l     F .text		 00000032 drum_lane
0201eab2 l     F .text		 00000048 drum_lane_abbr
0206a3c4 l       .text		 00000020 drum_lane_abbr.N
02014a8c l     F .text		 00000048 drum_lane_name
02068438 l       .text		 00000020 drum_lane_name.N
0202ec3c l     F .text		 0000005c drum_lane_of
0202eac6 l     F .text		 00000176 drum_note_on
0202fa66 l     F .text		 00001ae4 drum_render
02014a62 l     F .text		 0000002a drum_swaps
0201f8bc l     F .text		 00000044 drw_level
01c0b5a4 l       .bss		 00000180 drw_t
01c0aa24 l       .bss		 00000b80 drw_v
0202f7da l     F .text		 000000fa dv_bell_run
0202f35c l     F .text		 0000014e dv_clap_run
0202f8d4 l     F .text		 0000011a dv_cym_run
0202f4aa l     F .text		 0000012e dv_hat_run
0202ed86 l     F .text		 0000009a dv_hp1
0202ece0 l     F .text		 00000056 dv_kb
0202eec4 l     F .text		 00000254 dv_kick_run
0202ee96 l     F .text		 0000002e dv_metal_mix
0202ee20 l     F .text		 00000076 dv_metal_run
0202f9ee l     F .text		 00000078 dv_out
0202ed36 l     F .text		 00000050 dv_pole
0202f6fe l     F .text		 000000dc dv_rim_run
0202f118 l     F .text		 00000244 dv_snare_run
0202ec98 l     F .text		 00000048 dv_tau_of
0202f5d8 l     F .text		 00000126 dv_tom_run
0200889c l     F .text		 0000009c e0_chunk
02008938 l     F .text		 0000003e e0_send
0200f54e l     F .text		 00000020 ed_b
0200f52a l     F .text		 00000024 ed_begin
01c1c5f0 l       .bss		 00000004 ed_bk_crc
01c1c489 l       .bss		 00000001 ed_bk_gen
01c1c48a l       .bss		 00000001 ed_bk_id
01c1c5ec l       .bss		 00000004 ed_bk_len
01c1c5f8 l       .bss		 00000004 ed_bk_ms
0200f93a l     F .text		 000000d2 ed_bk_object
01c1c5f4 l       .bss		 00000004 ed_bk_pos
01c1c5e8 l       .bss		 00000004 ed_bk_put
0200fa26 l     F .text		 0000001c ed_bk_r32
01c1abf0 l       .bss		 0000023c ed_bk_settings
0200fa0c l     F .text		 0000001a ed_bk_u32
01c1c5e4 l       .bss		 00000004 ed_bk_usb
01c1c5e0 l       .bss		 00000004 ed_bk_valid
0200ffcc l     F .text		 0000004e ed_desc
0200f374 l     F .text		 00000012 ed_eng
0200f7b6 l     F .text		 00000052 ed_flash_stop
02010be2 l     F .text		 000023a6 ed_handle
01c1d360 l       .bss		 000000c0 ed_handle.r
020109c8 l     F .text		 0000005a ed_known
020100b6 l     F .text		 00000074 ed_load_after
0201001a l     F .text		 0000007e ed_load_before
01c1a9ec l       .bss		 00000004 ed_n
01c1a794 l       .bss		 00000258 ed_out
0200f386 l     F .text		 0000001c ed_room
0200f7a8 l     F .text		 0000000e ed_rv
0200f646 l     F .text		 0000001c ed_send
02012f96 l     F .text		 0000033a ed_service
01c1cb68 l       .bss		 00000040 ed_service.f
0200f46a l     F .text		 000000c0 ed_shadow
01c1a9f0 l       .bss		 00000200 ed_smp_buf
020103ac l     F .text		 0000003e ed_smp_inval
0201013a l     F .text		 0000008e ed_step_put
020101d8 l     F .text		 00000066 ed_step_reply
0200f40a l     F .text		 00000060 ed_step_sig
0200f77e l     F .text		 0000002a ed_str
0200ffb8 l     F .text		 00000014 ed_tdesc
0200f6ac l     F .text		 0000001a ed_u28
0200f726 l     F .text		 00000058 ed_ui_save
0200f6c6 l     F .text		 00000060 ed_ui_state
0200fa5e l     F .text		 0000008e ed_unpack7
0200f662 l     F .text		 00000028 ed_v
0200f3a2 l     F .text		 0000002a ed_val
01c1bed4 l       .bss		 00000001 ed_w.0
01c1bed8 l       .bss		 00000001 ed_w.1
01c1bfe0 l       .bss		 000000fc ed_w.10
01c1dea0 l       .bss		 00000100 ed_w.11
01c1c0dc l       .bss		 00000018 ed_w.12
01c1c0f4 l       .bss		 00000018 ed_w.13
01c1c6a4 l       .bss		 00000004 ed_w.14
01c1beda l       .bss		 00000001 ed_w.2
01c1bedc l       .bss		 00000001 ed_w.3
01c1bee0 l       .bss		 00000001 ed_w.4
01c1c694 l       .bss		 00000004 ed_w.5
01c1c698 l       .bss		 00000004 ed_w.6
01c1c69c l       .bss		 00000004 ed_w.7
01c1c6a0 l       .bss		 00000004 ed_w.8
01c1bee4 l       .bss		 000000fc ed_w.9
020143e8 l     F .text		 00000126 edit_load
02015a70 l     F .text		 000008a2 edit_param
02016836 l     F .text		 00000012 enc_drop
0201eafa l     F .text		 00000026 eng_abbr
0206a3e4 l       .text		 00000068 eng_abbr.A
02014330 l     F .text		 000000b8 eng_list_pos
02010586 l     F .text		 00000016 eng_ok
02014c10 l     F .text		 00000028 eng_rank
02014c38 l     F .text		 0000002e eng_step
0201414a l     F .text		 00000018 eng_vis
0201ce16 l     F .text		 00000026 engine_icon
0206a308 l       .text		 00000068 engine_icon.M
0201526e l     F .text		 00000026 enum_order
0200344c l     F .text		 00000034 enum_orig
02015294 l     F .text		 00000036 enum_rank
0205a845 l       .text		 00000003 ep0_service.RATE
0205a848 l       .text		 00000003 ep0_service.RATE48
01c1c47d l       .bss		 00000001 ep0_service.alt
0205a843 l       .text		 00000002 ep0_service.zero2
01c14210 l       .bss		 00000044 ep0buf
01c14294 l       .bss		 00000044 ep1rx
01c14254 l       .bss		 00000040 ep1tx
01c142d8 l       .bss		 00000008 ep2tx
01c14320 l       .bss		 00000044 ep3rx
01c142e0 l       .bss		 00000040 ep3tx
01c1d420 l       .bss		 000000c4 ep4tx
02014dbe l     F .text		 0000001a ev_busy
02014fea l     F .text		 0000006a ev_fix
02015370 l     F .text		 0000002e ev_follow
02014e3a l     F .text		 00000060 ev_id_ok
02014fb0 l     F .text		 0000003a ev_id_step
02014dd8 l     F .text		 00000016 ev_len
0201cfa0 l     F .text		 0000006e ev_name
02014dae l     F .text		 00000010 ev_row
02014d30 l     F .text		 0000007e ev_rows
0200d2b2 l     F .text		 00000048 favorite_has
0200d2fa l     F .text		 0000007a favorite_set
01c17940 l       .bss		 00000208 favorites
0200d398 l     F .text		 0000001a fl_erase4k
01c002b8 l     F .ram_text		 00000364 fl_erase4k_ram
0200a09c l     F .text		 0000000a fl_far
01c00000 l     F .ram_text		 0000014c fl_jedec_ram
01c0061c l     F .ram_text		 000003a8 fl_prog_ram
01c009c4 l     F .ram_text		 000001a8 fl_read_ram
01c0014c l     F .ram_text		 0000016c fl_status_ram
0200d0d6 l     F .text		 0000004a fl_write
01c1c480 l       .bss		 00000001 flash_ok
01c1c93d l       .bss		 00000029 fm1__an_acc
01c1c914 l       .bss		 00000029 fm1__an_cb
01c1c498 l       .bss		 00000002 fm1__an_f
01c1c47b l       .bss		 00000001 fm1__an_glow
020083f8 l     F .text		 00000238 fm1__anim_frame
01c1c49c l       .bss		 00000002 fm1__br_acc
01c1c479 l       .bss		 00000001 fm1__br_d
01c1c476 l       .bss		 00000001 fm1__br_lit
01c1c496 l       .bss		 00000002 fm1__br_lv
01c1c478 l       .bss		 00000001 fm1__br_on
01c1c49a l       .bss		 00000002 fm1__br_ph
01c1c47a l       .bss		 00000001 fm1__br_sel
01c08021 l       .data		 00000001 fm1__dim_k
01c08026 l       .data		 00000002 fm1__dim_t
01c08022 l       .data		 00000001 fm1__mid_n
01c1c477 l       .bss		 00000001 fm1__mid_ph
02000eb2 l     F .text		 00000048 fm1__p33_op
02000e84 l     F .text		 0000002e fm1__p33_xfer
020083c6 l     F .text		 00000032 fm1__sr_bits
01c1c475 l       .bss		 00000001 fm1__tick_col
0200e1aa l     F .text		 00000060 fm1_adc_read
01c1beb0 l       .bss		 00000001 fm1_boot.0
01c1beb4 l       .bss		 00000004 fm1_boot.1
01c1beb8 l       .bss		 00000001 fm1_boot.2
0200e20a l     F .text		 0000001a fm1_delay_ms
0200e80e l     F .text		 0000001c fm1_enc_take
0200a05e l     F .text		 0000003e fm1_enter_uboot
0206b047 l       .text		 00000010 fm1_enter_uboot.k
01c08130 l       .bss		 00000004 fm1_fault_c.in_fault
01c1e1c0 l       .bss		 00000118 fm1_in
01c1d6b0 l       .bss		 000000ec fm1_in_stat
0200e7c8 l     F .text		 00000016 fm1_input_edges
0206c7a0 l       .text		 00000008 fm1_input_init.LEDP
01c14e74 l       .bss		 00000004 fm1_lcd_timeouts
020004aa l     F .text		 00000030 fm1_lcd_wait
01c1c6e8 l       .bss		 0000000b fm1_led
01c1c6f3 l       .bss		 0000000b fm1_led_breath
01c1c6fe l       .bss		 0000000b fm1_led_dim
0200e2da l     F .text		 00000028 fm1_led_dim_level
01c1c709 l       .bss		 0000000b fm1_led_mid
02025ae6 l     F .text		 00002c6c fm1_main
01c1c5bc l       .bss		 00000004 fm1_main.t0
01c1c4d0 l       .bss		 00000004 fm1_ms
0200a01a l     F .text		 00000044 fm1_p33_read
01c15664 l       .bss		 00000004 fm1_p33_timeouts
01c1c4cc l       .bss		 00000004 fm1_timer5_irq.acc
01c1c4c8 l       .bss		 00000004 fm1_timer5_irq.last
01c1c4c4 l       .bss		 00000004 fm1_timer5_irq.owed
01c1c4c0 l       .bss		 00000004 fm1_timer5_irq.sub
0200e7be l     F .text		 0000000a fm1_wdt_feed
0200b574 l     F .text		 00000006 fm4_abs
0200dcbe l     F .text		 0000005a fm4_apply
0200b7c0 l     F .text		 000006b0 fm4_convert
0200b726 l     F .text		 0000002a fm4_fall
0202905c l     F .text		 00000002 fm4_gone_note_on
0202905e l     F .text		 00000002 fm4_gone_render
0200b6dc l     F .text		 0000004a fm4_level
0200b5c4 l     F .text		 0000004c fm4_lg
0200de5a l     F .text		 00000130 fm4_load_preset
0200b610 l     F .text		 00000016 fm4_ms
0200b640 l     F .text		 00000046 fm4_outlevel
0200b686 l     F .text		 00000056 fm4_rate
0200b57a l     F .text		 0000001c fm4_samples
0200dc0c l     F .text		 000000b2 fm6_adopt
0200ccfe l     F .text		 0000004e fm6_bank_valid
02032b36 l     F .text		 000000fa fm6_block
01c1d7a0 l       .bss		 00000100 fm6_bus
0200b596 l     F .text		 0000002e fm6_carriers
02032c30 l     F .text		 00000112 fm6_done
01c0b724 l       .bss		 00000320 fm6_eff
02031f12 l     F .text		 000000aa fm6_env_advance
01c1ccd4 l       .bss		 00000060 fm6_lfo
01c1c724 l       .bss		 00000010 fm6_lfo_d
01c1c714 l       .bss		 00000010 fm6_lfo_v
0200dfaa l     F .text		 00000040 fm6_load_slot
0205fcd8 l       .text		 00000015 fm6_max.OPMAX
0205fced l       .text		 00000013 fm6_max.VMAX
01c0ba44 l       .bss		 00001bc0 fm6_note
02032010 l     F .text		 000002fa fm6_note_on
0203230a l     F .text		 0000008c fm6_op_fb
02032396 l     F .text		 0000013e fm6_op_run
01c1b8ac l       .bss		 00000200 fm6_own
01c1c485 l       .bss		 00000001 fm6_own_ok
0200be70 l     F .text		 0000011a fm6_pack
01c0d604 l       .bss		 00000270 fm6_patch
02031fbc l     F .text		 00000054 fm6_penv_advance
01c1c4e0 l       .bss		 00000004 fm6_pgen
020324d4 l     F .text		 00000662 fm6_render
0200b750 l     F .text		 00000070 fm6_sanitize
0200b626 l     F .text		 0000001a fm6_scaleout
0200d7b4 l     F .text		 00000056 fm6_set_patch
01c1c5cc l       .bss		 00000004 fm6_slot
02031c88 l     F .text		 0000028a fm6_sync
02055a50 l       .text		 00000006 fm6_sync.SPREAD
0200ce50 l     F .text		 00000108 fm6_unpack
0201f900 l     F .text		 00000018 fm_dot
02014ad4 l     F .text		 0000006c fmt_fix
02014b40 l     F .text		 00000006 fmt_int
01c1c491 l       .bss		 00000001 fmt_named
02029f78 l     F .text		 00000058 fmt_ratio
0200d938 l     F .text		 00000016 fnv
02000684 l     F .text		 0000001a fold
02022e9a l     F .text		 0000014a foot_hint
02022fe4 l     F .text		 0000005a foot_rename
02029eb0 l     F .text		 00000040 formant_note_on
01c08000 l       .data		 00000004 formant_nz
0202a09e l     F .text		 0000076a formant_render
02029fd0 l     F .text		 000000ce fres_coef
01c1c648 l       .bss		 00000004 fx.0
01c1c64c l       .bss		 00000004 fx.1
01c1c660 l       .bss		 00000004 fx.10
01c1c664 l       .bss		 00000004 fx.11
01c1c668 l       .bss		 00000004 fx.12
01c1c66c l       .bss		 00000004 fx.13
01c1c650 l       .bss		 00000004 fx.2
01c1c654 l       .bss		 00000004 fx.3
01c1bebc l       .bss		 00000008 fx.4
01c1bec4 l       .bss		 00000004 fx.5
01c1c7a4 l       .bss		 00000010 fx.6
01c1bec8 l       .bss		 00000001 fx.7
01c1becc l       .bss		 00000002 fx.8
01c1c658 l       .bss		 00000004 fx.9
02005250 l     F .text		 00000260 fx_buses
01c1c473 l       .bss		 00000001 fx_lowcut
01c1c461 l       .bss		 00000001 fx_usb_fixed
02001556 l     F .text		 00000034 glide_set
0201ada6 l     F .text		 0000003a glo_sounding
0200070a l     F .text		 0000004a glyph
020006d0 l     F .text		 0000003a glyph_at
02016374 l     F .text		 00000026 go_home
0202bb3e l     F .text		 000000d4 gr_fill
0202b954 l     F .text		 000000a6 gr_find
01c20000 l       .pool		 00006db0 gr_p
0202ba6a l     F .text		 000000d4 gr_seek
0202c550 l     F .text		 00000422 grain_block
0202b9fa l     F .text		 00000070 grain_note_on
0202bc12 l     F .text		 0000093e grain_render
0201f0d8 l     F .text		 00000192 graph_adsr
0201c096 l     F .text		 00000012 graph_h
01c1c634 l       .bss		 00000004 graph_ht
0201f26a l     F .text		 000000ac graph_lfo
01c1c9ee l       .bss		 00000034 graph_pname
01c1c638 l       .bss		 00000004 graph_pname_sig
0201ed88 l     F .text		 0000009c graph_project_used
01c1c640 l       .bss		 00000004 graph_project_used.frame
01c1c494 l       .bss		 00000001 graph_project_used.mask
01c1c63c l       .bss		 00000004 graph_project_used.ms
01c1c644 l       .bss		 00000004 graph_project_used.ready
0201f008 l     F .text		 000000d0 graph_scope
01c1baae l       .bss		 00000400 graph_scope.snap
0201f328 l     F .text		 00000122 graph_steps
0206a740 l       .text		 00000024 graph_wheel.names
0201c084 l     F .text		 00000012 graph_y
020149d6 l     F .text		 0000008c grid_acc
020146c6 l     F .text		 00000082 grid_hit
02016312 l     F .text		 00000050 grid_on
02014674 l     F .text		 00000052 grid_own
01c15058 l       .bss		 0000060c hc_tab
0201b336 l     F .text		 0000003a head_metro
0201b4dc l     F .text		 000002fe head_msg
02000e5e l     F .text		 00000026 hexs
020177f8 l     F .text		 0000004c home_param
0200e302 l     F .text		 00000046 icon_cell
0201c1ce l     F .text		 00000032 icon_for_label
0200e348 l     F .text		 0000009a icon_ink
02000c2c l     F .text		 0000001c ink_in
0201c200 l     F .text		 0000001a ink_w
02001f2c l     F .text		 000000ac input_off
02002ec4 l     F .text		 000000ae input_on
01c1c46e l       .bss		 00000001 kb_asleep
01c1c46c l       .bss		 00000001 kb_boot_hold
01c1c7dc l       .bss		 0000001b kb_chn
01c1cda0 l       .bss		 0000006c kb_chord
02002fae l     F .text		 00000050 kb_lat
01c1c520 l       .bss		 00000004 kb_layer
01c1c46d l       .bss		 00000001 kb_lock
0200275a l     F .text		 0000010c kb_map
02057b46 l       .text		 0000000c kb_map.DEGREE
01c1c518 l       .bss		 00000004 kb_mask
01c1c812 l       .bss		 0000001b kb_note
01c1c4b0 l       .bss		 00000004 kb_out_tick
01c1c514 l       .bss		 00000004 kb_prev
01c1c7f7 l       .bss		 0000001b kb_trk
0201b3a6 l     F .text		 00000076 kc_tag
0201ae56 l     F .text		 00000016 kc_w
0200069e l     F .text		 00000032 kern
0201412e l     F .text		 0000001c key_black
02002692 l     F .text		 00000048 key_place
02016362 l     F .text		 00000012 keys_mode
0201ae6c l     F .text		 00000030 kh_ink
0201bed0 l     F .text		 00000024 kh_w
0201ebd6 l     F .text		 00000186 knob
01c70d04 l       .pool		 000000a0 kr
0201c21a l     F .text		 0000002e large_face_has
0201c020 l     F .text		 00000052 large_kind
01c08020 l       .data		 00000001 last_note
02013b5c l     F .text		 0000002e layer_allowed
0201ad38 l     F .text		 00000024 layer_btn
02013bba l     F .text		 00000024 layer_held
02013ab0 l     F .text		 0000005c layer_let_go
0201b03a l     F .text		 00000022 layer_locked
02013d60 l     F .text		 0000002c layer_open
02013bde l     F .text		 000000f2 layer_opened
02013d8c l     F .text		 00000034 layer_set_open
0201e7c4 l     F .text		 00000088 lc_box
0201e788 l     F .text		 0000003c lc_fill
01c1c55c l       .bss		 00000004 lc_l1
01c1c560 l       .bss		 00000004 lc_l2
01c1c564 l       .bss		 00000004 lc_r1
01c1c568 l       .bss		 00000004 lc_r2
01c1c630 l       .bss		 00000004 lc_w
01c14e70 l       .bss		 00000004 lcd_busy
020004fa l     F .text		 0000002c lcd_cmd
02000570 l     F .text		 00000034 lcd_data
020005fa l     F .text		 0000008a lcd_fill
01c14e78 l       .bss		 000001e0 lcd_fillbuf
0201ae16 l     F .text		 00000040 lcd_power
0201c0a8 l     F .text		 00000018 lcd_rule
01c1cb28 l       .bss		 00000040 lcd_small
0200048e l     F .text		 0000001c lcd_spin
020004da l     F .text		 00000020 lcd_sync
020005a4 l     F .text		 00000056 lcd_window
01c1c774 l       .bss		 00000010 lce
0201e84c l     F .text		 00000266 lcell
01c1c966 l       .bss		 00000029 led_pos
0201ad5c l     F .text		 0000002a led_put
02004870 l     F .text		 00000078 lfo_wave
01c0800c l       .data		 00000004 lim_env
0201eb20 l     F .text		 0000007c list_row
020170c8 l     F .text		 0000003c live_rec_sel
0200dafa l     F .text		 000000e8 load_begin
0200dd56 l     F .text		 00000104 load_end
01c1c487 l       .bss		 00000001 load_from
01c1c486 l       .bss		 00000001 load_mo
0200da4e l     F .text		 0000003c load_motion_hold
02016ee6 l     F .text		 0000007a load_pat16
02017104 l     F .text		 000000d0 lock_held
02014eee l     F .text		 0000007e lock_id
02014e9a l     F .text		 00000054 lock_page_ok
020298a0 l     F .text		 000000b4 lofi_amp
02029954 l     F .text		 0000002e lofi_desc
020294c6 l     F .text		 0000003a lofi_note_on
02029500 l     F .text		 000003a0 lofi_render
0203534c l       .text		 0000000c lofi_render.ARPS
0206c75c l       .text		 00000004 lofi_render.STEP_DUTY
02001104 l     F .text		 00000034 lowest_held
02013b0c l     F .text		 00000040 ly_avail
02013a92 l     F .text		 0000001e ly_bit
02013b8a l     F .text		 00000030 ly_down
02014cce l     F .text		 0000001a ly_page
01c1cc84 l       .bss		 00000050 lys
01c08030 l       .data		 00000004 master_knob
0200632e l     F .text		 0000026a master_out
0200f314 l     F .text		 00000038 master_poll
01c1d2a0 l       .bss		 000000c0 mchord
02001e34 l     F .text		 0000002a mchord_of
0201639a l     F .text		 0000001e menu_close
020165da l     F .text		 00000246 menu_document
0200fb1a l     F .text		 0000001c menu_flag
0200fb8a l     F .text		 000000c2 menu_get
0201bd40 l     F .text		 00000014 menu_large
0200faec l     F .text		 0000002e menu_n
0200fdae l     F .text		 000000e8 menu_put
02016820 l     F .text		 00000016 menu_scroll_max
01c1c5c4 l       .bss		 00000004 menu_serial_at
020168c8 l     F .text		 0000005a menu_step
02016848 l     F .text		 00000022 menu_tab
0201bd84 l     F .text		 0000014c menu_tabs
0201650a l     F .text		 000000d0 menu_text
0200fc4c l     F .text		 000000f0 menu_vname
01c1c4f8 l       .bss		 00000004 mi_r
01c1c4f4 l       .bss		 00000004 mi_w
01c1c4f0 l       .bss		 00000004 midi_beat_samples
01c1c754 l       .bss		 00000010 midi_bend_q8
01c1c744 l       .bss		 00000010 midi_bend_target
020036d0 l     F .text		 000000c0 midi_cc_map
01c1d4e4 l       .bss		 000000e0 midi_ch
02001e0e l     F .text		 00000026 midi_channel
01c1c874 l       .bss		 00000028 midi_clock
02002ffe l     F .text		 000001c6 midi_clock_pulse
02001d86 l     F .text		 00000060 midi_clock_transport
020089a2 l     F .text		 00000058 midi_enqueue
02003790 l     F .text		 0000029c midi_event
0200208e l     F .text		 0000004c midi_expression
02003380 l     F .text		 00000032 midi_expression_channel
02002148 l     F .text		 00000092 midi_forget_track
01c1c468 l       .bss		 00000001 midi_hint
01c1d9a0 l       .bss		 00000100 midi_in_ms
01c1c467 l       .bss		 00000001 midi_in_overflow
01c1d8a0 l       .bss		 00000100 midi_in_q
01c1ca68 l       .bss		 00000040 midi_in_source
02001e5e l     F .text		 0000005a midi_local_held
020031c4 l     F .text		 00000188 midi_note_event
02001eb8 l     F .text		 00000074 midi_note_held
02002f72 l     F .text		 0000003c midi_out_event
01c1daa0 l       .bss		 00000100 midi_out_q
01c1c6e0 l       .bss		 00000008 midi_owners
020033e8 l     F .text		 0000002c midi_pedal_up
02001fd8 l     F .text		 000000b6 midi_release
01c1c465 l       .bss		 00000001 midi_route
020020da l     F .text		 0000006e midi_route_ch14
01c136f4 l       .bss		 00000800 midi_sel_on
0200334c l     F .text		 00000034 midi_targets
01c1cefc l       .bss		 00000080 mix_l
01c1ce7c l       .bss		 00000080 mix_r
01c1c534 l       .bss		 00000004 mo_r
01c1c530 l       .bss		 00000004 mo_w
01c1c990 l       .bss		 0000002c mod
02004636 l     F .text		 0000023a mod_begin
0206a4e9 l       .text		 0000000c mod_dst_icon.I
0201d160 l     F .text		 00000036 mod_dst_name
02004df6 l     F .text		 0000003c mod_end
020033b2 l     F .text		 00000036 mod_midi
020587ae l       .text		 0000000c mod_param.ID
01c08008 l       .data		 00000004 mod_seed
0201d144 l     F .text		 0000001c mod_src_icon
0206a4e0 l       .text		 00000009 mod_src_icon.I
0200456a l     F .text		 00000052 mod_tsrc
01c1c48e l       .bss		 00000001 mod_ui_slot
020048e8 l     F .text		 0000017c mod_voice
020045bc l     F .text		 0000007a mod_voice_add
020013b8 l     F .text		 00000042 mono_pick
020016a2 l     F .text		 0000018c mono_play
01c08004 l       .data		 00000004 mono_play.seed
02001384 l     F .text		 00000034 mono_remove
01c1dfa0 l       .bss		 00000104 motion
01c1caa8 l       .bss		 00000040 motion_active
01c13ef8 l       .bss		 00000318 motion_base
01c1c469 l       .bss		 00000001 motion_base_valid
0200f1ea l     F .text		 0000004e motion_base_value
02001b40 l     F .text		 00000044 motion_begin
020035a4 l     F .text		 0000012c motion_capture
0200d86e l     F .text		 00000094 motion_clear
0200ff2c l     F .text		 0000008c motion_clear_locks
0200dd18 l     F .text		 0000003e motion_count
0200fe96 l     F .text		 00000086 motion_delete_event
0200d9ee l     F .text		 00000022 motion_enabled
02014f6c l     F .text		 00000044 motion_find
01c1c538 l       .bss		 00000004 motion_full
0200d80a l     F .text		 00000008 motion_guard
0201d00e l     F .text		 00000028 motion_icon
0201d036 l     F .text		 00000042 motion_lock_count
020177b2 l     F .text		 00000046 motion_lock_get
020171d4 l     F .text		 00000050 motion_lock_steps
01c1cae8 l       .bss		 00000040 motion_locked
0201519c l     F .text		 000000d2 motion_move
02003414 l     F .text		 00000038 motion_param
020034aa l     F .text		 000000fa motion_put
0200d812 l     F .text		 0000005c motion_rebase
02013dc0 l     F .text		 0000008e motion_replace_track
0200d902 l     F .text		 00000004 motion_reset
020019e0 l     F .text		 0000007c motion_restore
0200da10 l     F .text		 0000003e motion_set_enabled
0200ff1c l     F .text		 00000010 motion_set_lock
02015054 l     F .text		 00000058 motion_sig
0200da8a l     F .text		 00000070 motion_snapshot_track
02003b12 l     F .text		 00000126 motion_step
02015346 l     F .text		 0000002a motion_undo_done
020150ac l     F .text		 000000f0 motion_undo_take
02003a2c l     F .text		 000000e6 motion_unlock
0200ae08 l     F .text		 0000006a motion_valid
0201bf10 l     F .text		 00000016 mr_gap
0201bef4 l     F .text		 0000001c mr_h
0201bf26 l     F .text		 00000016 mr_y
01c1c2c4 l       .bss		 00000002 mt.0
01c1c6b8 l       .bss		 00000004 mt.1
0201bd54 l     F .text		 00000018 mt_font
0201686a l     F .text		 0000001a mtab_first
02016884 l     F .text		 00000024 mtab_rows
020163b8 l     F .text		 0000001c name_close
02013b4c l     F .text		 00000010 name_on
02016d84 l     F .text		 000000e4 name_open
01c70cd4 l       .pool		 00000030 nm
020169b0 l     F .text		 00000038 nm_black
02016922 l     F .text		 00000016 nm_commit
020169e8 l     F .text		 0000006e nm_do
020699cc l       .text		 00000014 nm_draw_panel.FN
02016938 l     F .text		 0000002e nm_group
01c1baac l       .bss		 00000002 nm_group.one
02016966 l     F .text		 0000004a nm_insert
02031c56 l     F .text		 00000032 noise_desc
020315e4 l     F .text		 00000062 noise_inc
020315a4 l     F .text		 00000040 noise_note_on
02031646 l     F .text		 00000610 noise_render
0201f712 l     F .text		 0000008a note_line
0201d196 l     F .text		 00000030 note_name
01c1c48c l       .bss		 00000001 oct_taps.chord
01c1c48b l       .bss		 00000001 oct_taps.down
02016c8c l     F .text		 00000090 open_family
02013672 l     F .text		 0000002e ota_crc16
01c1c5fc l       .bss		 00000004 ota_deadline
01c1ae2c l       .bss		 00000280 ota_dec
0200d3b2 l     F .text		 0000002c ota_erase
02012f88 l     F .text		 0000000e ota_frame_done
0200f68a l     F .text		 00000022 ota_frame_get
0200d374 l     F .text		 00000004 ota_fread
0200f56e l     F .text		 00000004 ota_idle
0200d378 l     F .text		 00000020 ota_in_area
0201364c l     F .text		 00000026 ota_jl_enc
020136a0 l     F .text		 00000016 ota_memeq
01c1c8ec l       .bss		 00000028 ota_msg
020136b6 l     F .text		 00000020 ota_prog
020132d0 l     F .text		 0000000a ota_rd16
020132da l     F .text		 00000010 ota_rd24
0201355c l     F .text		 00000010 ota_rd32
0201356c l     F .text		 000000e0 ota_read
0201343a l     F .text		 00000030 ota_reply_identity
0206b38e l       .text		 00000009 ota_reply_identity.ID
02013380 l     F .text		 000000ba ota_send_msg
01c1ce0c l       .bss		 00000070 ota_session.parm
0201346a l     F .text		 000000d8 ota_show
020680f8 l       .text		 00000018 ota_show.STEP
01c1b4ac l       .bss		 00000200 ota_stage.b
01c1b0ac l       .bss		 00000400 ota_stage.hdr
01c1b6ac l       .bss		 00000200 ota_stage.mine
0206c808 l       .text		 00000010 ota_stage_head.NAME
020132ea l     F .text		 00000096 ota_take
0200d3de l     F .text		 00000018 ota_unstage
01c1c9bc l       .bss		 00000032 ota_wire
0200f572 l     F .text		 000000d4 ota_wire_send
02013542 l     F .text		 00000008 ota_wr16
0201354a l     F .text		 00000012 ota_wr32
02015a02 l     F .text		 0000006e page_desc
02016c18 l     F .text		 00000074 page_entered
02014cb2 l     F .text		 0000001c page_first
02022e68 l     F .text		 00000032 page_icon
01c1c610 l       .bss		 00000004 page_over
02017224 l     F .text		 00000262 page_tap
0201f44a l     F .text		 00000174 page_title
02016b8a l     F .text		 0000008e page_visible
0200ab62 l     F .text		 00000022 palette_from_stored
0200d470 l     F .text		 00000154 palette_set
020174b8 l     F .text		 0000001c panel_btn_of
020139e4 l     F .text		 0000002c panel_enc
0200d706 l     F .text		 000000ae panel_init
01c1c60c l       .bss		 00000004 panel_moved
0201f79c l     F .text		 0000004e panel_note
0200e8a2 l     F .text		 00000238 panel_setup
01c1c466 l       .bss		 00000001 panic_req
0200afe4 l     F .text		 00000028 param_desc_of
02003480 l     F .text		 0000002a param_fit
0201cbc0 l     F .text		 00000256 param_format
0201cebe l     F .text		 000000e2 param_icon
0200dbe2 l     F .text		 0000002a param_kept
020152ca l     F .text		 0000007c param_turn
0200b00c l     F .text		 0000003a params_by_count
01c1d180 l       .bss		 00000080 part_buf
020159ce l     F .text		 00000016 pat_count
02016e8c l     F .text		 0000005a pat_label
01c1c5c8 l       .bss		 00000004 pat_last
02016f60 l     F .text		 00000168 pat_load_ui
020159e4 l     F .text		 0000001e pat_pick
01c1c784 l       .bss		 00000010 pat_sig
0202906e l     F .text		 00000102 pd_setup
02029170 l     F .text		 00000124 pd_wave
01c1c544 l       .bss		 00000004 perf_act
020042ac l     F .text		 00000048 perf_avail
020042f4 l     F .text		 00000276 perf_begin
02005954 l     F .text		 000009da perf_block
02005906 l     F .text		 0000004e perf_buf_done
02005522 l     F .text		 000000fc perf_buf_start
020056c0 l     F .text		 00000246 perf_harm
02014b46 l     F .text		 0000001e perf_harm_on
01c1c52c l       .bss		 00000004 perf_held
01c1c540 l       .bss		 00000004 perf_k
020026da l     F .text		 00000036 perf_key
01c1c471 l       .bss		 00000001 perf_kill
01c1c46f l       .bss		 00000001 perf_latch_on
01c1c524 l       .bss		 00000004 perf_latched
020054e4 l     F .text		 0000003e perf_len
01c1c51c l       .bss		 00000004 perf_mask
02006598 l     F .text		 00000094 perf_master
02004e32 l     F .text		 0000006c perf_mute
01c1ca30 l       .bss		 00000038 perf_ord
020054b0 l     F .text		 00000034 perf_pick
02004e9e l     F .text		 0000007a perf_pre
01c1c528 l       .bss		 00000004 perf_seq
01c1c472 l       .bss		 00000001 perf_solo
0200561e l     F .text		 000000a2 perf_switch
01c1c488 l       .bss		 00000001 persist_pending
01c1c620 l       .bss		 00000004 persist_retry_ms
01c15668 l       .bss		 0000023c persist_saved
01c08048 l       .data		 000000dc pf
02029060 l     F .text		 0000000e phase_note_on
02029294 l     F .text		 00000232 phase_render
0202eaa6 l     F .text		 00000020 phys_desc
0200af2c l     F .text		 00000010 phys_legacy
0202c9ae l     F .text		 000000b6 phys_note_on
0202e76a l     F .text		 0000033c phys_render
0202c972 l     F .text		 0000003c phys_reset
01c26db0 l       .pool		 0000c960 phys_slot
0202e2e0 l     F .text		 00000098 phys_symp_pitches
02029a90 l     F .text		 00000058 pow2_q16
0201f666 l     F .text		 000000ac pr_bars
0201eefe l     F .text		 0000006a pr_held
0201eecc l     F .text		 00000032 pr_note
0201f650 l     F .text		 00000016 pr_row_y
0201f5be l     F .text		 00000046 pr_split
0201ee82 l     F .text		 0000004a pr_src
02015474 l     F .text		 00000088 preset_all_at
0201539e l     F .text		 000000d6 preset_all_pos
02015564 l     F .text		 0000005a preset_at
0201ce3c l     F .text		 00000036 preset_favorite
020142be l     F .text		 0000001c preset_hinted
02014c66 l     F .text		 0000004c preset_mark
0200df8a l     F .text		 00000020 preset_orig
0201423c l     F .text		 00000082 preset_pat_hint
020154fc l     F .text		 00000068 preset_pos
020142da l     F .text		 0000003e preset_rank
020155be l     F .text		 00000084 preset_step
0200c784 l     F .text		 00000094 proj_bound
01c08025 l       .data		 00000001 proj_cur
0200aebc l     F .text		 00000070 proj_drums_to_part
0200b556 l     F .text		 0000001e proj_engines_ok
0200ca9c l     F .text		 00000056 proj_fetch
0200bf8a l     F .text		 00000154 proj_fm4
0200b0d6 l     F .text		 00000022 proj_g_from_v2
0200adb0 l     F .text		 0000001e proj_hash
0200c1e2 l     F .text		 00000556 proj_import
0206c768 l       .text		 00000004 proj_legacy_drums.FX_DEF
01c70900 l       .pool		 0000000d proj_name
0200b1b0 l     F .text		 00000038 proj_name_get
0200ae72 l     F .text		 0000004a proj_ok
0200c822 l     F .text		 0000027a proj_pack
0200c104 l     F .text		 000000de proj_perc
0200af7a l     F .text		 0000006a proj_phys
01c158a4 l       .bss		 0000119c proj_scratch
0200c738 l     F .text		 0000004c proj_steps
0200fa42 l     F .text		 0000001c proj_store_len
0200adce l     F .text		 00000008 proj_sum
0200b064 l     F .text		 00000072 proj_trk_from
0200b0f8 l     F .text		 0000001e proj_trk_from_v2
0200b1e8 l     F .text		 0000036e proj_unpack
01c1c483 l       .bss		 00000001 proj_wire_gen
01c17b48 l       .bss		 00000f00 proj_wire_u
0200f808 l     F .text		 0000011a project_capture
0201034e l     F .text		 0000005e project_load
02016d50 l     F .text		 00000034 project_name
0200ee9c l     F .text		 0000034e project_restore_runtime
0201025c l     F .text		 000000f2 project_save_as
0200f922 l     F .text		 00000018 project_used
01c1c450 l       .bss		 00000001 proll.0
01c1c454 l       .bss		 00000001 proll.1
01c1c6d8 l       .bss		 00000004 proll.2
01c1c458 l       .bss		 00000001 proll.3
01c1c6dc l       .bss		 00000004 proll.4
0202cadc l     F .text		 00000116 px_exp2
0202d6a4 l     F .text		 0000006e px_isqrt64
0202d3f0 l     F .text		 000002b4 px_memb_block
0202cee2 l     F .text		 000002a2 px_modal_block
0202ccba l     F .text		 000001b0 px_modal_exciter
0202ce6a l     F .text		 00000078 px_modal_q
0202d184 l     F .text		 0000026c px_modal_run
0202ca64 l     F .text		 00000078 px_sin
0202d712 l     F .text		 0000057e px_string_block
0202dc90 l     F .text		 00000252 px_string_excite
0202dee2 l     F .text		 000003fe px_string_run
0202cbf2 l     F .text		 000000c8 px_svf_coef
0202e378 l     F .text		 000001ca px_symp_block
0202e542 l     F .text		 00000228 px_symp_run
02000c54 l     F .text		 00000136 ramp
01c1d5d0 l       .bss		 000000e0 rc
0201ade0 l     F .text		 00000036 rec_clearable
02002c14 l     F .text		 000002b0 rec_note
0200123c l     F .text		 00000040 rec_on
020012ce l     F .text		 000000b6 rec_release
02014546 l     F .text		 0000002e rec_set
020163d4 l     F .text		 00000106 rec_tap
01c5e390 l       .pool		 00002692 rev_comb
02005134 l     F .text		 0000011c rev_room
02004f18 l     F .text		 0000021c rev_spring
01c60a24 l       .pool		 000007cc rev_u
02014574 l     F .text		 0000002a rl_name
01c08028 l       .data		 00000004 rng_state
0201b098 l     F .text		 000000f0 roll_note
0201b188 l     F .text		 000001ae roll_text
0200fd3c l     F .text		 0000002a rp_apply
0200fb52 l     F .text		 00000038 rp_get
0200fd66 l     F .text		 00000048 rp_put
01c1e0b0 l       .bss		 00000108 rs
02029bc6 l     F .text		 000000c6 sample_next
02029982 l     F .text		 0000010e sample_note_on
02029c8c l     F .text		 00000224 sample_render
01c1c2c8 l       .bss		 000000c0 sample_wave.0
01c1c388 l       .bss		 000000c0 sample_wave.1
01c1c6bc l       .bss		 00000004 sample_wave.2
01c1c6c0 l       .bss		 00000004 sample_wave.3
01c1c6c4 l       .bss		 00000004 sample_wave.4
01c1c6c8 l       .bss		 00000004 sample_wave.5
01c1c6cc l       .bss		 00000004 sample_wave.6
01c1c6d0 l       .bss		 00000004 sample_wave.7
01c1c6d4 l       .bss		 00000004 sample_wave.8
01c1c448 l       .bss		 00000001 sample_wave.9
01c1c57c l       .bss		 00000004 sb_env
01c1c580 l       .bss		 00000004 sb_h1
01c1c584 l       .bss		 00000004 sb_h2
01c1c588 l       .bss		 00000004 sb_hl
01c1c56c l       .bss		 00000004 sb_lp1
01c1c570 l       .bss		 00000004 sb_lp2
01c1c574 l       .bss		 00000004 sb_lp3
01c1c578 l       .bss		 00000004 sb_lp4
0201ad86 l     F .text		 00000020 scale_mask
02002710 l     F .text		 0000004a scale_snap
01c10214 l       .bss		 00000400 scope_buf
01c1c4ec l       .bss		 00000004 scope_w
0200fb36 l     F .text		 0000001c scr_get
02013a10 l     F .text		 0000001e scr_wake
02000526 l     F .text		 0000004a scr_wake_now
01c1bed0 l       .bss		 00000001 scrn.0
01c1c684 l       .bss		 00000004 scrn.1
01c1c688 l       .bss		 00000004 scrn.2
01c1c68c l       .bss		 00000004 scrn.3
01c1c690 l       .bss		 00000004 scrn.4
0201418c l     F .text		 00000046 select_engine
01c1d080 l       .bss		 00000080 send_c
01c1d000 l       .bss		 00000080 send_d
01c1cf80 l       .bss		 00000080 send_r
0200eafc l     F .text		 00000010 seq_counting
0201452a l     F .text		 0000001c seq_is_empty
02003f8c l     F .text		 000000c0 seq_ratchet
020019b0 l     F .text		 00000030 seq_release
02001c2c l     F .text		 000000fa seq_start
02003c38 l     F .text		 00000354 seq_step
0200f3cc l     F .text		 0000003e seq_steps
02001a5c l     F .text		 000000e4 seq_stop
02010098 l     F .text		 0000001e set_engine
0200e150 l     F .text		 0000005a set_engine_of
0200ec08 l     F .text		 00000098 settings_export
01c08024 l       .data		 00000001 settings_hold
0200ab84 l     F .text		 0000022c settings_import
0200d5c4 l     F .text		 0000005e settings_init
01c1c482 l       .bss		 00000001 settings_leds
0200eca6 l     F .text		 000001e6 settings_poll
0200ee8c l     F .text		 00000010 settings_save
0200e7de l     F .text		 00000030 setup_show
02006996 l     F .text		 0000003a shed_check
01c1c4d4 l       .bss		 00000004 shed_count
01c1c474 l       .bss		 00000001 shed_over
01c1c460 l       .bss		 00000001 shed_req
02008684 l     F .text		 0000005a sie_rd
02008630 l     F .text		 00000054 sie_wr
01c1d200 l       .bss		 000000a0 sl
01c35390 l       .pool		 00008000 sl_buf
01c1c548 l       .bss		 00000004 sl_lent
020156f0 l     F .text		 000000b6 slc_bounds
0201569c l     F .text		 00000024 slc_count
0201f7ea l     F .text		 00000012 slc_dec_at
0201f7fc l     F .text		 000000c0 slc_dec_next
0200a0a6 l     F .text		 00000042 slc_get
02033100 l     F .text		 00000046 slc_loop_fwd
01c0e3e4 l       .bss		 00000630 slc_man
0200a144 l     F .text		 000000b6 slc_man_begin
01c1c4a7 l       .bss		 00000003 slc_man_cur
01c1c5c0 l       .bss		 00000004 slc_man_load
0200ebba l     F .text		 0000004e slc_man_of
01c1c48d l       .bss		 00000001 slc_man_save
02017756 l     F .text		 0000001e slc_note_slice
01c0ea14 l       .bss		 00001000 slc_rbuf
0200a0e8 l     F .text		 00000028 slc_rec_room
02032e96 l     F .text		 0000026a slc_rev
02015642 l     F .text		 00000016 slc_src_of
0200a1fa l     F .text		 00000130 slc_state_at
0200a32a l     F .text		 000000f2 slc_store_load
01c0d874 l       .bss		 00000b70 slc_usr
020335ba l     F .text		 00000060 slice_amp
020156c0 l     F .text		 0000001c slice_count
020157a6 l     F .text		 0000010c slice_edit_begin
02068750 l       .text		 0000000c slice_edit_begin.EMPTY
0201597c l     F .text		 00000052 slice_edit_end
0203361a l     F .text		 0000002c slice_keys
020158b2 l     F .text		 00000054 slice_mark
02032d42 l     F .text		 00000154 slice_note_on
0200eb62 l     F .text		 00000032 slice_page_ok
0200eb94 l     F .text		 00000026 slice_page_on
02033146 l     F .text		 00000474 slice_render
020156dc l     F .text		 00000014 slice_sel
02015658 l     F .text		 00000044 slice_src
0201d0e6 l     F .text		 0000005e slice_time
02015906 l     F .text		 00000076 slice_view
02004a64 l     F .text		 00000392 slicer_track
02017844 l     F .text		 0000002c smp_set_missing
02029ae8 l     F .text		 000000de smp_sine
01c1c4dc l       .bss		 00000004 smp_user_gen
0200a41c l     F .text		 00000568 smp_user_scan
0201ed5c l     F .text		 0000002c smp_zone
02014162 l     F .text		 0000002a snd_id
01c1c5d4 l       .bss		 00000004 snd_said
01c1c594 l       .bss		 00000004 so_r
01c1c590 l       .bss		 00000004 so_w
01c1cc38 l       .bss		 0000004c song
01c1c10c l       .bss		 00000001 sp.0
01c1c110 l       .bss		 00000001 sp.1
01c1c6a8 l       .bss		 00000004 sp.2
01c1c6ac l       .bss		 00000004 sp.3
01c1c6b0 l       .bss		 00000004 sp.4
01c1c6b4 l       .bss		 00000004 sp.5
01c1c114 l       .bss		 000000d8 sp.6
01c1c1ec l       .bss		 000000d8 sp.7
0200d6b0 l     F .text		 00000056 splash_band
0200aa64 l     F .text		 00000036 st_body
01c16a40 l       .bss		 00000f00 st_buf
0200a110 l     F .text		 00000034 st_crc32
0205f66c l       .text		 00000040 st_crc32.T
0200aa9a l     F .text		 00000086 st_current
0200d072 l     F .text		 00000064 st_erase
0200aa0c l     F .text		 00000058 st_head
0200ab20 l     F .text		 00000042 st_load
0200d120 l     F .text		 00000044 st_prog
0200a9c8 l     F .text		 00000044 st_read
0200eca0 l     F .text		 00000006 st_save
0200d164 l     F .text		 00000102 st_save_to
0200a984 l     F .text		 00000044 st_sector
02010694 l     F .text		 00000018 step_accents
020101c8 l     F .text		 00000010 step_chance
0200d906 l     F .text		 00000014 step_clear
02010660 l     F .text		 00000034 step_lanes
0201d1c6 l     F .text		 00000016 step_on
0200c818 l     F .text		 0000000a step_ratchet
0201012a l     F .text		 00000010 step_set_chance
0200b18a l     F .text		 00000026 step_set_ratchet
0200b116 l     F .text		 00000074 step_to_grid
0201ee24 l     F .text		 0000005e steps_hash
0200d94e l     F .text		 00000012 steps_sig
0200e82a l     F .text		 00000028 str_cpy
020168a8 l     F .text		 00000020 str_eq
0201b026 l     F .text		 00000014 str_hash
0200e852 l     F .text		 0000000e str_len
0201eb9c l     F .text		 0000003a strip_kind
01c1c47f l       .bss		 00000001 sx_busy
01c1c47c l       .bss		 00000001 sx_collect
01c14364 l       .bss		 00000280 sx_frame
01c1c59c l       .bss		 00000004 sx_frame_len
01c1dba0 l       .bss		 00000100 sx_out_q
01c1c598 l       .bss		 00000004 sx_pos
01c1c47e l       .bss		 00000001 sx_ready
01c1c5d0 l       .bss		 00000004 sync_reload
0205aa5b l       .text		 00000006 sysex_byte.UBOOT_KEY
01c1c4ac l       .bss		 00000004 t5_nested_ticks
0201b41c l     F .text		 00000086 text_fit
02000c12 l     F .text		 0000001a text_ink
02000ac4 l     F .text		 0000014e text_run
02000754 l     F .text		 00000048 text_w
0201459e l     F .text		 0000001e tl_cell
01c1c7c4 l       .bss		 00000018 tl_do.b
02014766 l     F .text		 0000004e tl_euclid
0206845d l       .text		 00000003 tl_fill.E
02014982 l     F .text		 00000054 tl_hit_nth
02014748 l     F .text		 0000001e tl_lane_clear
020147b4 l     F .text		 000001ce tl_lane_rnd
01c7090e l       .pool		 000003c4 tl_open
020145bc l     F .text		 0000008e tl_order
0201464a l     F .text		 0000002a tl_shift
02014078 l     F .text		 000000b6 tl_undo_take
0200d91a l     F .text		 0000001e track_defaults_steps
02014dee l     F .text		 0000004c track_desc
0201098a l     F .text		 0000003e track_select
0200d960 l     F .text		 0000008e track_sig
0200eb0c l     F .text		 00000034 transport_busy
01c1c463 l       .bss		 00000001 transport_req
0202a83c l     F .text		 00000068 trio_inc
0202ab9c l     F .text		 00000066 trio_naive
0202a808 l     F .text		 00000034 trio_note_on
0202a8a4 l     F .text		 000002f8 trio_pass
0202ac02 l     F .text		 00000738 trio_render
01c08934 l       .bss		 00001bb0 trk
020021da l     F .text		 00000034 trk_all_off
0201d0d0 l     F .text		 00000016 trk_level
0200182e l     F .text		 0000010c trk_note_off
02002240 l     F .text		 00000452 trk_note_on
01c1c7b4 l       .bss		 00000010 ts.0
01c1c44c l       .bss		 00000004 ts.1
01c1c4e4 l       .bss		 00000004 ua_r
01c0fa14 l       .bss		 00000800 ua_ring
01c1c4e8 l       .bss		 00000004 ua_w
01c1cba8 l       .bss		 00000048 uac
02008976 l     F .text		 0000002c uac_ep4_reset
02001138 l     F .text		 00000104 uac_render_start
020086de l     F .text		 000001be uac_service
020067da l     F .text		 000000a0 uac_tap
0200662c l     F .text		 000001ae uac_tap48
01c1e2e0 l       .bss		 00000174 ui
01c1c48f l       .bss		 00000001 ui_draw.counting
0202303e l     F .text		 00002aa8 ui_draw_page
02017870 l     F .text		 000034c8 ui_input
01c1c608 l       .bss		 00000004 ui_input.kb_seen
01c1c604 l       .bss		 00000004 ui_input.lock_ms
01c1c624 l       .bss		 00000004 ui_leds.ready
0200e898 l     F .text		 0000000a ui_message
01c1c61c l       .bss		 00000004 ui_notices.midi_last
01c1c618 l       .bss		 00000004 ui_notices.midi_t
0200e860 l     F .text		 00000038 ui_say
01c1c830 l       .bss		 0000001c um
01c14df0 l       .bss		 00000080 um_ring
01c1a258 l       .bss		 0000053c undo
01c1c484 l       .bss		 00000001 undo_depth
01c1c614 l       .bss		 00000004 undo_mot_tag
02013e4e l     F .text		 0000022a undo_swap
020105c0 l     F .text		 00000064 up_auto_name
01c18a48 l       .bss		 00001810 up_bank
0200cc16 l     F .text		 000000a0 up_bank_check
02014318 l     F .text		 00000018 up_engine
01c1c5dc l       .bss		 00000004 up_gen
0200cbe0 l     F .text		 00000016 up_grid
020141f2 l     F .text		 0000002a up_has_pat
0201081c l     F .text		 0000016e up_load
0200cb80 l     F .text		 00000060 up_migrate
02016d1c l     F .text		 00000034 up_name
02010474 l     F .text		 00000026 up_name_ok
0200cbf6 l     F .text		 00000020 up_pat_norm
02016e6e l     F .text		 0000001e up_pat_nth
0201421c l     F .text		 00000020 up_pat_rank
0201049a l     F .text		 000000ec up_put
0200cd4c l     F .text		 0000001e up_rec
02010624 l     F .text		 0000003c up_set_name
0200cb68 l     F .text		 00000018 up_set_value
0201059c l     F .text		 00000024 up_slot_label
020106ac l     F .text		 00000170 up_store
02016e68 l     F .text		 00000006 up_ui
02016a56 l     F .text		 00000134 up_ui_named
0200cd6a l     F .text		 0000001e up_used
0200caf2 l     F .text		 0000005e up_valid
0200cb50 l     F .text		 00000018 up_value
020103ea l     F .text		 0000008a up_values
01c6fa70 l       .pool		 00000e90 upf
0200ccd8 l     F .text		 00000026 upf_empty
0200cd88 l     F .text		 0000001c upf_fm6
0200cdce l     F .text		 00000082 upf_get
0200cff2 l     F .text		 00000068 upf_migrate
0200d266 l     F .text		 0000004c upf_save
0200cf58 l     F .text		 0000009a upf_set
0200cda4 l     F .text		 0000002a upf_tag
0200ccb6 l     F .text		 00000022 upf_valid
01c1cd34 l       .bss		 00000060 usb
01c08023 l       .data		 00000001 usb_cdc_on
0200f34c l     F .text		 00000028 usb_detach
0200687a l     F .text		 00000020 usb_fixed_dac
01c1c58c l       .bss		 00000004 usb_poll.tick
01c1c5d8 l       .bss		 00000004 usb_retry.t
0200d622 l     F .text		 0000007a usb_serial_apply
0200e224 l     F .text		 000000b6 usb_start
020141d2 l     F .text		 00000020 user_of
01c1c4a4 l       .bss		 00000003 usr_nz
01c0a4e4 l       .bss		 00000540 usr_zone
01c1c8c4 l       .bss		 00000028 ux
02000c48 l     F .text		 0000000c ux_gray
0200d3f6 l     F .text		 0000007a ux_mix
0205fda0 l       .text		 00000003 ux_mix.MK
0206b11b l       .text		 00000003 ux_mix.SH
01c13ef4 l       .bss		 00000004 vage
01c1c4d8 l       .bss		 00000004 voice_kills
02001504 l     F .text		 00000052 voice_room
0200158a l     F .text		 00000118 voice_start
0200142c l     F .text		 000000d8 voice_victim
020013fa l     F .text		 00000032 voices_busy
02029ef0 l     F .text		 00000088 vowel_at
01c1d100 l       .bss		 00000080 wet
0202b730 l     F .text		 00000224 wheel_block
0202b33a l     F .text		 000000c2 wheel_note_on
0202b3fc l     F .text		 00000334 wheel_render
01c7a100         *ABS*		 00000000 _sstack_lo
01c7c0b8 g       .noinit		 00000010 settings
0206c8e8         .text		 00000000 _etext
020069d0 g     F .text		 000019f6 fm1_alnk0_irq
020010da g     F .text		 00000010 memcpy
01c7c000         *ABS*		 00000000 _sstack_top
01c08130         .bss		 00000000 _bss_start
01c7a000         *ABS*		 00000000 _guard1
01c20000         .pool		 00000000 _pool_start
01c7c000 g       .noinit		 00000040 fm1_crash
01c1e454         .bss		 00000000 _bss_end
020089fa g     F .text		 00001620 fm1_timer5_irq
01c7a000         *ABS*		 00000000 _ustack_top
01c7c040 g       .noinit		 0000004c felucca_dbg
01c7c0c8 g       .noinit		 00003900 proj_slot
02000120         .text		 00000000 _start
01c08000         .data		 00000000 _data_start
0206d454         *ABS*		 00000000 _data_load
0200046e         .text		 00000000 isr_timer5
020010ea g     F .text		 0000001a memcmp
01c08124         .data		 00000000 _data_end
020010ce g     F .text		 0000000c memset
01c7c098 g       .noinit		 00000020 panel
01c00b6c         .ram_text		 00000000 _rt_end
02028752 g     F .text		 00000246 fm1_cstart
0206c8e8         *ABS*		 00000000 _rt_load
01c70dc4         .pool		 00000000 _pool_end
01c74000         *ABS*		 00000000 _guard0
01c7c08c g       .noinit		 0000000c bootguard
02000efa g     F .text		 000001d4 fm1_fault_c
0200047e         .text		 00000000 isr_alnk0
01c74100         *ABS*		 00000000 _ustack_lo
02000458         .text		 00000000 fm1_fatal_common
02000158         .text		 00000000 fm1_fatal_stubs
01c00000         .ram_text		 00000000 _rt_start
