pack7 / unpack7 round trip                                       ok
response: header, address, data, checksum                        ok
product_of / logical_image (synthetic)                           ok
install: running -> loader -> Felucca (11 reads)                 ok
install: device already in update mode -> finishes the write     ok
install: answer no -> nothing sent but the handshake             ok
--info: identity of the connected FM-1                           ok
--info: device in update mode                                    ok
--info: control bytes in the device's identity are not printed   ok
sample upload: slot names printable only                         ok
sample upload: a malformed SMP_INFO reply is an error            ok
no FM-1 port -> exit 3, lists the MIDI inputs                    ok
--port that matches nothing -> exit 3                            ok
--port picks a port the default match skips                      ok
unplugged in step 1 -> exit 4 'lost', nothing written            ok
unplugged during the write -> exit 4 at once                     ok
loader stops answering -> exit 4 after the idle time             ok
read past the package -> exit 4                                  ok
another identity after the restart -> exit 6                     ok
another model -> exit 6, nothing sent                            ok
no loader after step 1 -> exit 5                                 ok
package without the loader marker -> exit 2, no MIDI             ok
... installs with --force                                        ok
not a package -> exit 2                                          ok
missing file -> exit 2                                           ok
logical_image / product_of == fm1pkg.js (felucca.fwsc, FM-1_900) ok
felucca.fwsc carries the Felucca loader marker                   ok
official V15 (FM-1.fwsc) from Felucca: installed without --force, back as FM-1_015 ok
a modified V15 is still refused (no MIDI)                        ok
install tests passed
