
build/felucca.o:	file format ELF32-pi32v2

Sections:
Idx Name          Size      Address          Type
  0               00000000 0000000000000000 
  1 .strtab       00009197 0000000000000000 
  2 .text         00000000 0000000000000000 TEXT DATA 
  3 .text.lcd_spin 0000001c 0000000000000000 TEXT DATA 
  4 .text.fm1_lcd_wait 00000030 0000000000000000 TEXT DATA 
  5 .rela.text.fm1_lcd_wait 0000000c 0000000000000000 
  6 .text.lcd_sync 00000020 0000000000000000 TEXT DATA 
  7 .rela.text.lcd_sync 00000018 0000000000000000 
  8 .text.lcd_cmd 0000002c 0000000000000000 TEXT DATA 
  9 .rela.text.lcd_cmd 00000018 0000000000000000 
 10 .text.scr_wake_now 0000004a 0000000000000000 TEXT DATA 
 11 .rela.text.scr_wake_now 00000054 0000000000000000 
 12 .text.lcd_data 00000034 0000000000000000 TEXT DATA 
 13 .rela.text.lcd_data 00000018 0000000000000000 
 14 .text.lcd_window 00000056 0000000000000000 TEXT DATA 
 15 .rela.text.lcd_window 00000054 0000000000000000 
 16 .text.lcd_fill 0000008a 0000000000000000 TEXT DATA 
 17 .rela.text.lcd_fill 00000030 0000000000000000 
 18 .text.fold    0000001a 0000000000000000 TEXT DATA 
 19 .text.kern    00000032 0000000000000000 TEXT DATA 
 20 .text.glyph_at 0000003a 0000000000000000 TEXT DATA 
 21 .text.glyph   0000004a 0000000000000000 TEXT DATA 
 22 .rela.text.glyph 00000024 0000000000000000 
 23 .text.text_w  00000048 0000000000000000 TEXT DATA 
 24 .rela.text.text_w 00000024 0000000000000000 
 25 .text.cv_begin 00000054 0000000000000000 TEXT DATA 
 26 .rela.text.cv_begin 00000024 0000000000000000 
 27 .text.cv_alpha_hc 00000222 0000000000000000 TEXT DATA 
 28 .rela.text.cv_alpha_hc 00000060 0000000000000000 
 29 .text.cv_alpha 000000b2 0000000000000000 TEXT DATA 
 30 .rela.text.cv_alpha 00000018 0000000000000000 
 31 .text.text_run 0000014e 0000000000000000 TEXT DATA 
 32 .rela.text.text_run 0000003c 0000000000000000 
 33 .text.text_ink 0000001a 0000000000000000 TEXT DATA 
 34 .rela.text.text_ink 0000000c 0000000000000000 
 35 .text.ink_in  0000001c 0000000000000000 TEXT DATA 
 36 .rela.text.ink_in 0000000c 0000000000000000 
 37 .text.ux_gray 0000000c 0000000000000000 TEXT DATA 
 38 .text.ramp    00000154 0000000000000000 TEXT DATA 
 39 .rela.text.ramp 00000054 0000000000000000 
 40 .text.cv_text_flags 00000030 0000000000000000 TEXT DATA 
 41 .rela.text.cv_text_flags 00000018 0000000000000000 
 42 .text.cv_text 0000001c 0000000000000000 TEXT DATA 
 43 .rela.text.cv_text 00000018 0000000000000000 
 44 .text.cv_blit 00000032 0000000000000000 TEXT DATA 
 45 .rela.text.cv_blit 00000030 0000000000000000 
 46 .text.draw_text_line 00000056 0000000000000000 TEXT DATA 
 47 .rela.text.draw_text_line 00000048 0000000000000000 
 48 .text.hexs    00000026 0000000000000000 TEXT DATA 
 49 .rela.text.hexs 0000000c 0000000000000000 
 50 .text.fm1__p33_xfer 0000002e 0000000000000000 TEXT DATA 
 51 .rela.text.fm1__p33_xfer 0000000c 0000000000000000 
 52 .text.fm1__p33_op 00000048 0000000000000000 TEXT DATA 
 53 .rela.text.fm1__p33_op 00000024 0000000000000000 
 54 .text.fm1_fault_c 000001d4 0000000000000000 TEXT DATA 
 55 .rela.text.fm1_fault_c 000000e4 0000000000000000 
 56 .text.memset  0000000c 0000000000000000 TEXT DATA 
 57 .text.memcpy  00000010 0000000000000000 TEXT DATA 
 58 .text.memcmp  0000001a 0000000000000000 TEXT DATA 
 59 .text.lowest_held 00000034 0000000000000000 TEXT DATA 
 60 .text.uac_render_start 00000104 0000000000000000 TEXT DATA 
 61 .rela.text.uac_render_start 0000003c 0000000000000000 
 62 .text.rec_on  00000040 0000000000000000 TEXT DATA 
 63 .rela.text.rec_on 00000024 0000000000000000 
 64 .text.div_samples 00000052 0000000000000000 TEXT DATA 
 65 .rela.text.div_samples 00000024 0000000000000000 
 66 .text.rec_release 000000b6 0000000000000000 TEXT DATA 
 67 .rela.text.rec_release 00000024 0000000000000000 
 68 .text.mono_remove 00000034 0000000000000000 TEXT DATA 
 69 .text.mono_pick 00000042 0000000000000000 TEXT DATA 
 70 .text.voices_busy 00000032 0000000000000000 TEXT DATA 
 71 .rela.text.voices_busy 0000000c 0000000000000000 
 72 .text.voice_victim 000000fa 0000000000000000 TEXT DATA 
 73 .rela.text.voice_victim 00000030 0000000000000000 
 74 .text.voice_room 00000052 0000000000000000 TEXT DATA 
 75 .rela.text.voice_room 00000024 0000000000000000 
 76 .text.glide_set 00000034 0000000000000000 TEXT DATA 
 77 .text.voice_start 00000118 0000000000000000 TEXT DATA 
 78 .rela.text.voice_start 00000024 0000000000000000 
 79 .text.mono_play 0000018c 0000000000000000 TEXT DATA 
 80 .rela.text.mono_play 00000048 0000000000000000 
 81 .text.trk_note_off 0000010c 0000000000000000 TEXT DATA 
 82 .rela.text.trk_note_off 00000030 0000000000000000 
 83 .text.arp_chord_off 00000032 0000000000000000 TEXT DATA 
 84 .rela.text.arp_chord_off 00000018 0000000000000000 
 85 .text.arp_off 00000044 0000000000000000 TEXT DATA 
 86 .rela.text.arp_off 0000003c 0000000000000000 
 87 .text.seq_release 00000030 0000000000000000 TEXT DATA 
 88 .rela.text.seq_release 0000000c 0000000000000000 
 89 .text.motion_restore 0000007c 0000000000000000 TEXT DATA 
 90 .rela.text.motion_restore 00000024 0000000000000000 
 91 .text.seq_stop 000000e8 0000000000000000 TEXT DATA 
 92 .rela.text.seq_stop 00000060 0000000000000000 
 93 .text.motion_begin 00000044 0000000000000000 TEXT DATA 
 94 .rela.text.motion_begin 00000030 0000000000000000 
 95 .text.chain_apply 000000a8 0000000000000000 TEXT DATA 
 96 .rela.text.chain_apply 0000003c 0000000000000000 
 97 .text.seq_start 000000f2 0000000000000000 TEXT DATA 
 98 .rela.text.seq_start 00000060 0000000000000000 
 99 .text.cin_block 00000060 0000000000000000 TEXT DATA 
100 .rela.text.cin_block 00000024 0000000000000000 
101 .text.midi_clock_transport 00000068 0000000000000000 TEXT DATA 
102 .rela.text.midi_clock_transport 0000003c 0000000000000000 
103 .text.cin_begin 00000030 0000000000000000 TEXT DATA 
104 .rela.text.cin_begin 00000018 0000000000000000 
105 .text.midi_channel 00000024 0000000000000000 TEXT DATA 
106 .rela.text.midi_channel 0000000c 0000000000000000 
107 .text.mchord_of 0000002a 0000000000000000 TEXT DATA 
108 .rela.text.mchord_of 0000000c 0000000000000000 
109 .text.midi_local_held 0000005a 0000000000000000 TEXT DATA 
110 .rela.text.midi_local_held 00000024 0000000000000000 
111 .text.midi_note_held 00000074 0000000000000000 TEXT DATA 
112 .rela.text.midi_note_held 00000030 0000000000000000 
113 .text.input_off 000000ac 0000000000000000 TEXT DATA 
114 .rela.text.input_off 00000048 0000000000000000 
115 .text.midi_release 000000ae 0000000000000000 TEXT DATA 
116 .rela.text.midi_release 00000054 0000000000000000 
117 .text.midi_expression 0000004c 0000000000000000 TEXT DATA 
118 .rela.text.midi_expression 00000018 0000000000000000 
119 .text.midi_route_ch14 0000006e 0000000000000000 TEXT DATA 
120 .rela.text.midi_route_ch14 00000048 0000000000000000 
121 .text.midi_forget_track 00000090 0000000000000000 TEXT DATA 
122 .rela.text.midi_forget_track 0000003c 0000000000000000 
123 .text.trk_all_off 00000034 0000000000000000 TEXT DATA 
124 .text.drum_lane 00000032 0000000000000000 TEXT DATA 
125 .rela.text.drum_lane 00000018 0000000000000000 
126 .text.voice_reuse 0000001e 0000000000000000 TEXT DATA 
127 .rela.text.voice_reuse 0000000c 0000000000000000 
128 .text.trk_note_on 00000458 0000000000000000 TEXT DATA 
129 .rela.text.trk_note_on 000000c0 0000000000000000 
130 .text.key_place 00000048 0000000000000000 TEXT DATA 
131 .text.perf_key 00000036 0000000000000000 TEXT DATA 
132 .rela.text.perf_key 0000000c 0000000000000000 
133 .text.scale_snap 0000004a 0000000000000000 TEXT DATA 
134 .rela.text.scale_snap 0000000c 0000000000000000 
135 .text.kb_map  0000010c 0000000000000000 TEXT DATA 
136 .rela.text.kb_map 0000003c 0000000000000000 
137 .text.chord_kit 00000034 0000000000000000 TEXT DATA 
138 .rela.text.chord_kit 0000000c 0000000000000000 
139 .text.chord_make 00000256 0000000000000000 TEXT DATA 
140 .rela.text.chord_make 00000030 0000000000000000 
141 .text.chord_build 0000007a 0000000000000000 TEXT DATA 
142 .rela.text.chord_build 00000024 0000000000000000 
143 .text.cin_keep 000000b6 0000000000000000 TEXT DATA 
144 .rela.text.cin_keep 00000048 0000000000000000 
145 .text.rec_note 000002b0 0000000000000000 TEXT DATA 
146 .rela.text.rec_note 0000003c 0000000000000000 
147 .text.input_on 000000ae 0000000000000000 TEXT DATA 
148 .rela.text.input_on 00000048 0000000000000000 
149 .text.midi_out_event 0000003c 0000000000000000 TEXT DATA 
150 .rela.text.midi_out_event 00000024 0000000000000000 
151 .text.kb_lat  00000050 0000000000000000 TEXT DATA 
152 .rela.text.kb_lat 00000024 0000000000000000 
153 .text.midi_clock_pulse 000001d6 0000000000000000 TEXT DATA 
154 .rela.text.midi_clock_pulse 0000003c 0000000000000000 
155 .text.midi_note_event 00000188 0000000000000000 TEXT DATA 
156 .rela.text.midi_note_event 000000a8 0000000000000000 
157 .text.midi_targets 00000034 0000000000000000 TEXT DATA 
158 .rela.text.midi_targets 00000018 0000000000000000 
159 .text.midi_expression_channel 00000032 0000000000000000 TEXT DATA 
160 .rela.text.midi_expression_channel 00000030 0000000000000000 
161 .text.mod_midi 00000036 0000000000000000 TEXT DATA 
162 .text.midi_pedal_up 0000002c 0000000000000000 TEXT DATA 
163 .rela.text.midi_pedal_up 00000024 0000000000000000 
164 .text.motion_param 00000038 0000000000000000 TEXT DATA 
165 .text.enum_orig 00000034 0000000000000000 TEXT DATA 
166 .rela.text.enum_orig 00000030 0000000000000000 
167 .text.param_fit 0000002a 0000000000000000 TEXT DATA 
168 .rela.text.param_fit 00000018 0000000000000000 
169 .text.motion_put 000000fc 0000000000000000 TEXT DATA 
170 .rela.text.motion_put 00000054 0000000000000000 
171 .text.motion_capture 00000130 0000000000000000 TEXT DATA 
172 .rela.text.motion_capture 0000006c 0000000000000000 
173 .text.midi_cc_map 000000c0 0000000000000000 TEXT DATA 
174 .rela.text.midi_cc_map 0000003c 0000000000000000 
175 .text.midi_event 000002a0 0000000000000000 TEXT DATA 
176 .rela.text.midi_event 00000108 0000000000000000 
177 .text.motion_unlock 000000e6 0000000000000000 TEXT DATA 
178 .rela.text.motion_unlock 00000054 0000000000000000 
179 .text.motion_step 0000012a 0000000000000000 TEXT DATA 
180 .rela.text.motion_step 0000006c 0000000000000000 
181 .text.seq_step 00000354 0000000000000000 TEXT DATA 
182 .rela.text.seq_step 00000084 0000000000000000 
183 .text.seq_ratchet 000000c0 0000000000000000 TEXT DATA 
184 .rela.text.seq_ratchet 00000030 0000000000000000 
185 .text.cin_record 0000008a 0000000000000000 TEXT DATA 
186 .rela.text.cin_record 00000054 0000000000000000 
187 .text.arp_pick 0000014e 0000000000000000 TEXT DATA 
188 .rela.text.arp_pick 0000000c 0000000000000000 
189 .text.arp_chord 00000090 0000000000000000 TEXT DATA 
190 .rela.text.arp_chord 00000024 0000000000000000 
191 .text.perf_avail 00000048 0000000000000000 TEXT DATA 
192 .rela.text.perf_avail 00000024 0000000000000000 
193 .text.perf_begin 00000276 0000000000000000 TEXT DATA 
194 .rela.text.perf_begin 0000003c 0000000000000000 
195 .text.mod_tsrc 00000052 0000000000000000 TEXT DATA 
196 .text.mod_voice_add 0000007a 0000000000000000 TEXT DATA 
197 .text.mod_begin 0000023a 0000000000000000 TEXT DATA 
198 .rela.text.mod_begin 0000006c 0000000000000000 
199 .text.lfo_wave 00000078 0000000000000000 TEXT DATA 
200 .rela.text.lfo_wave 0000000c 0000000000000000 
201 .text.mod_voice 0000017c 0000000000000000 TEXT DATA 
202 .rela.text.mod_voice 00000024 0000000000000000 
203 .text.slicer_track 00000380 0000000000000000 TEXT DATA 
204 .rela.text.slicer_track 0000006c 0000000000000000 
205 .text.mod_end 0000003c 0000000000000000 TEXT DATA 
206 .rela.text.mod_end 0000000c 0000000000000000 
207 .text.perf_mute 00000064 0000000000000000 TEXT DATA 
208 .rela.text.perf_mute 00000018 0000000000000000 
209 .text.perf_pre 0000007a 0000000000000000 TEXT DATA 
210 .rela.text.perf_pre 00000030 0000000000000000 
211 .text.rev_spring 00000210 0000000000000000 TEXT DATA 
212 .rela.text.rev_spring 0000006c 0000000000000000 
213 .text.rev_room 0000011c 0000000000000000 TEXT DATA 
214 .rela.text.rev_room 0000006c 0000000000000000 
215 .text.fx_buses 00000262 0000000000000000 TEXT DATA 
216 .rela.text.fx_buses 000000f0 0000000000000000 
217 .text.perf_pick 00000034 0000000000000000 TEXT DATA 
218 .rela.text.perf_pick 0000000c 0000000000000000 
219 .text.perf_len 0000003e 0000000000000000 TEXT DATA 
220 .rela.text.perf_len 00000024 0000000000000000 
221 .text.perf_buf_start 000000fc 0000000000000000 TEXT DATA 
222 .rela.text.perf_buf_start 0000003c 0000000000000000 
223 .text.perf_switch 000000a2 0000000000000000 TEXT DATA 
224 .rela.text.perf_switch 0000003c 0000000000000000 
225 .text.perf_harm 00000246 0000000000000000 TEXT DATA 
226 .rela.text.perf_harm 00000054 0000000000000000 
227 .text.perf_buf_done 0000004e 0000000000000000 TEXT DATA 
228 .rela.text.perf_buf_done 00000030 0000000000000000 
229 .text.perf_block 000009c0 0000000000000000 TEXT DATA 
230 .rela.text.perf_block 000000d8 0000000000000000 
231 .text.master_out 0000026a 0000000000000000 TEXT DATA 
232 .rela.text.master_out 00000030 0000000000000000 
233 .text.perf_master 00000094 0000000000000000 TEXT DATA 
234 .rela.text.perf_master 00000048 0000000000000000 
235 .text.uac_tap48 000001ae 0000000000000000 TEXT DATA 
236 .rela.text.uac_tap48 0000006c 0000000000000000 
237 .text.uac_tap 000000a0 0000000000000000 TEXT DATA 
238 .rela.text.uac_tap 00000030 0000000000000000 
239 .text.usb_fixed_dac 00000020 0000000000000000 TEXT DATA 
240 .rela.text.usb_fixed_dac 0000000c 0000000000000000 
241 .text.click_render 00000102 0000000000000000 TEXT DATA 
242 .rela.text.click_render 0000003c 0000000000000000 
243 .text.shed_check 0000003a 0000000000000000 TEXT DATA 
244 .rela.text.shed_check 0000000c 0000000000000000 
245 .text.fm1_alnk0_irq 00001a88 0000000000000000 TEXT DATA 
246 .rela.text.fm1_alnk0_irq 000009a8 0000000000000000 
247 .ram_text     00000b6c 0000000000000000 TEXT DATA 
248 .text.fm1__sr_bits 00000032 0000000000000000 TEXT DATA 
249 .text.fm1__anim_frame 0000023e 0000000000000000 TEXT DATA 
250 .rela.text.fm1__anim_frame 00000060 0000000000000000 
251 .text.sie_wr  00000054 0000000000000000 TEXT DATA 
252 .rela.text.sie_wr 0000000c 0000000000000000 
253 .text.sie_rd  0000005a 0000000000000000 TEXT DATA 
254 .rela.text.sie_rd 0000000c 0000000000000000 
255 .text.uac_service 000001be 0000000000000000 TEXT DATA 
256 .rela.text.uac_service 00000060 0000000000000000 
257 .text.e0_chunk 0000009c 0000000000000000 TEXT DATA 
258 .rela.text.e0_chunk 00000030 0000000000000000 
259 .text.e0_send 0000003e 0000000000000000 TEXT DATA 
260 .rela.text.e0_send 00000030 0000000000000000 
261 .text.uac_ep4_reset 0000002c 0000000000000000 TEXT DATA 
262 .rela.text.uac_ep4_reset 0000003c 0000000000000000 
263 .text.midi_enqueue 00000058 0000000000000000 TEXT DATA 
264 .rela.text.midi_enqueue 00000030 0000000000000000 
265 .text.fm1_timer5_irq 00001614 0000000000000000 TEXT DATA 
266 .rela.text.fm1_timer5_irq 00000840 0000000000000000 
267 .text.fm1_p33_read 00000044 0000000000000000 TEXT DATA 
268 .rela.text.fm1_p33_read 00000024 0000000000000000 
269 .text.fm1_enter_uboot 0000003e 0000000000000000 TEXT DATA 
270 .rela.text.fm1_enter_uboot 00000018 0000000000000000 
271 .text.fl_far  0000000a 0000000000000000 TEXT DATA 
272 .text.slc_get 00000042 0000000000000000 TEXT DATA 
273 .rela.text.slc_get 00000030 0000000000000000 
274 .text.slc_rec_room 00000028 0000000000000000 TEXT DATA 
275 .rela.text.slc_rec_room 0000000c 0000000000000000 
276 .text.st_crc32 00000034 0000000000000000 TEXT DATA 
277 .rela.text.st_crc32 0000000c 0000000000000000 
278 .text.slc_man_begin 000000b6 0000000000000000 TEXT DATA 
279 .rela.text.slc_man_begin 00000030 0000000000000000 
280 .text.slc_state_at 00000130 0000000000000000 TEXT DATA 
281 .rela.text.slc_state_at 00000024 0000000000000000 
282 .text.slc_store_load 000000f2 0000000000000000 TEXT DATA 
283 .rela.text.slc_store_load 00000060 0000000000000000 
284 .text.smp_user_scan 00000568 0000000000000000 TEXT DATA 
285 .rela.text.smp_user_scan 000000d8 0000000000000000 
286 .text.st_sector 00000044 0000000000000000 TEXT DATA 
287 .text.st_read 00000044 0000000000000000 TEXT DATA 
288 .rela.text.st_read 00000018 0000000000000000 
289 .text.st_head 00000058 0000000000000000 TEXT DATA 
290 .rela.text.st_head 00000024 0000000000000000 
291 .text.st_body 00000036 0000000000000000 TEXT DATA 
292 .rela.text.st_body 00000030 0000000000000000 
293 .text.st_current 00000086 0000000000000000 TEXT DATA 
294 .rela.text.st_current 00000054 0000000000000000 
295 .text.st_load 00000042 0000000000000000 TEXT DATA 
296 .rela.text.st_load 00000018 0000000000000000 
297 .text.palette_from_stored 00000022 0000000000000000 TEXT DATA 
298 .rela.text.palette_from_stored 0000000c 0000000000000000 
299 .text.settings_import 0000022c 0000000000000000 TEXT DATA 
300 .rela.text.settings_import 000000a8 0000000000000000 
301 .text.proj_hash 0000001e 0000000000000000 TEXT DATA 
302 .text.proj_sum 00000008 0000000000000000 TEXT DATA 
303 .rela.text.proj_sum 0000000c 0000000000000000 
304 .text.chain_valid 00000032 0000000000000000 TEXT DATA 
305 .text.motion_valid 0000006c 0000000000000000 TEXT DATA 
306 .rela.text.motion_valid 0000000c 0000000000000000 
307 .text.proj_ok 0000004a 0000000000000000 TEXT DATA 
308 .rela.text.proj_ok 00000024 0000000000000000 
309 .text.proj_drums_to_part 00000074 0000000000000000 TEXT DATA 
310 .rela.text.proj_drums_to_part 00000018 0000000000000000 
311 .text.phys_legacy 00000010 0000000000000000 TEXT DATA 
312 .text.drum_from_phys 0000003e 0000000000000000 TEXT DATA 
313 .text.proj_phys 0000006c 0000000000000000 TEXT DATA 
314 .rela.text.proj_phys 00000030 0000000000000000 
315 .text.param_desc_of 00000028 0000000000000000 TEXT DATA 
316 .rela.text.param_desc_of 00000018 0000000000000000 
317 .text.params_by_count 0000003a 0000000000000000 TEXT DATA 
318 .text.chain_defaults 0000001e 0000000000000000 TEXT DATA 
319 .rela.text.chain_defaults 0000000c 0000000000000000 
320 .text.proj_trk_from 00000072 0000000000000000 TEXT DATA 
321 .rela.text.proj_trk_from 00000024 0000000000000000 
322 .text.proj_g_from_v2 00000022 0000000000000000 TEXT DATA 
323 .rela.text.proj_g_from_v2 0000000c 0000000000000000 
324 .text.proj_trk_from_v2 0000001e 0000000000000000 TEXT DATA 
325 .rela.text.proj_trk_from_v2 0000000c 0000000000000000 
326 .text.step_to_grid 00000074 0000000000000000 TEXT DATA 
327 .rela.text.step_to_grid 00000018 0000000000000000 
328 .text.step_set_ratchet 00000026 0000000000000000 TEXT DATA 
329 .text.proj_name_get 00000038 0000000000000000 TEXT DATA 
330 .text.proj_unpack 00000400 0000000000000000 TEXT DATA 
331 .rela.text.proj_unpack 0000015c 0000000000000000 
332 .text.proj_engines_ok 0000001e 0000000000000000 TEXT DATA 
333 .rela.text.proj_engines_ok 0000000c 0000000000000000 
334 .text.fm4_abs 00000006 0000000000000000 TEXT DATA 
335 .text.fm4_samples 0000001c 0000000000000000 TEXT DATA 
336 .rela.text.fm4_samples 0000000c 0000000000000000 
337 .text.fm6_carriers 0000002e 0000000000000000 TEXT DATA 
338 .rela.text.fm6_carriers 0000000c 0000000000000000 
339 .text.fm4_lg  0000004c 0000000000000000 TEXT DATA 
340 .text.fm4_ms  00000016 0000000000000000 TEXT DATA 
341 .rela.text.fm4_ms 0000000c 0000000000000000 
342 .text.fm6_scaleout 0000001a 0000000000000000 TEXT DATA 
343 .rela.text.fm6_scaleout 0000000c 0000000000000000 
344 .text.fm4_outlevel 00000046 0000000000000000 TEXT DATA 
345 .rela.text.fm4_outlevel 00000018 0000000000000000 
346 .text.fm4_rate 00000056 0000000000000000 TEXT DATA 
347 .rela.text.fm4_rate 00000024 0000000000000000 
348 .text.fm4_level 0000004a 0000000000000000 TEXT DATA 
349 .rela.text.fm4_level 00000018 0000000000000000 
350 .text.fm4_fall 0000002a 0000000000000000 TEXT DATA 
351 .rela.text.fm4_fall 0000000c 0000000000000000 
352 .text.fm6_sanitize 00000070 0000000000000000 TEXT DATA 
353 .rela.text.fm6_sanitize 00000018 0000000000000000 
354 .text.fm4_convert 000006b0 0000000000000000 TEXT DATA 
355 .rela.text.fm4_convert 000001c8 0000000000000000 
356 .text.fm6_pack 0000011a 0000000000000000 TEXT DATA 
357 .text.proj_fm4 00000148 0000000000000000 TEXT DATA 
358 .rela.text.proj_fm4 00000060 0000000000000000 
359 .text.drum_from_perc 00000026 0000000000000000 TEXT DATA 
360 .rela.text.drum_from_perc 0000000c 0000000000000000 
361 .text.proj_perc 000000d6 0000000000000000 TEXT DATA 
362 .rela.text.proj_perc 0000003c 0000000000000000 
363 .text.proj_import 00000556 0000000000000000 TEXT DATA 
364 .rela.text.proj_import 00000240 0000000000000000 
365 .text.proj_steps 0000004c 0000000000000000 TEXT DATA 
366 .text.proj_bound 00000094 0000000000000000 TEXT DATA 
367 .rela.text.proj_bound 0000003c 0000000000000000 
368 .text.proj_fetch 0000004e 0000000000000000 TEXT DATA 
369 .rela.text.proj_fetch 00000054 0000000000000000 
370 .text.up_valid 0000005e 0000000000000000 TEXT DATA 
371 .text.up_value 00000018 0000000000000000 TEXT DATA 
372 .text.up_set_value 00000018 0000000000000000 TEXT DATA 
373 .text.up_migrate 00000060 0000000000000000 TEXT DATA 
374 .rela.text.up_migrate 0000003c 0000000000000000 
375 .text.up_grid 00000016 0000000000000000 TEXT DATA 
376 .text.up_pat_norm 00000020 0000000000000000 TEXT DATA 
377 .text.up_bank_check 000000a0 0000000000000000 TEXT DATA 
378 .rela.text.up_bank_check 00000048 0000000000000000 
379 .text.upf_valid 00000022 0000000000000000 TEXT DATA 
380 .text.upf_empty 00000026 0000000000000000 TEXT DATA 
381 .rela.text.upf_empty 00000018 0000000000000000 
382 .text.fm6_bank_valid 0000004e 0000000000000000 TEXT DATA 
383 .text.up_rec  0000001e 0000000000000000 TEXT DATA 
384 .rela.text.up_rec 0000000c 0000000000000000 
385 .text.up_used 0000001e 0000000000000000 TEXT DATA 
386 .rela.text.up_used 00000018 0000000000000000 
387 .text.upf_fm6 0000001c 0000000000000000 TEXT DATA 
388 .rela.text.upf_fm6 00000018 0000000000000000 
389 .text.upf_tag 0000002a 0000000000000000 TEXT DATA 
390 .text.upf_get 00000082 0000000000000000 TEXT DATA 
391 .rela.text.upf_get 0000003c 0000000000000000 
392 .text.fm6_unpack 00000108 0000000000000000 TEXT DATA 
393 .rela.text.fm6_unpack 0000000c 0000000000000000 
394 .text.upf_set 0000009a 0000000000000000 TEXT DATA 
395 .rela.text.upf_set 00000060 0000000000000000 
396 .text.upf_migrate 00000068 0000000000000000 TEXT DATA 
397 .rela.text.upf_migrate 00000060 0000000000000000 
398 .text.audio_silence 00000018 0000000000000000 TEXT DATA 
399 .rela.text.audio_silence 0000000c 0000000000000000 
400 .text.st_erase 00000064 0000000000000000 TEXT DATA 
401 .rela.text.st_erase 00000024 0000000000000000 
402 .text.fl_write 0000004a 0000000000000000 TEXT DATA 
403 .rela.text.fl_write 0000000c 0000000000000000 
404 .text.st_prog 00000044 0000000000000000 TEXT DATA 
405 .rela.text.st_prog 0000000c 0000000000000000 
406 .text.st_save_to 00000102 0000000000000000 TEXT DATA 
407 .rela.text.st_save_to 00000084 0000000000000000 
408 .text.upf_save 0000004c 0000000000000000 TEXT DATA 
409 .rela.text.upf_save 0000003c 0000000000000000 
410 .text.favorite_has 00000048 0000000000000000 TEXT DATA 
411 .rela.text.favorite_has 0000000c 0000000000000000 
412 .text.favorite_set 0000007a 0000000000000000 TEXT DATA 
413 .rela.text.favorite_set 00000018 0000000000000000 
414 .text.ota_fread 00000004 0000000000000000 TEXT DATA 
415 .rela.text.ota_fread 0000000c 0000000000000000 
416 .text.ota_in_area 00000020 0000000000000000 TEXT DATA 
417 .text.fl_erase4k 0000001a 0000000000000000 TEXT DATA 
418 .rela.text.fl_erase4k 0000000c 0000000000000000 
419 .text.ota_erase 0000002c 0000000000000000 TEXT DATA 
420 .rela.text.ota_erase 00000024 0000000000000000 
421 .text.ota_unstage 00000018 0000000000000000 TEXT DATA 
422 .rela.text.ota_unstage 0000000c 0000000000000000 
423 .text.ux_mix  0000007e 0000000000000000 TEXT DATA 
424 .rela.text.ux_mix 00000030 0000000000000000 
425 .text.palette_set 00000154 0000000000000000 TEXT DATA 
426 .rela.text.palette_set 00000084 0000000000000000 
427 .text.settings_init 0000005e 0000000000000000 TEXT DATA 
428 .rela.text.settings_init 00000030 0000000000000000 
429 .text.usb_serial_apply 0000007a 0000000000000000 TEXT DATA 
430 .rela.text.usb_serial_apply 00000030 0000000000000000 
431 .text.cv_text_on 00000014 0000000000000000 TEXT DATA 
432 .rela.text.cv_text_on 0000000c 0000000000000000 
433 .text.splash_band 00000056 0000000000000000 TEXT DATA 
434 .rela.text.splash_band 00000048 0000000000000000 
435 .text.panel_init 000000ae 0000000000000000 TEXT DATA 
436 .rela.text.panel_init 00000024 0000000000000000 
437 .text.fm6_set_patch 00000056 0000000000000000 TEXT DATA 
438 .rela.text.fm6_set_patch 00000024 0000000000000000 
439 .text.motion_guard 00000008 0000000000000000 TEXT DATA 
440 .text.motion_rebase 0000005c 0000000000000000 TEXT DATA 
441 .rela.text.motion_rebase 00000054 0000000000000000 
442 .text.motion_clear 00000096 0000000000000000 TEXT DATA 
443 .rela.text.motion_clear 00000060 0000000000000000 
444 .text.motion_reset 00000004 0000000000000000 TEXT DATA 
445 .rela.text.motion_reset 0000000c 0000000000000000 
446 .text.step_clear 00000014 0000000000000000 TEXT DATA 
447 .text.track_defaults_steps 0000001e 0000000000000000 TEXT DATA 
448 .rela.text.track_defaults_steps 00000018 0000000000000000 
449 .text.fnv     00000016 0000000000000000 TEXT DATA 
450 .text.steps_sig 00000012 0000000000000000 TEXT DATA 
451 .rela.text.steps_sig 0000000c 0000000000000000 
452 .text.track_sig 0000008e 0000000000000000 TEXT DATA 
453 .rela.text.track_sig 00000060 0000000000000000 
454 .text.motion_enabled 00000022 0000000000000000 TEXT DATA 
455 .rela.text.motion_enabled 00000018 0000000000000000 
456 .text.motion_set_enabled 0000003e 0000000000000000 TEXT DATA 
457 .rela.text.motion_set_enabled 00000030 0000000000000000 
458 .text.load_motion_hold 0000003c 0000000000000000 TEXT DATA 
459 .rela.text.load_motion_hold 00000030 0000000000000000 
460 .text.motion_snapshot_track 00000076 0000000000000000 TEXT DATA 
461 .rela.text.motion_snapshot_track 0000003c 0000000000000000 
462 .text.load_begin 000000e4 0000000000000000 TEXT DATA 
463 .rela.text.load_begin 0000009c 0000000000000000 
464 .text.param_kept 0000002a 0000000000000000 TEXT DATA 
465 .text.fm6_adopt 000000ae 0000000000000000 TEXT DATA 
466 .rela.text.fm6_adopt 00000054 0000000000000000 
467 .text.fm4_apply 0000005a 0000000000000000 TEXT DATA 
468 .rela.text.fm4_apply 00000048 0000000000000000 
469 .text.motion_count 0000003e 0000000000000000 TEXT DATA 
470 .rela.text.motion_count 00000018 0000000000000000 
471 .text.load_end 00000102 0000000000000000 TEXT DATA 
472 .rela.text.load_end 00000084 0000000000000000 
473 .text.fm4_load_preset 00000130 0000000000000000 TEXT DATA 
474 .rela.text.fm4_load_preset 00000084 0000000000000000 
475 .text.preset_orig 00000020 0000000000000000 TEXT DATA 
476 .rela.text.preset_orig 00000018 0000000000000000 
477 .text.fm6_load_slot 0000003c 0000000000000000 TEXT DATA 
478 .rela.text.fm6_load_slot 00000030 0000000000000000 
479 .text.apply_preset_to 00000166 0000000000000000 TEXT DATA 
480 .rela.text.apply_preset_to 000000a8 0000000000000000 
481 .text.set_engine_of 0000005a 0000000000000000 TEXT DATA 
482 .rela.text.set_engine_of 0000003c 0000000000000000 
483 .text.fm1_adc_read 00000060 0000000000000000 TEXT DATA 
484 .text.fm1_delay_ms 0000001a 0000000000000000 TEXT DATA 
485 .text.usb_start 000000b6 0000000000000000 TEXT DATA 
486 .rela.text.usb_start 0000006c 0000000000000000 
487 .text.fm1_led_dim_level 00000028 0000000000000000 TEXT DATA 
488 .rela.text.fm1_led_dim_level 00000018 0000000000000000 
489 .text.icon_cell 00000046 0000000000000000 TEXT DATA 
490 .rela.text.icon_cell 00000024 0000000000000000 
491 .text.icon_ink 0000009a 0000000000000000 TEXT DATA 
492 .rela.text.icon_ink 00000030 0000000000000000 
493 .text.cv_rect 00000066 0000000000000000 TEXT DATA 
494 .rela.text.cv_rect 00000018 0000000000000000 
495 .text.cv_pset 0000002e 0000000000000000 TEXT DATA 
496 .rela.text.cv_pset 00000018 0000000000000000 
497 .text.cv_rrect 00000180 0000000000000000 TEXT DATA 
498 .rela.text.cv_rrect 00000078 0000000000000000 
499 .text.cv_icon_on 00000132 0000000000000000 TEXT DATA 
500 .rela.text.cv_icon_on 000000b4 0000000000000000 
501 .text.cv_icon_in 0000004e 0000000000000000 TEXT DATA 
502 .rela.text.cv_icon_in 00000018 0000000000000000 
503 .text.cv_icon_mid 0000001e 0000000000000000 TEXT DATA 
504 .rela.text.cv_icon_mid 0000000c 0000000000000000 
505 .text.draw_text_box 0000002c 0000000000000000 TEXT DATA 
506 .rela.text.draw_text_box 00000018 0000000000000000 
507 .text.fm1_wdt_feed 0000000a 0000000000000000 TEXT DATA 
508 .rela.text.fm1_wdt_feed 0000000c 0000000000000000 
509 .text.fm1_input_edges 00000016 0000000000000000 TEXT DATA 
510 .rela.text.fm1_input_edges 0000000c 0000000000000000 
511 .text.setup_show 00000030 0000000000000000 TEXT DATA 
512 .rela.text.setup_show 0000003c 0000000000000000 
513 .text.fm1_enc_take 0000001c 0000000000000000 TEXT DATA 
514 .rela.text.fm1_enc_take 0000000c 0000000000000000 
515 .text.str_cpy 00000028 0000000000000000 TEXT DATA 
516 .text.str_len 0000000e 0000000000000000 TEXT DATA 
517 .text.ui_say  00000038 0000000000000000 TEXT DATA 
518 .rela.text.ui_say 00000030 0000000000000000 
519 .text.ui_message 0000000a 0000000000000000 TEXT DATA 
520 .rela.text.ui_message 00000018 0000000000000000 
521 .text.panel_setup 00000238 0000000000000000 TEXT DATA 
522 .rela.text.panel_setup 000001ec 0000000000000000 
523 .text.chain_busy 00000022 0000000000000000 TEXT DATA 
524 .rela.text.chain_busy 0000000c 0000000000000000 
525 .text.seq_counting 00000010 0000000000000000 TEXT DATA 
526 .rela.text.seq_counting 0000000c 0000000000000000 
527 .text.transport_busy 00000034 0000000000000000 TEXT DATA 
528 .rela.text.transport_busy 00000030 0000000000000000 
529 .text.cur_page 00000022 0000000000000000 TEXT DATA 
530 .rela.text.cur_page 00000024 0000000000000000 
531 .text.slice_page_ok 00000032 0000000000000000 TEXT DATA 
532 .rela.text.slice_page_ok 00000018 0000000000000000 
533 .text.slice_page_on 00000026 0000000000000000 TEXT DATA 
534 .rela.text.slice_page_on 00000024 0000000000000000 
535 .text.slc_man_of 0000004e 0000000000000000 TEXT DATA 
536 .rela.text.slc_man_of 00000024 0000000000000000 
537 .text.settings_export 00000098 0000000000000000 TEXT DATA 
538 .rela.text.settings_export 00000054 0000000000000000 
539 .text.st_save 00000006 0000000000000000 TEXT DATA 
540 .rela.text.st_save 0000000c 0000000000000000 
541 .text.settings_poll 000001e6 0000000000000000 TEXT DATA 
542 .rela.text.settings_poll 00000120 0000000000000000 
543 .text.settings_save 00000010 0000000000000000 TEXT DATA 
544 .rela.text.settings_save 00000018 0000000000000000 
545 .text.project_restore_runtime 00000358 0000000000000000 TEXT DATA 
546 .rela.text.project_restore_runtime 0000027c 0000000000000000 
547 .text.motion_base_value 0000004e 0000000000000000 TEXT DATA 
548 .rela.text.motion_base_value 00000024 0000000000000000 
549 .text.as_mix  00000016 0000000000000000 TEXT DATA 
550 .text.autosave_sig 000000c6 0000000000000000 TEXT DATA 
551 .rela.text.autosave_sig 000000c0 0000000000000000 
552 .text.master_poll 00000038 0000000000000000 TEXT DATA 
553 .rela.text.master_poll 00000024 0000000000000000 
554 .text.usb_detach 00000028 0000000000000000 TEXT DATA 
555 .rela.text.usb_detach 0000000c 0000000000000000 
556 .text.ed_eng  00000012 0000000000000000 TEXT DATA 
557 .text.ed_room 0000001c 0000000000000000 TEXT DATA 
558 .rela.text.ed_room 0000000c 0000000000000000 
559 .text.ed_val  0000002a 0000000000000000 TEXT DATA 
560 .rela.text.ed_val 00000018 0000000000000000 
561 .text.seq_steps 0000003e 0000000000000000 TEXT DATA 
562 .rela.text.seq_steps 00000018 0000000000000000 
563 .text.ed_step_sig 00000060 0000000000000000 TEXT DATA 
564 .text.ed_shadow 000000c0 0000000000000000 TEXT DATA 
565 .rela.text.ed_shadow 000000a8 0000000000000000 
566 .text.ed_begin 00000024 0000000000000000 TEXT DATA 
567 .rela.text.ed_begin 00000018 0000000000000000 
568 .text.ed_b    00000020 0000000000000000 TEXT DATA 
569 .rela.text.ed_b 00000018 0000000000000000 
570 .text.ota_idle 00000004 0000000000000000 TEXT DATA 
571 .rela.text.ota_idle 0000000c 0000000000000000 
572 .text.ota_wire_send 000000d4 0000000000000000 TEXT DATA 
573 .rela.text.ota_wire_send 00000030 0000000000000000 
574 .text.ed_send 0000001c 0000000000000000 TEXT DATA 
575 .rela.text.ed_send 00000024 0000000000000000 
576 .text.ed_v    00000028 0000000000000000 TEXT DATA 
577 .rela.text.ed_v 00000018 0000000000000000 
578 .text.ota_frame_get 00000022 0000000000000000 TEXT DATA 
579 .rela.text.ota_frame_get 00000018 0000000000000000 
580 .text.ed_d8_error 00000024 0000000000000000 TEXT DATA 
581 .rela.text.ed_d8_error 0000003c 0000000000000000 
582 .text.ed_motion_args 0000005a 0000000000000000 TEXT DATA 
583 .text.ed_u28  0000001a 0000000000000000 TEXT DATA 
584 .rela.text.ed_u28 0000000c 0000000000000000 
585 .text.ed_ui_state 00000060 0000000000000000 TEXT DATA 
586 .rela.text.ed_ui_state 00000078 0000000000000000 
587 .text.ed_ui_save 00000058 0000000000000000 TEXT DATA 
588 .rela.text.ed_ui_save 00000054 0000000000000000 
589 .text.ed_str  0000002a 0000000000000000 TEXT DATA 
590 .rela.text.ed_str 00000018 0000000000000000 
591 .text.ed_rv   0000000e 0000000000000000 TEXT DATA 
592 .text.ed_flash_stop 00000052 0000000000000000 TEXT DATA 
593 .rela.text.ed_flash_stop 00000048 0000000000000000 
594 .text.project_capture 0000011c 0000000000000000 TEXT DATA 
595 .rela.text.project_capture 000000cc 0000000000000000 
596 .text.ed_bk_r32 0000001c 0000000000000000 TEXT DATA 
597 .text.project_used 00000018 0000000000000000 TEXT DATA 
598 .rela.text.project_used 00000018 0000000000000000 
599 .text.proj_store_len 0000001c 0000000000000000 TEXT DATA 
600 .text.ed_unpack7 0000008e 0000000000000000 TEXT DATA 
601 .rela.text.ed_unpack7 0000000c 0000000000000000 
602 .text.menu_n  0000002e 0000000000000000 TEXT DATA 
603 .text.menu_flag 0000001c 0000000000000000 TEXT DATA 
604 .rela.text.menu_flag 0000000c 0000000000000000 
605 .text.scr_get 0000001c 0000000000000000 TEXT DATA 
606 .rela.text.scr_get 0000000c 0000000000000000 
607 .text.rp_get  00000038 0000000000000000 TEXT DATA 
608 .rela.text.rp_get 0000000c 0000000000000000 
609 .text.menu_get 000000c2 0000000000000000 TEXT DATA 
610 .rela.text.menu_get 00000060 0000000000000000 
611 .text.menu_vname 000000f0 0000000000000000 TEXT DATA 
612 .rela.text.menu_vname 00000090 0000000000000000 
613 .text.rp_apply 0000002a 0000000000000000 TEXT DATA 
614 .rela.text.rp_apply 0000003c 0000000000000000 
615 .text.rp_put  00000048 0000000000000000 TEXT DATA 
616 .rela.text.rp_put 00000018 0000000000000000 
617 .text.menu_put 000000e8 0000000000000000 TEXT DATA 
618 .rela.text.menu_put 00000078 0000000000000000 
619 .text.motion_delete_event 0000008c 0000000000000000 TEXT DATA 
620 .rela.text.motion_delete_event 00000048 0000000000000000 
621 .text.motion_set_lock 00000010 0000000000000000 TEXT DATA 
622 .rela.text.motion_set_lock 0000000c 0000000000000000 
623 .text.motion_clear_locks 00000090 0000000000000000 TEXT DATA 
624 .rela.text.motion_clear_locks 0000003c 0000000000000000 
625 .text.ed_tdesc 00000014 0000000000000000 TEXT DATA 
626 .rela.text.ed_tdesc 0000000c 0000000000000000 
627 .text.ed_desc 0000004e 0000000000000000 TEXT DATA 
628 .rela.text.ed_desc 00000030 0000000000000000 
629 .text.ed_load_before 0000007e 0000000000000000 TEXT DATA 
630 .rela.text.ed_load_before 00000060 0000000000000000 
631 .text.set_engine 0000001e 0000000000000000 TEXT DATA 
632 .rela.text.set_engine 00000024 0000000000000000 
633 .text.ed_load_after 00000074 0000000000000000 TEXT DATA 
634 .rela.text.ed_load_after 00000060 0000000000000000 
635 .text.step_set_chance 00000010 0000000000000000 TEXT DATA 
636 .text.ed_step_put 0000008e 0000000000000000 TEXT DATA 
637 .rela.text.ed_step_put 00000024 0000000000000000 
638 .text.step_chance 00000010 0000000000000000 TEXT DATA 
639 .text.step_ratchet 0000000a 0000000000000000 TEXT DATA 
640 .text.ed_step_reply 00000066 0000000000000000 TEXT DATA 
641 .rela.text.ed_step_reply 00000090 0000000000000000 
642 .text.apply_preset 0000001e 0000000000000000 TEXT DATA 
643 .rela.text.apply_preset 00000024 0000000000000000 
644 .text.project_save_as 00000068 0000000000000000 TEXT DATA 
645 .rela.text.project_save_as 00000084 0000000000000000 
646 .text.project_load 0000005e 0000000000000000 TEXT DATA 
647 .rela.text.project_load 00000078 0000000000000000 
648 .text.ed_smp_inval 0000003e 0000000000000000 TEXT DATA 
649 .text.up_values 0000008a 0000000000000000 TEXT DATA 
650 .rela.text.up_values 00000048 0000000000000000 
651 .text.up_name_ok 00000026 0000000000000000 TEXT DATA 
652 .text.up_put  000000ec 0000000000000000 TEXT DATA 
653 .rela.text.up_put 000000a8 0000000000000000 
654 .text.eng_ok  00000016 0000000000000000 TEXT DATA 
655 .text.up_slot_label 00000024 0000000000000000 TEXT DATA 
656 .text.up_auto_name 00000064 0000000000000000 TEXT DATA 
657 .rela.text.up_auto_name 0000006c 0000000000000000 
658 .text.up_set_name 0000003c 0000000000000000 TEXT DATA 
659 .rela.text.up_set_name 00000018 0000000000000000 
660 .text.step_lanes 00000034 0000000000000000 TEXT DATA 
661 .rela.text.step_lanes 0000000c 0000000000000000 
662 .text.step_accents 00000018 0000000000000000 TEXT DATA 
663 .rela.text.step_accents 00000018 0000000000000000 
664 .text.up_store 00000170 0000000000000000 TEXT DATA 
665 .rela.text.up_store 000000b4 0000000000000000 
666 .text.up_load 0000016e 0000000000000000 TEXT DATA 
667 .rela.text.up_load 000000f0 0000000000000000 
668 .text.track_select 0000003e 0000000000000000 TEXT DATA 
669 .rela.text.track_select 00000024 0000000000000000 
670 .text.ed_known 0000005a 0000000000000000 TEXT DATA 
671 .rela.text.ed_known 0000003c 0000000000000000 
672 .text.chain_prepare 000001ce 0000000000000000 TEXT DATA 
673 .rela.text.chain_prepare 000000c0 0000000000000000 
674 .text.ed_handle 0000229c 0000000000000000 TEXT DATA 
675 .rela.text.ed_handle 00001494 0000000000000000 
676 .text.ota_frame_done 0000000e 0000000000000000 TEXT DATA 
677 .rela.text.ota_frame_done 0000000c 0000000000000000 
678 .text.ed_service 00000334 0000000000000000 TEXT DATA 
679 .rela.text.ed_service 0000027c 0000000000000000 
680 .text.ota_rd16 0000000a 0000000000000000 TEXT DATA 
681 .text.ota_rd24 00000010 0000000000000000 TEXT DATA 
682 .rela.text.ota_rd24 0000000c 0000000000000000 
683 .text.ota_take 00000096 0000000000000000 TEXT DATA 
684 .rela.text.ota_take 00000030 0000000000000000 
685 .text.ota_send_msg 000000a4 0000000000000000 TEXT DATA 
686 .rela.text.ota_send_msg 00000024 0000000000000000 
687 .text.ota_reply_identity 00000030 0000000000000000 TEXT DATA 
688 .rela.text.ota_reply_identity 00000018 0000000000000000 
689 .text.ota_show 000000d8 0000000000000000 TEXT DATA 
690 .rela.text.ota_show 000000a8 0000000000000000 
691 .text.ota_wr16 00000008 0000000000000000 TEXT DATA 
692 .text.ota_wr32 00000012 0000000000000000 TEXT DATA 
693 .rela.text.ota_wr32 00000018 0000000000000000 
694 .text.ota_rd32 00000010 0000000000000000 TEXT DATA 
695 .rela.text.ota_rd32 0000000c 0000000000000000 
696 .text.ota_read 000000e0 0000000000000000 TEXT DATA 
697 .rela.text.ota_read 00000078 0000000000000000 
698 .text.ota_jl_enc 00000026 0000000000000000 TEXT DATA 
699 .text.ota_crc16 0000002e 0000000000000000 TEXT DATA 
700 .text.ota_memeq 00000016 0000000000000000 TEXT DATA 
701 .text.ota_prog 00000020 0000000000000000 TEXT DATA 
702 .rela.text.ota_prog 00000018 0000000000000000 
703 .text.con_putc 00000076 0000000000000000 TEXT DATA 
704 .rela.text.con_putc 0000003c 0000000000000000 
705 .text.con_puts 00000012 0000000000000000 TEXT DATA 
706 .rela.text.con_puts 0000000c 0000000000000000 
707 .text.con_word 00000042 0000000000000000 TEXT DATA 
708 .text.con_dec 00000050 0000000000000000 TEXT DATA 
709 .rela.text.con_dec 00000018 0000000000000000 
710 .text.con_kv  00000020 0000000000000000 TEXT DATA 
711 .rela.text.con_kv 0000003c 0000000000000000 
712 .text.con_uac 000000fe 0000000000000000 TEXT DATA 
713 .rela.text.con_uac 00000174 0000000000000000 
714 .text.con_hex 0000002c 0000000000000000 TEXT DATA 
715 .rela.text.con_hex 00000018 0000000000000000 
716 .text.con_kx  00000026 0000000000000000 TEXT DATA 
717 .rela.text.con_kx 00000048 0000000000000000 
718 .text.con_num 00000084 0000000000000000 TEXT DATA 
719 .text.panel_enc 0000002c 0000000000000000 TEXT DATA 
720 .rela.text.panel_enc 00000024 0000000000000000 
721 .text.scr_wake 0000001c 0000000000000000 TEXT DATA 
722 .rela.text.scr_wake 00000018 0000000000000000 
723 .text.btn_hold 00000064 0000000000000000 TEXT DATA 
724 .rela.text.btn_hold 00000018 0000000000000000 
725 .text.ly_bit  0000001e 0000000000000000 TEXT DATA 
726 .rela.text.ly_bit 00000018 0000000000000000 
727 .text.layer_let_go 00000060 0000000000000000 TEXT DATA 
728 .rela.text.layer_let_go 00000030 0000000000000000 
729 .text.ly_avail 00000040 0000000000000000 TEXT DATA 
730 .rela.text.ly_avail 00000018 0000000000000000 
731 .text.name_on 00000010 0000000000000000 TEXT DATA 
732 .rela.text.name_on 0000000c 0000000000000000 
733 .text.layer_allowed 0000002e 0000000000000000 TEXT DATA 
734 .rela.text.layer_allowed 00000018 0000000000000000 
735 .text.ly_down 00000030 0000000000000000 TEXT DATA 
736 .rela.text.ly_down 00000024 0000000000000000 
737 .text.layer_held 00000024 0000000000000000 TEXT DATA 
738 .rela.text.layer_held 00000024 0000000000000000 
739 .text.layer_opened 000000f2 0000000000000000 TEXT DATA 
740 .rela.text.layer_opened 00000054 0000000000000000 
741 .text.act_cols 00000090 0000000000000000 TEXT DATA 
742 .rela.text.act_cols 00000024 0000000000000000 
743 .text.layer_open 0000002c 0000000000000000 TEXT DATA 
744 .rela.text.layer_open 00000024 0000000000000000 
745 .text.layer_set_open 00000034 0000000000000000 TEXT DATA 
746 .rela.text.layer_set_open 00000030 0000000000000000 
747 .text.motion_replace_track 00000092 0000000000000000 TEXT DATA 
748 .rela.text.motion_replace_track 00000054 0000000000000000 
749 .text.undo_swap 0000022c 0000000000000000 TEXT DATA 
750 .rela.text.undo_swap 0000012c 0000000000000000 
751 .text.tl_undo_take 000000ae 0000000000000000 TEXT DATA 
752 .rela.text.tl_undo_take 00000048 0000000000000000 
753 .text.key_black 0000001c 0000000000000000 TEXT DATA 
754 .text.eng_vis 00000018 0000000000000000 TEXT DATA 
755 .rela.text.eng_vis 0000000c 0000000000000000 
756 .text.snd_id  0000002a 0000000000000000 TEXT DATA 
757 .rela.text.snd_id 00000018 0000000000000000 
758 .text.select_engine 00000046 0000000000000000 TEXT DATA 
759 .rela.text.select_engine 00000054 0000000000000000 
760 .text.user_of 00000020 0000000000000000 TEXT DATA 
761 .rela.text.user_of 0000000c 0000000000000000 
762 .text.up_has_pat 0000002a 0000000000000000 TEXT DATA 
763 .rela.text.up_has_pat 00000018 0000000000000000 
764 .text.up_pat_rank 00000020 0000000000000000 TEXT DATA 
765 .rela.text.up_pat_rank 0000000c 0000000000000000 
766 .text.preset_pat_hint 00000082 0000000000000000 TEXT DATA 
767 .rela.text.preset_pat_hint 00000048 0000000000000000 
768 .text.preset_hinted 0000001c 0000000000000000 TEXT DATA 
769 .rela.text.preset_hinted 00000018 0000000000000000 
770 .text.preset_rank 0000003e 0000000000000000 TEXT DATA 
771 .rela.text.preset_rank 00000018 0000000000000000 
772 .text.up_engine 00000018 0000000000000000 TEXT DATA 
773 .rela.text.up_engine 00000018 0000000000000000 
774 .text.eng_list_pos 000000b8 0000000000000000 TEXT DATA 
775 .rela.text.eng_list_pos 0000006c 0000000000000000 
776 .text.edit_load 00000126 0000000000000000 TEXT DATA 
777 .rela.text.edit_load 000000c0 0000000000000000 
778 .text.confirm_open 0000001c 0000000000000000 TEXT DATA 
779 .rela.text.confirm_open 0000000c 0000000000000000 
780 .text.seq_is_empty 0000001c 0000000000000000 TEXT DATA 
781 .text.rec_set 0000002e 0000000000000000 TEXT DATA 
782 .rela.text.rec_set 00000030 0000000000000000 
783 .text.rl_name 0000002a 0000000000000000 TEXT DATA 
784 .rela.text.rl_name 00000024 0000000000000000 
785 .text.tl_cell 0000001e 0000000000000000 TEXT DATA 
786 .text.tl_order 0000008e 0000000000000000 TEXT DATA 
787 .rela.text.tl_order 00000030 0000000000000000 
788 .text.tl_shift 0000002a 0000000000000000 TEXT DATA 
789 .rela.text.tl_shift 0000000c 0000000000000000 
790 .text.grid_own 00000052 0000000000000000 TEXT DATA 
791 .rela.text.grid_own 00000018 0000000000000000 
792 .text.grid_hit 00000082 0000000000000000 TEXT DATA 
793 .rela.text.grid_hit 00000030 0000000000000000 
794 .text.tl_lane_clear 0000001e 0000000000000000 TEXT DATA 
795 .rela.text.tl_lane_clear 0000000c 0000000000000000 
796 .text.tl_euclid 0000004e 0000000000000000 TEXT DATA 
797 .rela.text.tl_euclid 0000000c 0000000000000000 
798 .text.tl_lane_rnd 000001ce 0000000000000000 TEXT DATA 
799 .rela.text.tl_lane_rnd 0000003c 0000000000000000 
800 .text.tl_hit_nth 00000054 0000000000000000 TEXT DATA 
801 .rela.text.tl_hit_nth 0000000c 0000000000000000 
802 .text.grid_acc 0000008c 0000000000000000 TEXT DATA 
803 .rela.text.grid_acc 00000030 0000000000000000 
804 .text.drum_swaps 0000002a 0000000000000000 TEXT DATA 
805 .rela.text.drum_swaps 00000018 0000000000000000 
806 .text.drum_lane_name 00000048 0000000000000000 TEXT DATA 
807 .rela.text.drum_lane_name 0000003c 0000000000000000 
808 .text.fmt_fix 0000006c 0000000000000000 TEXT DATA 
809 .text.fmt_int 00000006 0000000000000000 TEXT DATA 
810 .rela.text.fmt_int 0000000c 0000000000000000 
811 .text.perf_harm_on 0000001e 0000000000000000 TEXT DATA 
812 .rela.text.perf_harm_on 00000018 0000000000000000 
813 .text.accel   000000ac 0000000000000000 TEXT DATA 
814 .rela.text.accel 00000024 0000000000000000 
815 .text.eng_rank 00000028 0000000000000000 TEXT DATA 
816 .rela.text.eng_rank 00000018 0000000000000000 
817 .text.eng_step 0000002e 0000000000000000 TEXT DATA 
818 .rela.text.eng_step 00000018 0000000000000000 
819 .text.preset_mark 0000004c 0000000000000000 TEXT DATA 
820 .rela.text.preset_mark 00000048 0000000000000000 
821 .text.page_first 0000001c 0000000000000000 TEXT DATA 
822 .rela.text.page_first 0000000c 0000000000000000 
823 .text.ly_page 0000001a 0000000000000000 TEXT DATA 
824 .rela.text.ly_page 00000018 0000000000000000 
825 .text.cursor_set 00000048 0000000000000000 TEXT DATA 
826 .rela.text.cursor_set 00000024 0000000000000000 
827 .text.ev_rows 00000082 0000000000000000 TEXT DATA 
828 .rela.text.ev_rows 00000018 0000000000000000 
829 .text.ev_row  00000010 0000000000000000 TEXT DATA 
830 .rela.text.ev_row 0000000c 0000000000000000 
831 .text.ev_busy 0000001a 0000000000000000 TEXT DATA 
832 .rela.text.ev_busy 00000024 0000000000000000 
833 .text.ev_len  00000016 0000000000000000 TEXT DATA 
834 .text.track_desc 0000004c 0000000000000000 TEXT DATA 
835 .rela.text.track_desc 00000018 0000000000000000 
836 .text.ev_id_ok 00000060 0000000000000000 TEXT DATA 
837 .rela.text.ev_id_ok 00000018 0000000000000000 
838 .text.lock_page_ok 00000054 0000000000000000 TEXT DATA 
839 .rela.text.lock_page_ok 00000018 0000000000000000 
840 .text.lock_id 0000007e 0000000000000000 TEXT DATA 
841 .rela.text.lock_id 00000054 0000000000000000 
842 .text.motion_find 00000044 0000000000000000 TEXT DATA 
843 .rela.text.motion_find 00000018 0000000000000000 
844 .text.ev_id_step 0000003a 0000000000000000 TEXT DATA 
845 .rela.text.ev_id_step 00000018 0000000000000000 
846 .text.ev_fix  0000006a 0000000000000000 TEXT DATA 
847 .rela.text.ev_fix 00000060 0000000000000000 
848 .text.motion_sig 00000058 0000000000000000 TEXT DATA 
849 .rela.text.motion_sig 00000024 0000000000000000 
850 .text.motion_undo_take 000000ec 0000000000000000 TEXT DATA 
851 .rela.text.motion_undo_take 00000084 0000000000000000 
852 .text.motion_move 000000d4 0000000000000000 TEXT DATA 
853 .rela.text.motion_move 00000060 0000000000000000 
854 .text.enum_order 00000026 0000000000000000 TEXT DATA 
855 .rela.text.enum_order 00000030 0000000000000000 
856 .text.enum_rank 00000036 0000000000000000 TEXT DATA 
857 .rela.text.enum_rank 0000000c 0000000000000000 
858 .text.param_turn 0000007c 0000000000000000 TEXT DATA 
859 .rela.text.param_turn 00000024 0000000000000000 
860 .text.motion_undo_done 0000002a 0000000000000000 TEXT DATA 
861 .rela.text.motion_undo_done 00000024 0000000000000000 
862 .text.ev_follow 0000002e 0000000000000000 TEXT DATA 
863 .rela.text.ev_follow 00000018 0000000000000000 
864 .text.preset_all_pos 000000d6 0000000000000000 TEXT DATA 
865 .rela.text.preset_all_pos 00000078 0000000000000000 
866 .text.preset_all_at 00000088 0000000000000000 TEXT DATA 
867 .rela.text.preset_all_at 00000048 0000000000000000 
868 .text.preset_pos 00000068 0000000000000000 TEXT DATA 
869 .rela.text.preset_pos 00000030 0000000000000000 
870 .text.preset_at 0000005a 0000000000000000 TEXT DATA 
871 .rela.text.preset_at 0000003c 0000000000000000 
872 .text.preset_step 00000084 0000000000000000 TEXT DATA 
873 .rela.text.preset_step 00000078 0000000000000000 
874 .text.slc_src_of 00000016 0000000000000000 TEXT DATA 
875 .text.slice_src 00000044 0000000000000000 TEXT DATA 
876 .rela.text.slice_src 00000030 0000000000000000 
877 .text.slc_count 00000024 0000000000000000 TEXT DATA 
878 .rela.text.slc_count 0000000c 0000000000000000 
879 .text.slice_count 0000001c 0000000000000000 TEXT DATA 
880 .rela.text.slice_count 00000018 0000000000000000 
881 .text.slice_sel 00000014 0000000000000000 TEXT DATA 
882 .rela.text.slice_sel 00000018 0000000000000000 
883 .text.slc_bounds 000000b6 0000000000000000 TEXT DATA 
884 .rela.text.slc_bounds 0000000c 0000000000000000 
885 .text.slice_edit_begin 0000010c 0000000000000000 TEXT DATA 
886 .rela.text.slice_edit_begin 00000090 0000000000000000 
887 .text.slice_mark 00000054 0000000000000000 TEXT DATA 
888 .rela.text.slice_mark 00000024 0000000000000000 
889 .text.slice_view 00000076 0000000000000000 TEXT DATA 
890 .rela.text.slice_view 0000003c 0000000000000000 
891 .text.slice_edit_end 00000052 0000000000000000 TEXT DATA 
892 .rela.text.slice_edit_end 0000003c 0000000000000000 
893 .text.pat_count 00000016 0000000000000000 TEXT DATA 
894 .rela.text.pat_count 0000000c 0000000000000000 
895 .text.pat_pick 0000001e 0000000000000000 TEXT DATA 
896 .rela.text.pat_pick 00000018 0000000000000000 
897 .text.page_desc 0000006e 0000000000000000 TEXT DATA 
898 .rela.text.page_desc 0000003c 0000000000000000 
899 .text.edit_param 000008b0 0000000000000000 TEXT DATA 
900 .rela.text.edit_param 00000330 0000000000000000 
901 .text.grid_on 00000050 0000000000000000 TEXT DATA 
902 .rela.text.grid_on 00000030 0000000000000000 
903 .text.keys_mode 00000012 0000000000000000 TEXT DATA 
904 .rela.text.keys_mode 00000018 0000000000000000 
905 .text.go_home 00000026 0000000000000000 TEXT DATA 
906 .rela.text.go_home 00000018 0000000000000000 
907 .text.menu_close 0000001e 0000000000000000 TEXT DATA 
908 .rela.text.menu_close 00000024 0000000000000000 
909 .text.name_close 0000001c 0000000000000000 TEXT DATA 
910 .rela.text.name_close 00000018 0000000000000000 
911 .text.rec_tap 00000106 0000000000000000 TEXT DATA 
912 .rela.text.rec_tap 000000d8 0000000000000000 
913 .text.cv_text_r 00000030 0000000000000000 TEXT DATA 
914 .rela.text.cv_text_r 00000018 0000000000000000 
915 .text.menu_text 000000d0 0000000000000000 TEXT DATA 
916 .rela.text.menu_text 0000003c 0000000000000000 
917 .text.menu_document 00000246 0000000000000000 TEXT DATA 
918 .rela.text.menu_document 00000228 0000000000000000 
919 .text.menu_scroll_max 00000016 0000000000000000 TEXT DATA 
920 .rela.text.menu_scroll_max 0000000c 0000000000000000 
921 .text.enc_drop 00000012 0000000000000000 TEXT DATA 
922 .rela.text.enc_drop 0000000c 0000000000000000 
923 .text.menu_tab 00000022 0000000000000000 TEXT DATA 
924 .rela.text.menu_tab 00000018 0000000000000000 
925 .text.mtab_first 0000001a 0000000000000000 TEXT DATA 
926 .rela.text.mtab_first 0000000c 0000000000000000 
927 .text.mtab_rows 00000024 0000000000000000 TEXT DATA 
928 .rela.text.mtab_rows 0000000c 0000000000000000 
929 .text.str_eq  00000020 0000000000000000 TEXT DATA 
930 .text.menu_step 0000005a 0000000000000000 TEXT DATA 
931 .rela.text.menu_step 0000003c 0000000000000000 
932 .text.nm_commit 00000016 0000000000000000 TEXT DATA 
933 .rela.text.nm_commit 0000000c 0000000000000000 
934 .text.nm_group 0000002e 0000000000000000 TEXT DATA 
935 .rela.text.nm_group 00000030 0000000000000000 
936 .text.nm_insert 0000004a 0000000000000000 TEXT DATA 
937 .rela.text.nm_insert 00000024 0000000000000000 
938 .text.nm_black 00000038 0000000000000000 TEXT DATA 
939 .text.nm_do   0000006e 0000000000000000 TEXT DATA 
940 .rela.text.nm_do 00000024 0000000000000000 
941 .text.up_ui_named 00000134 0000000000000000 TEXT DATA 
942 .rela.text.up_ui_named 00000180 0000000000000000 
943 .text.page_visible 0000008e 0000000000000000 TEXT DATA 
944 .rela.text.page_visible 00000024 0000000000000000 
945 .text.page_entered 00000074 0000000000000000 TEXT DATA 
946 .rela.text.page_entered 0000003c 0000000000000000 
947 .text.open_family 00000090 0000000000000000 TEXT DATA 
948 .rela.text.open_family 00000054 0000000000000000 
949 .text.up_name 00000034 0000000000000000 TEXT DATA 
950 .rela.text.up_name 0000000c 0000000000000000 
951 .text.project_name 0000003a 0000000000000000 TEXT DATA 
952 .rela.text.project_name 00000030 0000000000000000 
953 .text.name_open 000000e4 0000000000000000 TEXT DATA 
954 .rela.text.name_open 000000cc 0000000000000000 
955 .text.up_ui   00000006 0000000000000000 TEXT DATA 
956 .rela.text.up_ui 0000000c 0000000000000000 
957 .text.up_pat_nth 0000001e 0000000000000000 TEXT DATA 
958 .rela.text.up_pat_nth 0000000c 0000000000000000 
959 .text.pat_label 0000005a 0000000000000000 TEXT DATA 
960 .rela.text.pat_label 0000003c 0000000000000000 
961 .text.load_pat16 0000007a 0000000000000000 TEXT DATA 
962 .rela.text.load_pat16 0000000c 0000000000000000 
963 .text.pat_load_ui 00000164 0000000000000000 TEXT DATA 
964 .rela.text.pat_load_ui 0000012c 0000000000000000 
965 .text.live_rec_sel 0000003c 0000000000000000 TEXT DATA 
966 .rela.text.live_rec_sel 00000024 0000000000000000 
967 .text.lock_held 000000d0 0000000000000000 TEXT DATA 
968 .rela.text.lock_held 00000084 0000000000000000 
969 .text.motion_lock_steps 00000050 0000000000000000 TEXT DATA 
970 .rela.text.motion_lock_steps 0000000c 0000000000000000 
971 .text.page_tap 00000264 0000000000000000 TEXT DATA 
972 .rela.text.page_tap 000001ec 0000000000000000 
973 .text.cursor_fix 00000032 0000000000000000 TEXT DATA 
974 .rela.text.cursor_fix 00000030 0000000000000000 
975 .text.panel_btn_of 0000001c 0000000000000000 TEXT DATA 
976 .rela.text.panel_btn_of 0000000c 0000000000000000 
977 .text.chain_play_ui 00000058 0000000000000000 TEXT DATA 
978 .rela.text.chain_play_ui 00000054 0000000000000000 
979 .text.act_col 00000038 0000000000000000 TEXT DATA 
980 .rela.text.act_col 00000030 0000000000000000 
981 .text.act_ready 000001f0 0000000000000000 TEXT DATA 
982 .rela.text.act_ready 00000150 0000000000000000 
983 .text.slc_note_slice 0000001e 0000000000000000 TEXT DATA 
984 .text.black_held 0000003e 0000000000000000 TEXT DATA 
985 .rela.text.black_held 00000030 0000000000000000 
986 .text.motion_lock_get 00000046 0000000000000000 TEXT DATA 
987 .rela.text.motion_lock_get 00000018 0000000000000000 
988 .text.home_param 0000004c 0000000000000000 TEXT DATA 
989 .rela.text.home_param 00000030 0000000000000000 
990 .text.smp_set_missing 0000002c 0000000000000000 TEXT DATA 
991 .rela.text.smp_set_missing 0000000c 0000000000000000 
992 .text.ui_input 000033d4 0000000000000000 TEXT DATA 
993 .rela.text.ui_input 00001cec 0000000000000000 
994 .text.layer_btn 00000024 0000000000000000 TEXT DATA 
995 .rela.text.layer_btn 00000018 0000000000000000 
996 .text.led_put 0000002a 0000000000000000 TEXT DATA 
997 .rela.text.led_put 0000000c 0000000000000000 
998 .text.scale_mask 00000020 0000000000000000 TEXT DATA 
999 .rela.text.scale_mask 0000000c 0000000000000000 
1000 .text.glo_sounding 0000003a 0000000000000000 TEXT DATA 
1001 .rela.text.glo_sounding 00000018 0000000000000000 
1002 .text.rec_clearable 00000036 0000000000000000 TEXT DATA 
1003 .rela.text.rec_clearable 00000030 0000000000000000 
1004 .text.lcd_power 00000040 0000000000000000 TEXT DATA 
1005 .rela.text.lcd_power 00000024 0000000000000000 
1006 .text.kc_w    00000016 0000000000000000 TEXT DATA 
1007 .rela.text.kc_w 0000000c 0000000000000000 
1008 .text.kh_ink  00000030 0000000000000000 TEXT DATA 
1009 .rela.text.kh_ink 00000030 0000000000000000 
1010 .text.cv_keycap 00000128 0000000000000000 TEXT DATA 
1011 .rela.text.cv_keycap 00000048 0000000000000000 
1012 .text.cv_key_hint 00000062 0000000000000000 TEXT DATA 
1013 .rela.text.cv_key_hint 00000030 0000000000000000 
1014 .text.str_hash 00000014 0000000000000000 TEXT DATA 
1015 .text.layer_locked 00000022 0000000000000000 TEXT DATA 
1016 .rela.text.layer_locked 0000000c 0000000000000000 
1017 .text.batt_shown 0000003c 0000000000000000 TEXT DATA 
1018 .rela.text.batt_shown 0000000c 0000000000000000 
1019 .text.roll_note 000000f0 0000000000000000 TEXT DATA 
1020 .rela.text.roll_note 00000024 0000000000000000 
1021 .text.roll_text 000001ae 0000000000000000 TEXT DATA 
1022 .rela.text.roll_text 00000090 0000000000000000 
1023 .text.head_metro 0000003a 0000000000000000 TEXT DATA 
1024 .rela.text.head_metro 00000030 0000000000000000 
1025 .text.draw_rec_mark 00000036 0000000000000000 TEXT DATA 
1026 .rela.text.draw_rec_mark 00000024 0000000000000000 
1027 .text.kc_tag  00000076 0000000000000000 TEXT DATA 
1028 .rela.text.kc_tag 0000000c 0000000000000000 
1029 .text.text_fit 00000086 0000000000000000 TEXT DATA 
1030 .rela.text.text_fit 00000018 0000000000000000 
1031 .text.cv_free_text 0000003a 0000000000000000 TEXT DATA 
1032 .rela.text.cv_free_text 00000024 0000000000000000 
1033 .text.head_msg 000002fe 0000000000000000 TEXT DATA 
1034 .rela.text.head_msg 00000144 0000000000000000 
1035 .text.draw_head 00000566 0000000000000000 TEXT DATA 
1036 .rela.text.draw_head 00000354 0000000000000000 
1037 .text.menu_large 00000014 0000000000000000 TEXT DATA 
1038 .rela.text.menu_large 0000000c 0000000000000000 
1039 .text.mt_font 00000018 0000000000000000 TEXT DATA 
1040 .rela.text.mt_font 00000024 0000000000000000 
1041 .text.cv_rule 00000018 0000000000000000 TEXT DATA 
1042 .rela.text.cv_rule 00000018 0000000000000000 
1043 .text.menu_tabs 00000150 0000000000000000 TEXT DATA 
1044 .rela.text.menu_tabs 00000090 0000000000000000 
1045 .text.kh_w    00000024 0000000000000000 TEXT DATA 
1046 .rela.text.kh_w 00000024 0000000000000000 
1047 .text.mr_h    0000001c 0000000000000000 TEXT DATA 
1048 .rela.text.mr_h 00000024 0000000000000000 
1049 .text.mr_gap  00000016 0000000000000000 TEXT DATA 
1050 .rela.text.mr_gap 00000018 0000000000000000 
1051 .text.mr_y    00000016 0000000000000000 TEXT DATA 
1052 .rela.text.mr_y 00000018 0000000000000000 
1053 .text.cv_key_row 000000b8 0000000000000000 TEXT DATA 
1054 .rela.text.cv_key_row 00000024 0000000000000000 
1055 .text.cv_text_in 0000002c 0000000000000000 TEXT DATA 
1056 .rela.text.cv_text_in 00000018 0000000000000000 
1057 .text.large_kind 00000052 0000000000000000 TEXT DATA 
1058 .rela.text.large_kind 00000024 0000000000000000 
1059 .text.card_h  00000012 0000000000000000 TEXT DATA 
1060 .rela.text.card_h 0000000c 0000000000000000 
1061 .text.graph_y 00000012 0000000000000000 TEXT DATA 
1062 .rela.text.graph_y 0000000c 0000000000000000 
1063 .text.graph_h 00000012 0000000000000000 TEXT DATA 
1064 .rela.text.graph_h 0000000c 0000000000000000 
1065 .text.lcd_rule 00000018 0000000000000000 TEXT DATA 
1066 .rela.text.lcd_rule 00000018 0000000000000000 
1067 .text.draw_rules 00000062 0000000000000000 TEXT DATA 
1068 .rela.text.draw_rules 00000060 0000000000000000 
1069 .text.draw_frame 000000b0 0000000000000000 TEXT DATA 
1070 .rela.text.draw_frame 00000078 0000000000000000 
1071 .text.icon_for_label 00000032 0000000000000000 TEXT DATA 
1072 .rela.text.icon_for_label 00000018 0000000000000000 
1073 .text.ink_w   0000001a 0000000000000000 TEXT DATA 
1074 .rela.text.ink_w 0000000c 0000000000000000 
1075 .text.large_face_has 0000002e 0000000000000000 TEXT DATA 
1076 .rela.text.large_face_has 00000024 0000000000000000 
1077 .text.cv_text_fit 00000036 0000000000000000 TEXT DATA 
1078 .rela.text.cv_text_fit 00000018 0000000000000000 
1079 .text.draw_column 00000942 0000000000000000 TEXT DATA 
1080 .rela.text.draw_column 000003e4 0000000000000000 
1081 .text.param_format 00000256 0000000000000000 TEXT DATA 
1082 .rela.text.param_format 000001a4 0000000000000000 
1083 .text.engine_icon 00000026 0000000000000000 TEXT DATA 
1084 .rela.text.engine_icon 00000018 0000000000000000 
1085 .text.preset_favorite 00000036 0000000000000000 TEXT DATA 
1086 .rela.text.preset_favorite 00000030 0000000000000000 
1087 .text.card_mot_of 0000004c 0000000000000000 TEXT DATA 
1088 .rela.text.card_mot_of 00000030 0000000000000000 
1089 .text.param_icon 000000e2 0000000000000000 TEXT DATA 
1090 .rela.text.param_icon 000000a8 0000000000000000 
1091 .text.ev_name 0000006e 0000000000000000 TEXT DATA 
1092 .rela.text.ev_name 00000078 0000000000000000 
1093 .text.motion_icon 00000028 0000000000000000 TEXT DATA 
1094 .rela.text.motion_icon 00000024 0000000000000000 
1095 .text.motion_lock_count 00000042 0000000000000000 TEXT DATA 
1096 .rela.text.motion_lock_count 00000018 0000000000000000 
1097 .text.draw_act_column 00000058 0000000000000000 TEXT DATA 
1098 .rela.text.draw_act_column 00000054 0000000000000000 
1099 .text.trk_level 00000016 0000000000000000 TEXT DATA 
1100 .rela.text.trk_level 0000000c 0000000000000000 
1101 .text.slice_time 0000005e 0000000000000000 TEXT DATA 
1102 .rela.text.slice_time 00000024 0000000000000000 
1103 .text.mod_src_icon 0000001c 0000000000000000 TEXT DATA 
1104 .rela.text.mod_src_icon 0000000c 0000000000000000 
1105 .text.mod_dst_name 00000036 0000000000000000 TEXT DATA 
1106 .rela.text.mod_dst_name 00000018 0000000000000000 
1107 .text.note_name 00000030 0000000000000000 TEXT DATA 
1108 .rela.text.note_name 00000030 0000000000000000 
1109 .text.step_on 00000016 0000000000000000 TEXT DATA 
1110 .text.draw_columns 000015b4 0000000000000000 TEXT DATA 
1111 .rela.text.draw_columns 00000c78 0000000000000000 
1112 .text.lc_fill 0000003c 0000000000000000 TEXT DATA 
1113 .rela.text.lc_fill 0000000c 0000000000000000 
1114 .text.lc_box  0000008c 0000000000000000 TEXT DATA 
1115 .rela.text.lc_box 00000030 0000000000000000 
1116 .text.lcell   00000266 0000000000000000 TEXT DATA 
1117 .rela.text.lcell 000000b4 0000000000000000 
1118 .text.drum_lane_abbr 00000048 0000000000000000 TEXT DATA 
1119 .rela.text.drum_lane_abbr 0000003c 0000000000000000 
1120 .text.eng_abbr 00000026 0000000000000000 TEXT DATA 
1121 .rela.text.eng_abbr 00000018 0000000000000000 
1122 .text.list_row 0000007c 0000000000000000 TEXT DATA 
1123 .rela.text.list_row 0000003c 0000000000000000 
1124 .text.strip_kind 0000003a 0000000000000000 TEXT DATA 
1125 .rela.text.strip_kind 00000024 0000000000000000 
1126 .text.knob    00000186 0000000000000000 TEXT DATA 
1127 .rela.text.knob 0000003c 0000000000000000 
1128 .text.smp_zone 0000002c 0000000000000000 TEXT DATA 
1129 .rela.text.smp_zone 00000018 0000000000000000 
1130 .text.graph_project_used 0000009c 0000000000000000 TEXT DATA 
1131 .rela.text.graph_project_used 0000003c 0000000000000000 
1132 .text.steps_hash 0000005e 0000000000000000 TEXT DATA 
1133 .rela.text.steps_hash 0000000c 0000000000000000 
1134 .text.pr_src  0000004a 0000000000000000 TEXT DATA 
1135 .rela.text.pr_src 00000024 0000000000000000 
1136 .text.pr_note 00000032 0000000000000000 TEXT DATA 
1137 .rela.text.pr_note 0000000c 0000000000000000 
1138 .text.pr_held 0000006a 0000000000000000 TEXT DATA 
1139 .rela.text.pr_held 00000030 0000000000000000 
1140 .text.cv_line 00000072 0000000000000000 TEXT DATA 
1141 .rela.text.cv_line 0000000c 0000000000000000 
1142 .text.cv_line_t 0000002e 0000000000000000 TEXT DATA 
1143 .rela.text.cv_line_t 0000000c 0000000000000000 
1144 .text.graph_scope 000000d0 0000000000000000 TEXT DATA 
1145 .rela.text.graph_scope 00000048 0000000000000000 
1146 .text.graph_adsr 00000192 0000000000000000 TEXT DATA 
1147 .rela.text.graph_adsr 00000060 0000000000000000 
1148 .text.graph_lfo 000000ac 0000000000000000 TEXT DATA 
1149 .rela.text.graph_lfo 0000003c 0000000000000000 
1150 .text.bar_x   00000012 0000000000000000 TEXT DATA 
1151 .text.graph_steps 00000122 0000000000000000 TEXT DATA 
1152 .rela.text.graph_steps 0000006c 0000000000000000 
1153 .text.page_title 00000174 0000000000000000 TEXT DATA 
1154 .rela.text.page_title 00000144 0000000000000000 
1155 .text.pr_split 00000046 0000000000000000 TEXT DATA 
1156 .rela.text.pr_split 00000018 0000000000000000 
1157 .text.cv_frame 0000004c 0000000000000000 TEXT DATA 
1158 .rela.text.cv_frame 00000030 0000000000000000 
1159 .text.pr_row_y 00000016 0000000000000000 TEXT DATA 
1160 .rela.text.pr_row_y 0000000c 0000000000000000 
1161 .text.pr_bars 000000ac 0000000000000000 TEXT DATA 
1162 .rela.text.pr_bars 00000030 0000000000000000 
1163 .text.note_line 0000008c 0000000000000000 TEXT DATA 
1164 .rela.text.note_line 00000054 0000000000000000 
1165 .text.panel_note 0000004e 0000000000000000 TEXT DATA 
1166 .rela.text.panel_note 0000003c 0000000000000000 
1167 .text.slc_dec_at 00000012 0000000000000000 TEXT DATA 
1168 .text.slc_dec_next 000000c0 0000000000000000 TEXT DATA 
1169 .rela.text.slc_dec_next 00000024 0000000000000000 
1170 .text.drw_level 00000044 0000000000000000 TEXT DATA 
1171 .rela.text.drw_level 0000000c 0000000000000000 
1172 .text.fm_dot  00000018 0000000000000000 TEXT DATA 
1173 .rela.text.fm_dot 0000000c 0000000000000000 
1174 .text.draw_graph 000035b2 0000000000000000 TEXT DATA 
1175 .rela.text.draw_graph 00001bcc 0000000000000000 
1176 .text.page_icon 00000032 0000000000000000 TEXT DATA 
1177 .rela.text.page_icon 0000000c 0000000000000000 
1178 .text.foot_hint 0000014c 0000000000000000 TEXT DATA 
1179 .rela.text.foot_hint 0000015c 0000000000000000 
1180 .text.foot_rename 0000005a 0000000000000000 TEXT DATA 
1181 .rela.text.foot_rename 00000054 0000000000000000 
1182 .text.ui_draw_page 00002aa8 0000000000000000 TEXT DATA 
1183 .rela.text.ui_draw_page 00001ab8 0000000000000000 
1184 .text.fm1_main 00002c8a 0000000000000000 TEXT DATA 
1185 .rela.text.fm1_main 00001f2c 0000000000000000 
1186 .text.fm1_cstart 00000246 0000000000000000 TEXT DATA 
1187 .rela.text.fm1_cstart 0000015c 0000000000000000 
1188 .text.analog_note_on 00000022 0000000000000000 TEXT DATA 
1189 .text.analog_render 000006a2 0000000000000000 TEXT DATA 
1190 .rela.text.analog_render 0000003c 0000000000000000 
1191 .text.fm4_gone_note_on 00000002 0000000000000000 TEXT DATA 
1192 .text.fm4_gone_render 00000002 0000000000000000 TEXT DATA 
1193 .text.phase_note_on 0000000e 0000000000000000 TEXT DATA 
1194 .text.pd_setup 00000102 0000000000000000 TEXT DATA 
1195 .text.pd_wave 00000124 0000000000000000 TEXT DATA 
1196 .rela.text.pd_wave 0000000c 0000000000000000 
1197 .text.phase_render 00000232 0000000000000000 TEXT DATA 
1198 .rela.text.phase_render 00000048 0000000000000000 
1199 .text.lofi_note_on 0000003a 0000000000000000 TEXT DATA 
1200 .text.lofi_render 000003a0 0000000000000000 TEXT DATA 
1201 .rela.text.lofi_render 00000054 0000000000000000 
1202 .text.lofi_amp 000000b4 0000000000000000 TEXT DATA 
1203 .text.lofi_desc 0000002e 0000000000000000 TEXT DATA 
1204 .rela.text.lofi_desc 00000018 0000000000000000 
1205 .text.sample_note_on 0000010e 0000000000000000 TEXT DATA 
1206 .rela.text.sample_note_on 00000030 0000000000000000 
1207 .text.pow2_q16 00000058 0000000000000000 TEXT DATA 
1208 .rela.text.pow2_q16 0000000c 0000000000000000 
1209 .text.smp_sine 000000de 0000000000000000 TEXT DATA 
1210 .rela.text.smp_sine 00000018 0000000000000000 
1211 .text.sample_next 000000c6 0000000000000000 TEXT DATA 
1212 .rela.text.sample_next 00000024 0000000000000000 
1213 .text.sample_render 00000224 0000000000000000 TEXT DATA 
1214 .rela.text.sample_render 00000054 0000000000000000 
1215 .text.formant_note_on 00000040 0000000000000000 TEXT DATA 
1216 .rela.text.formant_note_on 0000000c 0000000000000000 
1217 .text.vowel_at 00000088 0000000000000000 TEXT DATA 
1218 .rela.text.vowel_at 00000018 0000000000000000 
1219 .text.fmt_ratio 00000058 0000000000000000 TEXT DATA 
1220 .rela.text.fmt_ratio 0000000c 0000000000000000 
1221 .text.fres_coef 000000ce 0000000000000000 TEXT DATA 
1222 .rela.text.fres_coef 0000000c 0000000000000000 
1223 .text.formant_render 0000076a 0000000000000000 TEXT DATA 
1224 .rela.text.formant_render 000000b4 0000000000000000 
1225 .text.trio_note_on 00000034 0000000000000000 TEXT DATA 
1226 .text.trio_inc 00000068 0000000000000000 TEXT DATA 
1227 .rela.text.trio_inc 0000000c 0000000000000000 
1228 .text.trio_pass 000002f8 0000000000000000 TEXT DATA 
1229 .text.trio_naive 00000066 0000000000000000 TEXT DATA 
1230 .text.trio_render 00000738 0000000000000000 TEXT DATA 
1231 .rela.text.trio_render 0000009c 0000000000000000 
1232 .text.wheel_note_on 000000c2 0000000000000000 TEXT DATA 
1233 .rela.text.wheel_note_on 00000018 0000000000000000 
1234 .text.wheel_render 00000334 0000000000000000 TEXT DATA 
1235 .rela.text.wheel_render 00000054 0000000000000000 
1236 .text.wheel_block 00000224 0000000000000000 TEXT DATA 
1237 .rela.text.wheel_block 00000048 0000000000000000 
1238 .text.gr_find 000000a6 0000000000000000 TEXT DATA 
1239 .rela.text.gr_find 00000030 0000000000000000 
1240 .text.grain_note_on 00000070 0000000000000000 TEXT DATA 
1241 .rela.text.grain_note_on 00000024 0000000000000000 
1242 .text.gr_seek 000000d4 0000000000000000 TEXT DATA 
1243 .rela.text.gr_seek 00000024 0000000000000000 
1244 .text.gr_fill 000000d4 0000000000000000 TEXT DATA 
1245 .rela.text.gr_fill 00000030 0000000000000000 
1246 .text.grain_render 0000093e 0000000000000000 TEXT DATA 
1247 .rela.text.grain_render 00000180 0000000000000000 
1248 .text.grain_block 00000422 0000000000000000 TEXT DATA 
1249 .rela.text.grain_block 00000114 0000000000000000 
1250 .text.phys_reset 0000003c 0000000000000000 TEXT DATA 
1251 .text.phys_note_on 000000b8 0000000000000000 TEXT DATA 
1252 .rela.text.phys_note_on 00000030 0000000000000000 
1253 .text.px_sin  00000078 0000000000000000 TEXT DATA 
1254 .text.px_exp2 00000116 0000000000000000 TEXT DATA 
1255 .text.px_svf_coef 000000c8 0000000000000000 TEXT DATA 
1256 .text.px_modal_exciter 000001b0 0000000000000000 TEXT DATA 
1257 .rela.text.px_modal_exciter 00000030 0000000000000000 
1258 .text.px_modal_q 00000078 0000000000000000 TEXT DATA 
1259 .rela.text.px_modal_q 0000000c 0000000000000000 
1260 .text.px_modal_block 000002a2 0000000000000000 TEXT DATA 
1261 .rela.text.px_modal_block 0000003c 0000000000000000 
1262 .text.px_modal_run 0000026c 0000000000000000 TEXT DATA 
1263 .text.px_memb_block 000002b4 0000000000000000 TEXT DATA 
1264 .rela.text.px_memb_block 00000054 0000000000000000 
1265 .text.px_isqrt64 0000006e 0000000000000000 TEXT DATA 
1266 .text.px_string_block 0000057e 0000000000000000 TEXT DATA 
1267 .rela.text.px_string_block 0000006c 0000000000000000 
1268 .text.px_string_excite 00000252 0000000000000000 TEXT DATA 
1269 .text.px_string_run 000003fe 0000000000000000 TEXT DATA 
1270 .text.phys_symp_pitches 00000098 0000000000000000 TEXT DATA 
1271 .rela.text.phys_symp_pitches 00000024 0000000000000000 
1272 .text.px_symp_block 000001ca 0000000000000000 TEXT DATA 
1273 .rela.text.px_symp_block 00000018 0000000000000000 
1274 .text.px_symp_run 00000228 0000000000000000 TEXT DATA 
1275 .text.phys_render 0000033e 0000000000000000 TEXT DATA 
1276 .rela.text.phys_render 000000d8 0000000000000000 
1277 .text.phys_desc 00000020 0000000000000000 TEXT DATA 
1278 .rela.text.phys_desc 0000000c 0000000000000000 
1279 .text.drum_note_on 00000178 0000000000000000 TEXT DATA 
1280 .rela.text.drum_note_on 00000054 0000000000000000 
1281 .text.drum_lane_of 00000060 0000000000000000 TEXT DATA 
1282 .rela.text.drum_lane_of 00000018 0000000000000000 
1283 .text.dv_tau_of 00000048 0000000000000000 TEXT DATA 
1284 .text.dv_kb   00000056 0000000000000000 TEXT DATA 
1285 .text.dv_pole 00000050 0000000000000000 TEXT DATA 
1286 .rela.text.dv_pole 0000000c 0000000000000000 
1287 .text.dv_hp1  0000009a 0000000000000000 TEXT DATA 
1288 .rela.text.dv_hp1 0000000c 0000000000000000 
1289 .text.dv_metal_run 00000076 0000000000000000 TEXT DATA 
1290 .text.dv_metal_mix 0000002e 0000000000000000 TEXT DATA 
1291 .text.dv_kick_run 00000254 0000000000000000 TEXT DATA 
1292 .rela.text.dv_kick_run 00000024 0000000000000000 
1293 .text.dv_snare_run 00000244 0000000000000000 TEXT DATA 
1294 .rela.text.dv_snare_run 00000018 0000000000000000 
1295 .text.dv_clap_run 0000014e 0000000000000000 TEXT DATA 
1296 .text.dv_hat_run 0000012e 0000000000000000 TEXT DATA 
1297 .text.dv_tom_run 00000126 0000000000000000 TEXT DATA 
1298 .rela.text.dv_tom_run 00000018 0000000000000000 
1299 .text.dv_rim_run 000000dc 0000000000000000 TEXT DATA 
1300 .rela.text.dv_rim_run 00000018 0000000000000000 
1301 .text.dv_bell_run 000000fa 0000000000000000 TEXT DATA 
1302 .text.dv_cym_run 0000011a 0000000000000000 TEXT DATA 
1303 .text.dv_out  00000078 0000000000000000 TEXT DATA 
1304 .rela.text.dv_out 0000000c 0000000000000000 
1305 .text.drum_render 00001ae4 0000000000000000 TEXT DATA 
1306 .rela.text.drum_render 000003d8 0000000000000000 
1307 .text.drum_amp 00000036 0000000000000000 TEXT DATA 
1308 .rela.text.drum_amp 0000000c 0000000000000000 
1309 .text.drum_keys 00000024 0000000000000000 TEXT DATA 
1310 .rela.text.drum_keys 0000000c 0000000000000000 
1311 .text.noise_note_on 00000040 0000000000000000 TEXT DATA 
1312 .text.noise_inc 00000062 0000000000000000 TEXT DATA 
1313 .rela.text.noise_inc 0000000c 0000000000000000 
1314 .text.noise_render 00000610 0000000000000000 TEXT DATA 
1315 .rela.text.noise_render 00000048 0000000000000000 
1316 .text.noise_desc 00000032 0000000000000000 TEXT DATA 
1317 .rela.text.noise_desc 00000024 0000000000000000 
1318 .text.fm6_sync 0000028a 0000000000000000 TEXT DATA 
1319 .rela.text.fm6_sync 00000060 0000000000000000 
1320 .text.fm6_env_advance 000000aa 0000000000000000 TEXT DATA 
1321 .rela.text.fm6_env_advance 00000018 0000000000000000 
1322 .text.fm6_penv_advance 00000054 0000000000000000 TEXT DATA 
1323 .rela.text.fm6_penv_advance 00000018 0000000000000000 
1324 .text.fm6_note_on 000002fc 0000000000000000 TEXT DATA 
1325 .rela.text.fm6_note_on 000000a8 0000000000000000 
1326 .text.fm6_op_fb 0000008c 0000000000000000 TEXT DATA 
1327 .rela.text.fm6_op_fb 0000000c 0000000000000000 
1328 .text.fm6_op_run 0000013e 0000000000000000 TEXT DATA 
1329 .rela.text.fm6_op_run 0000000c 0000000000000000 
1330 .text.fm6_render 00000664 0000000000000000 TEXT DATA 
1331 .rela.text.fm6_render 000000fc 0000000000000000 
1332 .text.fm6_block 000000fa 0000000000000000 TEXT DATA 
1333 .rela.text.fm6_block 0000003c 0000000000000000 
1334 .text.fm6_done 00000114 0000000000000000 TEXT DATA 
1335 .rela.text.fm6_done 0000003c 0000000000000000 
1336 .text.slice_note_on 00000152 0000000000000000 TEXT DATA 
1337 .rela.text.slice_note_on 0000003c 0000000000000000 
1338 .text.slc_rev 0000026a 0000000000000000 TEXT DATA 
1339 .rela.text.slc_rev 00000048 0000000000000000 
1340 .text.slc_loop_fwd 00000046 0000000000000000 TEXT DATA 
1341 .rela.text.slc_loop_fwd 0000000c 0000000000000000 
1342 .text.slice_render 0000046e 0000000000000000 TEXT DATA 
1343 .rela.text.slice_render 000000a8 0000000000000000 
1344 .text.slice_amp 00000060 0000000000000000 TEXT DATA 
1345 .rela.text.slice_amp 0000000c 0000000000000000 
1346 .text.slice_keys 0000002c 0000000000000000 TEXT DATA 
1347 .rela.text.slice_keys 0000000c 0000000000000000 
1348 .bss          00020544 0000000000000000 BSS
1349 .noinit       000039cc 0000000000000000 DATA 
1350 .rodata       00037204 0000000000000000 DATA 
1351 .rela.rodata  00004638 0000000000000000 
1352 .rodata.str1.1 000021df 0000000000000000 DATA 
1353 .rodata.cst4  00000018 0000000000000000 DATA 
1354 .rodata.cst8  00000048 0000000000000000 DATA 
1355 .data         00000134 0000000000000000 DATA 
1356 .pool         0006e1d0 0000000000000000 DATA 
1357 .rodata.cst16 00000070 0000000000000000 DATA 
1358 .rodata.cst32 000000c0 0000000000000000 DATA 
1359 .symtab       0000a970 0000000000000000 
